ARM Linker, 4.1 [Build 894] [Evaluation]

==============================================================================

Small function inlining results

Inlined total of 0 calls.

==============================================================================

Section Cross References

    system_m451series.o(i.SystemCoreClockUpdate) refers to system_m451series.o(.data) for .data
    startup_m451series.o(RESET) refers to startup_m451series.o(STACK) for __initial_sp
    startup_m451series.o(RESET) refers to startup_m451series.o(.text) for Reset_Handler
    startup_m451series.o(RESET) refers to retarget.o(.emb_text) for HardFault_Handler
    startup_m451series.o(RESET) refers to nuedu-basic01_irda_nec.o(i.PWM0P2_IRQHandler) for PWM0P2_IRQHandler
    startup_m451series.o(RESET) refers to nuedu-basic01_eeprom.o(i.I2C1_IRQHandler) for I2C1_IRQHandler
    startup_m451series.o(.text) refers to system_m451series.o(i.SystemInit) for SystemInit
    startup_m451series.o(.text) refers to entry.o(.ARM.Collect$$$$00000000) for __main
    main.o(i.IrDA_Code_Exe) refers to nuedu-basic01_buzzer.o(i.Write_Buzzer) for Write_Buzzer
    main.o(i.IrDA_Code_Exe) refers to main.o(.data) for .data
    main.o(i.SYS_Init) refers to clk.o(i.CLK_EnableXtalRC) for CLK_EnableXtalRC
    main.o(i.SYS_Init) refers to clk.o(i.CLK_WaitClockReady) for CLK_WaitClockReady
    main.o(i.SYS_Init) refers to clk.o(i.CLK_SetHCLK) for CLK_SetHCLK
    main.o(i.SYS_Init) refers to clk.o(i.CLK_SetCoreClock) for CLK_SetCoreClock
    main.o(i.SYS_Init) refers to clk.o(i.CLK_EnableModuleClock) for CLK_EnableModuleClock
    main.o(i.SYS_Init) refers to clk.o(i.CLK_SetModuleClock) for CLK_SetModuleClock
    main.o(i.UART0_Init) refers to sys.o(i.SYS_ResetModule) for SYS_ResetModule
    main.o(i.UART0_Init) refers to uart.o(i.UART_Open) for UART_Open
    main.o(i.main) refers to main.o(i.SYS_Init) for SYS_Init
    main.o(i.main) refers to main.o(i.UART0_Init) for UART0_Init
    main.o(i.main) refers to printf8.o(i.__0printf$8) for __2printf
    main.o(i.main) refers to nuedu-basic01_7_segment.o(i.Open_Seven_Segment) for Open_Seven_Segment
    main.o(i.main) refers to nuedu-basic01_button.o(i.Initial_Key_Input) for Initial_Key_Input
    main.o(i.main) refers to nuedu-basic01_rgbled.o(i.Initial_PWM_LED) for Initial_PWM_LED
    main.o(i.main) refers to nuedu-basic01_led.o(i.Initial_LED) for Initial_LED
    main.o(i.main) refers to nuedu-basic01_eeprom.o(i.I2C_EEPROM_Init) for I2C_EEPROM_Init
    main.o(i.main) refers to nuedu-basic01_adc_knob.o(i.Open_ADC_Knob) for Open_ADC_Knob
    main.o(i.main) refers to nuedu-basic01_buzzer.o(i.Open_Buzzer) for Open_Buzzer
    main.o(i.main) refers to nuedu-basic01_spi_flash.o(i.Open_SPI_Flash) for Open_SPI_Flash
    main.o(i.main) refers to nuedu-basic01_irda_nec.o(i.IrDA_NEC_TxRx_Init) for IrDA_NEC_TxRx_Init
    main.o(i.main) refers to nuedu-basic01_spi_flash.o(i.SpiFlash_ReadMidDid) for SpiFlash_ReadMidDid
    main.o(i.main) refers to nuedu-basic01_eeprom.o(i.I2C_EEPROM_Write) for I2C_EEPROM_Write
    main.o(i.main) refers to nuedu-basic01_eeprom.o(i.I2C_EEPROM_Read) for I2C_EEPROM_Read
    main.o(i.main) refers to nuedu-basic01_led.o(i.Write_LED_Bar) for Write_LED_Bar
    main.o(i.main) refers to nuedu-basic01_7_segment.o(i.Show_Seven_Segment) for Show_Seven_Segment
    main.o(i.main) refers to nuedu-basic01_adc_knob.o(i.Get_ADC_Knob) for Get_ADC_Knob
    main.o(i.main) refers to nuedu-basic01_rgbled.o(i.PWM_LED) for PWM_LED
    main.o(i.main) refers to nuedu-basic01_button.o(i.Get_Key_Input) for Get_Key_Input
    main.o(i.main) refers to nuedu-basic01_buzzer.o(i.Write_Buzzer) for Write_Buzzer
    main.o(i.main) refers to nuedu-basic01_irda_nec.o(i.SendNEC) for SendNEC
    main.o(i.main) refers to system_m451series.o(.data) for CyclesPerUs
    main.o(i.main) refers to main.o(.data) for .data
    spi.o(i.I2S_EnableMCLK) refers to spi.o(i.I2S_GetSourceClockFreq) for I2S_GetSourceClockFreq
    spi.o(i.I2S_GetSourceClockFreq) refers to clk.o(i.CLK_GetHCLKFreq) for CLK_GetHCLKFreq
    spi.o(i.I2S_GetSourceClockFreq) refers to spi.o(i.CLK_GetPLLClockFreq) for CLK_GetPLLClockFreq
    spi.o(i.I2S_Open) refers to clk.o(i.CLK_GetHCLKFreq) for CLK_GetHCLKFreq
    spi.o(i.I2S_Open) refers to spi.o(i.I2S_GetSourceClockFreq) for I2S_GetSourceClockFreq
    spi.o(i.SPI_GetBusClock) refers to clk.o(i.CLK_GetHCLKFreq) for CLK_GetHCLKFreq
    spi.o(i.SPI_GetBusClock) refers to spi.o(i.CLK_GetPLLClockFreq) for CLK_GetPLLClockFreq
    spi.o(i.SPI_Open) refers to clk.o(i.CLK_GetHCLKFreq) for CLK_GetHCLKFreq
    spi.o(i.SPI_Open) refers to spi.o(i.CLK_GetPLLClockFreq) for CLK_GetPLLClockFreq
    spi.o(i.SPI_SetBusClock) refers to clk.o(i.CLK_GetHCLKFreq) for CLK_GetHCLKFreq
    spi.o(i.SPI_SetBusClock) refers to spi.o(i.CLK_GetPLLClockFreq) for CLK_GetPLLClockFreq
    i2c.o(i.I2C_GetBusClockFreq) refers to system_m451series.o(.data) for SystemCoreClock
    i2c.o(i.I2C_Open) refers to system_m451series.o(.data) for SystemCoreClock
[...]
    nuedu-basic01_eeprom.o(i.I2C_MasterRx) refers to nuedu-basic01_eeprom.o(.data) for .data
    nuedu-basic01_eeprom.o(i.I2C_MasterTx) refers to printf8.o(i.__0printf$8) for __2printf
    nuedu-basic01_eeprom.o(i.I2C_MasterTx) refers to nuedu-basic01_eeprom.o(i.I2C_STOP) for I2C_STOP
    nuedu-basic01_eeprom.o(i.I2C_MasterTx) refers to nuedu-basic01_eeprom.o(.data) for .data
    nuedu-basic01_irda_nec.o(i.CLK_SysTickDelay) refers to system_m451series.o(.data) for CyclesPerUs
    nuedu-basic01_irda_nec.o(i.IrDA_NEC_TxRx_Init) refers to clk.o(i.CLK_EnableModuleClock) for CLK_EnableModuleClock
    nuedu-basic01_irda_nec.o(i.IrDA_NEC_TxRx_Init) refers to clk.o(i.CLK_SetModuleClock) for CLK_SetModuleClock
    nuedu-basic01_irda_nec.o(i.IrDA_NEC_TxRx_Init) refers to sys.o(i.SYS_ResetModule) for SYS_ResetModule
    nuedu-basic01_irda_nec.o(i.IrDA_NEC_TxRx_Init) refers to pwm.o(i.PWM_ConfigOutputChannel) for PWM_ConfigOutputChannel
    nuedu-basic01_irda_nec.o(i.IrDA_NEC_TxRx_Init) refers to pwm.o(i.PWM_Start) for PWM_Start
    nuedu-basic01_irda_nec.o(i.IrDA_NEC_TxRx_Init) refers to pwm.o(i.PWM_ConfigCaptureChannel) for PWM_ConfigCaptureChannel
    nuedu-basic01_irda_nec.o(i.IrDA_NEC_TxRx_Init) refers to pwm.o(i.PWM_EnableCaptureInt) for PWM_EnableCaptureInt
    nuedu-basic01_irda_nec.o(i.IrDA_NEC_TxRx_Init) refers to pwm.o(i.PWM_EnableCapture) for PWM_EnableCapture
    nuedu-basic01_irda_nec.o(i.IrDa_NEC_Rx) refers to dfltui.o(.text) for __aeabi_ui2d
    nuedu-basic01_irda_nec.o(i.IrDa_NEC_Rx) refers to cdrcmple.o(.text) for __aeabi_cdrcmple
    nuedu-basic01_irda_nec.o(i.IrDa_NEC_Rx) refers to cdcmple.o(.text) for __aeabi_cdcmple
    nuedu-basic01_irda_nec.o(i.IrDa_NEC_Rx) refers to main.o(i.IrDA_Code_Exe) for IrDA_Code_Exe
    nuedu-basic01_irda_nec.o(i.IrDa_NEC_Rx) refers to printf8.o(i.__0printf$8) for __2printf
    nuedu-basic01_irda_nec.o(i.IrDa_NEC_Rx) refers to nuedu-basic01_irda_nec.o(.data) for .data
    nuedu-basic01_irda_nec.o(i.Mark) refers to pwm.o(i.PWM_EnableOutput) for PWM_EnableOutput
    nuedu-basic01_irda_nec.o(i.Mark) refers to nuedu-basic01_irda_nec.o(i.CLK_SysTickDelay) for CLK_SysTickDelay
    nuedu-basic01_irda_nec.o(i.Mark) refers to pwm.o(i.PWM_DisableOutput) for PWM_DisableOutput
    nuedu-basic01_irda_nec.o(i.PWM0P2_IRQHandler) refers to pwm.o(i.PWM_ClearCaptureIntFlag) for PWM_ClearCaptureIntFlag
    nuedu-basic01_irda_nec.o(i.PWM0P2_IRQHandler) refers to nuedu-basic01_irda_nec.o(i.IrDa_NEC_Rx) for IrDa_NEC_Rx
    nuedu-basic01_irda_nec.o(i.SPACE) refers to nuedu-basic01_irda_nec.o(i.CLK_SysTickDelay) for CLK_SysTickDelay
    nuedu-basic01_irda_nec.o(i.SendNEC) refers to nuedu-basic01_irda_nec.o(i.Mark) for Mark
    nuedu-basic01_irda_nec.o(i.SendNEC) refers to nuedu-basic01_irda_nec.o(i.SPACE) for SPACE
    entry.o(.ARM.Collect$$$$00000000) refers (Special) to entry7b.o(.ARM.Collect$$$$00000008) for _main_clock
    entry.o(.ARM.Collect$$$$00000000) refers (Special) to entry8.o(.ARM.Collect$$$$00000009) for _main_init
    entry.o(.ARM.Collect$$$$00000000) refers (Special) to entry5.o(.ARM.Collect$$$$00000004) for _main_scatterload
    entry.o(.ARM.Collect$$$$00000000) refers (Special) to entry2.o(.ARM.Collect$$$$00000001) for _main_stk
    printfb.o(i.__0fprintf$bare) refers to printfb.o(i._printf_core) for _printf_core
    printfb.o(i.__0fprintf$bare) refers to retarget.o(i.fputc) for fputc
    printfb.o(i.__0printf$bare) refers to printfb.o(i._printf_core) for _printf_core
    printfb.o(i.__0printf$bare) refers to retarget.o(i.fputc) for fputc
    printfb.o(i.__0printf$bare) refers to retarget.o(.data) for __stdout
    printfb.o(i.__0snprintf$bare) refers to printfb.o(i._printf_core) for _printf_core
    printfb.o(i.__0snprintf$bare) refers to printfb.o(i._snputc) for _snputc
    printfb.o(i.__0sprintf$bare) refers to printfb.o(i._printf_core) for _printf_core
    printfb.o(i.__0sprintf$bare) refers to printfb.o(i._sputc) for _sputc
    printfb.o(i.__0vfprintf$bare) refers to printfb.o(i._printf_core) for _printf_core
    printfb.o(i.__0vfprintf$bare) refers to retarget.o(i.fputc) for fputc
    printfb.o(i.__0vprintf$bare) refers to printfb.o(i._printf_core) for _printf_core
    printfb.o(i.__0vprintf$bare) refers to retarget.o(i.fputc) for fputc
    printfb.o(i.__0vprintf$bare) refers to retarget.o(.data) for __stdout
    printfb.o(i.__0vsnprintf$bare) refers to printfb.o(i._printf_core) for _printf_core
    printfb.o(i.__0vsnprintf$bare) refers to printfb.o(i._snputc) for _snputc
    printfb.o(i.__0vsprintf$bare) refers to printfb.o(i._printf_core) for _printf_core
    printfb.o(i.__0vsprintf$bare) refers to printfb.o(i._sputc) for _sputc
    printf0.o(i.__0fprintf$0) refers to printf0.o(i._printf_core) for _printf_core
    printf0.o(i.__0fprintf$0) refers to retarget.o(i.fputc) for fputc
    printf0.o(i.__0printf$0) refers to printf0.o(i._printf_core) for _printf_core
    printf0.o(i.__0printf$0) refers to retarget.o(i.fputc) for fputc
    printf0.o(i.__0printf$0) refers to retarget.o(.data) for __stdout
    printf0.o(i.__0snprintf$0) refers to printf0.o(i._printf_core) for _printf_core
    printf0.o(i.__0snprintf$0) refers to printf0.o(i._snputc) for _snputc
    printf0.o(i.__0sprintf$0) refers to printf0.o(i._printf_core) for _printf_core
    printf0.o(i.__0sprintf$0) refers to printf0.o(i._sputc) for _sputc
    printf0.o(i.__0vfprintf$0) refers to printf0.o(i._printf_core) for _printf_core
    printf0.o(i.__0vfprintf$0) refers to retarget.o(i.fputc) for fputc
    printf0.o(i.__0vprintf$0) refers to printf0.o(i._printf_core) for _printf_core
    printf0.o(i.__0vprintf$0) refers to retarget.o(i.fputc) for fputc
    printf0.o(i.__0vprintf$0) refers to retarget.o(.data) for __stdout
    printf0.o(i.__0vsnprintf$0) refers to printf0.o(i._printf_core) for _printf_core
    printf0.o(i.__0vsnprintf$0) refers to printf0.o(i._snputc) for _snputc
    printf0.o(i.__0vsprintf$0) refers to printf0.o(i._printf_core) for _printf_core
    printf0.o(i.__0vsprintf$0) refers to printf0.o(i._sputc) for _sputc
    printf1.o(i.__0fprintf$1) refers to printf1.o(i._printf_core) for _printf_core
    printf1.o(i.__0fprintf$1) refers to retarget.o(i.fputc) for fputc
    printf1.o(i.__0printf$1) refers to printf1.o(i._printf_core) for _printf_core
    printf1.o(i.__0printf$1) refers to retarget.o(i.fputc) for fputc
    printf1.o(i.__0printf$1) refers to retarget.o(.data) for __stdout
    printf1.o(i.__0snprintf$1) refers to printf1.o(i._printf_core) for _printf_core
    printf1.o(i.__0snprintf$1) refers to printf1.o(i._snputc) for _snputc
    printf1.o(i.__0sprintf$1) refers to printf1.o(i._printf_core) for _printf_core
    printf1.o(i.__0sprintf$1) refers to printf1.o(i._sputc) for _sputc
    printf1.o(i.__0vfprintf$1) refers to printf1.o(i._printf_core) for _printf_core
    printf1.o(i.__0vfprintf$1) refers to retarget.o(i.fputc) for fputc
    printf1.o(i.__0vprintf$1) refers to printf1.o(i._printf_core) for _printf_core
    printf1.o(i.__0vprintf$1) refers to retarget.o(i.fputc) for fputc
    printf1.o(i.__0vprintf$1) refers to retarget.o(.data) for __stdout
    printf1.o(i.__0vsnprintf$1) refers to printf1.o(i._printf_core) for _printf_core
    printf1.o(i.__0vsnprintf$1) refers to printf1.o(i._snputc) for _snputc
    printf1.o(i.__0vsprintf$1) refers to printf1.o(i._printf_core) for _printf_core
    printf1.o(i.__0vsprintf$1) refers to printf1.o(i._sputc) for _sputc
    printf1.o(i._printf_core) refers to uidiv.o(.text) for __aeabi_uidivmod
    printf2.o(i.__0fprintf$2) refers to printf2.o(i._printf_core) for _printf_core
    printf2.o(i.__0fprintf$2) refers to retarget.o(i.fputc) for fputc
    printf2.o(i.__0printf$2) refers to printf2.o(i._printf_core) for _printf_core
    printf2.o(i.__0printf$2) refers to retarget.o(i.fputc) for fputc
    printf2.o(i.__0printf$2) refers to retarget.o(.data) for __stdout
    printf2.o(i.__0snprintf$2) refers to printf2.o(i._printf_core) for _printf_core
    printf2.o(i.__0snprintf$2) refers to printf2.o(i._snputc) for _snputc
    printf2.o(i.__0sprintf$2) refers to printf2.o(i._printf_core) for _printf_core
    printf2.o(i.__0sprintf$2) refers to printf2.o(i._sputc) for _sputc
    printf2.o(i.__0vfprintf$2) refers to printf2.o(i._printf_core) for _printf_core
    printf2.o(i.__0vfprintf$2) refers to retarget.o(i.fputc) for fputc
    printf2.o(i.__0vprintf$2) refers to printf2.o(i._printf_core) for _printf_core
    printf2.o(i.__0vprintf$2) refers to retarget.o(i.fputc) for fputc
    printf2.o(i.__0vprintf$2) refers to retarget.o(.data) for __stdout
    printf2.o(i.__0vsnprintf$2) refers to printf2.o(i._printf_core) for _printf_core
    printf2.o(i.__0vsnprintf$2) refers to printf2.o(i._snputc) for _snputc
    printf2.o(i.__0vsprintf$2) refers to printf2.o(i._printf_core) for _printf_core
    printf2.o(i.__0vsprintf$2) refers to printf2.o(i._sputc) for _sputc
    printf3.o(i.__0fprintf$3) refers to printf3.o(i._printf_core) for _printf_core
    printf3.o(i.__0fprintf$3) refers to retarget.o(i.fputc) for fputc
    printf3.o(i.__0printf$3) refers to printf3.o(i._printf_core) for _printf_core
    printf3.o(i.__0printf$3) refers to retarget.o(i.fputc) for fputc
    printf3.o(i.__0printf$3) refers to retarget.o(.data) for __stdout
    printf3.o(i.__0snprintf$3) refers to printf3.o(i._printf_core) for _printf_core
    printf3.o(i.__0snprintf$3) refers to printf3.o(i._snputc) for _snputc
    printf3.o(i.__0sprintf$3) refers to printf3.o(i._printf_core) for _printf_core
    printf3.o(i.__0sprintf$3) refers to printf3.o(i._sputc) for _sputc
    printf3.o(i.__0vfprintf$3) refers to printf3.o(i._printf_core) for _printf_core
    printf3.o(i.__0vfprintf$3) refers to retarget.o(i.fputc) for fputc
    printf3.o(i.__0vprintf$3) refers to printf3.o(i._printf_core) for _printf_core
    printf3.o(i.__0vprintf$3) refers to retarget.o(i.fputc) for fputc
    printf3.o(i.__0vprintf$3) refers to retarget.o(.data) for __stdout
    printf3.o(i.__0vsnprintf$3) refers to printf3.o(i._printf_core) for _printf_core
    printf3.o(i.__0vsnprintf$3) refers to printf3.o(i._snputc) for _snputc
    printf3.o(i.__0vsprintf$3) refers to printf3.o(i._printf_core) for _printf_core
    printf3.o(i.__0vsprintf$3) refers to printf3.o(i._sputc) for _sputc
    printf3.o(i._printf_core) refers to uidiv.o(.text) for __aeabi_uidivmod
    printf4.o(i.__0fprintf$4) refers to printf4.o(i._printf_core) for _printf_core
    printf4.o(i.__0fprintf$4) refers to retarget.o(i.fputc) for fputc
    printf4.o(i.__0printf$4) refers to printf4.o(i._printf_core) for _printf_core
    printf4.o(i.__0printf$4) refers to retarget.o(i.fputc) for fputc
    printf4.o(i.__0printf$4) refers to retarget.o(.data) for __stdout
    printf4.o(i.__0snprintf$4) refers to printf4.o(i._printf_core) for _printf_core
    printf4.o(i.__0snprintf$4) refers to printf4.o(i._snputc) for _snputc
    printf4.o(i.__0sprintf$4) refers to printf4.o(i._printf_core) for _printf_core
    printf4.o(i.__0sprintf$4) refers to printf4.o(i._sputc) for _sputc
    printf4.o(i.__0vfprintf$4) refers to printf4.o(i._printf_core) for _printf_core
    printf4.o(i.__0vfprintf$4) refers to retarget.o(i.fputc) for fputc
    printf4.o(i.__0vprintf$4) refers to printf4.o(i._printf_core) for _printf_core
    printf4.o(i.__0vprintf$4) refers to retarget.o(i.fputc) for fputc
    printf4.o(i.__0vprintf$4) refers to retarget.o(.data) for __stdout
    printf4.o(i.__0vsnprintf$4) refers to printf4.o(i._printf_core) for _printf_core
    printf4.o(i.__0vsnprintf$4) refers to printf4.o(i._snputc) for _snputc
    printf4.o(i.__0vsprintf$4) refers to printf4.o(i._printf_core) for _printf_core
    printf4.o(i.__0vsprintf$4) refers to printf4.o(i._sputc) for _sputc
    printf4.o(i._printf_core) refers to uldiv.o(.text) for __aeabi_uldivmod
    printf5.o(i.__0fprintf$5) refers to printf5.o(i._printf_core) for _printf_core
    printf5.o(i.__0fprintf$5) refers to retarget.o(i.fputc) for fputc
    printf5.o(i.__0printf$5) refers to printf5.o(i._printf_core) for _printf_core
    printf5.o(i.__0printf$5) refers to retarget.o(i.fputc) for fputc
    printf5.o(i.__0printf$5) refers to retarget.o(.data) for __stdout
    printf5.o(i.__0snprintf$5) refers to printf5.o(i._printf_core) for _printf_core
    printf5.o(i.__0snprintf$5) refers to printf5.o(i._snputc) for _snputc
    printf5.o(i.__0sprintf$5) refers to printf5.o(i._printf_core) for _printf_core
    printf5.o(i.__0sprintf$5) refers to printf5.o(i._sputc) for _sputc
    printf5.o(i.__0vfprintf$5) refers to printf5.o(i._printf_core) for _printf_core
    printf5.o(i.__0vfprintf$5) refers to retarget.o(i.fputc) for fputc
    printf5.o(i.__0vprintf$5) refers to printf5.o(i._printf_core) for _printf_core
    printf5.o(i.__0vprintf$5) refers to retarget.o(i.fputc) for fputc
    printf5.o(i.__0vprintf$5) refers to retarget.o(.data) for __stdout
    printf5.o(i.__0vsnprintf$5) refers to printf5.o(i._printf_core) for _printf_core
    printf5.o(i.__0vsnprintf$5) refers to printf5.o(i._snputc) for _snputc
    printf5.o(i.__0vsprintf$5) refers to printf5.o(i._printf_core) for _printf_core
    printf5.o(i.__0vsprintf$5) refers to printf5.o(i._sputc) for _sputc
    printf5.o(i._printf_core) refers to uldiv.o(.text) for __aeabi_uldivmod
    printf6.o(i.__0fprintf$6) refers to printf6.o(i._printf_core) for _printf_core
    printf6.o(i.__0fprintf$6) refers to retarget.o(i.fputc) for fputc
    printf6.o(i.__0printf$6) refers to printf6.o(i._printf_core) for _printf_core
    printf6.o(i.__0printf$6) refers to retarget.o(i.fputc) for fputc
    printf6.o(i.__0printf$6) refers to retarget.o(.data) for __stdout
    printf6.o(i.__0snprintf$6) refers to printf6.o(i._printf_core) for _printf_core
    printf6.o(i.__0snprintf$6) refers to printf6.o(i._snputc) for _snputc
    printf6.o(i.__0sprintf$6) refers to printf6.o(i._printf_core) for _printf_core
    printf6.o(i.__0sprintf$6) refers to printf6.o(i._sputc) for _sputc
    printf6.o(i.__0vfprintf$6) refers to printf6.o(i._printf_core) for _printf_core
    printf6.o(i.__0vfprintf$6) refers to retarget.o(i.fputc) for fputc
    printf6.o(i.__0vprintf$6) refers to printf6.o(i._printf_core) for _printf_core
    printf6.o(i.__0vprintf$6) refers to retarget.o(i.fputc) for fputc
    printf6.o(i.__0vprintf$6) refers to retarget.o(.data) for __stdout
    printf6.o(i.__0vsnprintf$6) refers to printf6.o(i._printf_core) for _printf_core
    printf6.o(i.__0vsnprintf$6) refers to printf6.o(i._snputc) for _snputc
    printf6.o(i.__0vsprintf$6) refers to printf6.o(i._printf_core) for _printf_core
    printf6.o(i.__0vsprintf$6) refers to printf6.o(i._sputc) for _sputc
    printf6.o(i._printf_core) refers to printf6.o(i._printf_pre_padding) for _printf_pre_padding
    printf6.o(i._printf_core) refers to uidiv.o(.text) for __aeabi_uidivmod
    printf6.o(i._printf_core) refers to printf6.o(i._printf_post_padding) for _printf_post_padding
    printf7.o(i.__0fprintf$7) refers to printf7.o(i._printf_core) for _printf_core
    printf7.o(i.__0fprintf$7) refers to retarget.o(i.fputc) for fputc
    printf7.o(i.__0printf$7) refers to printf7.o(i._printf_core) for _printf_core
    printf7.o(i.__0printf$7) refers to retarget.o(i.fputc) for fputc
    printf7.o(i.__0printf$7) refers to retarget.o(.data) for __stdout
    printf7.o(i.__0snprintf$7) refers to printf7.o(i._printf_core) for _printf_core
    printf7.o(i.__0snprintf$7) refers to printf7.o(i._snputc) for _snputc
    printf7.o(i.__0sprintf$7) refers to printf7.o(i._printf_core) for _printf_core
    printf7.o(i.__0sprintf$7) refers to printf7.o(i._sputc) for _sputc
    printf7.o(i.__0vfprintf$7) refers to printf7.o(i._printf_core) for _printf_core
    printf7.o(i.__0vfprintf$7) refers to retarget.o(i.fputc) for fputc
    printf7.o(i.__0vprintf$7) refers to printf7.o(i._printf_core) for _printf_core
    printf7.o(i.__0vprintf$7) refers to retarget.o(i.fputc) for fputc
    printf7.o(i.__0vprintf$7) refers to retarget.o(.data) for __stdout
    printf7.o(i.__0vsnprintf$7) refers to printf7.o(i._printf_core) for _printf_core
    printf7.o(i.__0vsnprintf$7) refers to printf7.o(i._snputc) for _snputc
    printf7.o(i.__0vsprintf$7) refers to printf7.o(i._printf_core) for _printf_core
    printf7.o(i.__0vsprintf$7) refers to printf7.o(i._sputc) for _sputc
    printf7.o(i._printf_core) refers to printf7.o(i._printf_pre_padding) for _printf_pre_padding
    printf7.o(i._printf_core) refers to uldiv.o(.text) for __aeabi_uldivmod
    printf7.o(i._printf_core) refers to printf7.o(i._printf_post_padding) for _printf_post_padding
    printf8.o(i.__0fprintf$8) refers to printf8.o(i._printf_core) for _printf_core
    printf8.o(i.__0fprintf$8) refers to retarget.o(i.fputc) for fputc
    printf8.o(i.__0printf$8) refers to printf8.o(i._printf_core) for _printf_core
    printf8.o(i.__0printf$8) refers to retarget.o(i.fputc) for fputc
    printf8.o(i.__0printf$8) refers to retarget.o(.data) for __stdout
    printf8.o(i.__0snprintf$8) refers to printf8.o(i._printf_core) for _printf_core
    printf8.o(i.__0snprintf$8) refers to printf8.o(i._snputc) for _snputc
    printf8.o(i.__0sprintf$8) refers to printf8.o(i._printf_core) for _printf_core
    printf8.o(i.__0sprintf$8) refers to printf8.o(i._sputc) for _sputc
    printf8.o(i.__0vfprintf$8) refers to printf8.o(i._printf_core) for _printf_core
    printf8.o(i.__0vfprintf$8) refers to retarget.o(i.fputc) for fputc
    printf8.o(i.__0vprintf$8) refers to printf8.o(i._printf_core) for _printf_core
    printf8.o(i.__0vprintf$8) refers to retarget.o(i.fputc) for fputc
    printf8.o(i.__0vprintf$8) refers to retarget.o(.data) for __stdout
    printf8.o(i.__0vsnprintf$8) refers to printf8.o(i._printf_core) for _printf_core
    printf8.o(i.__0vsnprintf$8) refers to printf8.o(i._snputc) for _snputc
    printf8.o(i.__0vsprintf$8) refers to printf8.o(i._printf_core) for _printf_core
    printf8.o(i.__0vsprintf$8) refers to printf8.o(i._sputc) for _sputc
    printf8.o(i._printf_core) refers to printf8.o(i._printf_pre_padding) for _printf_pre_padding
    printf8.o(i._printf_core) refers to uldiv.o(.text) for __aeabi_uldivmod
    printf8.o(i._printf_core) refers to printf8.o(i._printf_post_padding) for _printf_post_padding
    printfa.o(i.__0fprintf) refers (Special) to iusefp.o(.text) for __I$use$fp
    printfa.o(i.__0fprintf) refers to printfa.o(i._printf_core) for _printf_core
    printfa.o(i.__0fprintf) refers to retarget.o(i.fputc) for fputc
    printfa.o(i.__0printf) refers (Special) to iusefp.o(.text) for __I$use$fp
    printfa.o(i.__0printf) refers to printfa.o(i._printf_core) for _printf_core
    printfa.o(i.__0printf) refers to retarget.o(i.fputc) for fputc
    printfa.o(i.__0printf) refers to retarget.o(.data) for __stdout
    printfa.o(i.__0snprintf) refers (Special) to iusefp.o(.text) for __I$use$fp
    printfa.o(i.__0snprintf) refers to printfa.o(i._printf_core) for _printf_core
    printfa.o(i.__0snprintf) refers to printfa.o(i._snputc) for _snputc
    printfa.o(i.__0sprintf) refers (Special) to iusefp.o(.text) for __I$use$fp
    printfa.o(i.__0sprintf) refers to printfa.o(i._printf_core) for _printf_core
    printfa.o(i.__0sprintf) refers to printfa.o(i._sputc) for _sputc
    printfa.o(i.__0vfprintf) refers (Special) to iusefp.o(.text) for __I$use$fp
    printfa.o(i.__0vfprintf) refers to printfa.o(i._printf_core) for _printf_core
    printfa.o(i.__0vfprintf) refers to retarget.o(i.fputc) for fputc
    printfa.o(i.__0vprintf) refers (Special) to iusefp.o(.text) for __I$use$fp
    printfa.o(i.__0vprintf) refers to printfa.o(i._printf_core) for _printf_core
    printfa.o(i.__0vprintf) refers to retarget.o(i.fputc) for fputc
    printfa.o(i.__0vprintf) refers to retarget.o(.data) for __stdout
    printfa.o(i.__0vsnprintf) refers (Special) to iusefp.o(.text) for __I$use$fp
    printfa.o(i.__0vsnprintf) refers to printfa.o(i._printf_core) for _printf_core
    printfa.o(i.__0vsnprintf) refers to printfa.o(i._snputc) for _snputc
    printfa.o(i.__0vsprintf) refers (Special) to iusefp.o(.text) for __I$use$fp
    printfa.o(i.__0vsprintf) refers to printfa.o(i._printf_core) for _printf_core
    printfa.o(i.__0vsprintf) refers to printfa.o(i._sputc) for _sputc
    printfa.o(i._fp_digits) refers (Special) to iusefp.o(.text) for __I$use$fp
    printfa.o(i._fp_digits) refers to dmul.o(.text) for __aeabi_dmul
    printfa.o(i._fp_digits) refers to ddiv.o(.text) for __aeabi_ddiv
    printfa.o(i._fp_digits) refers to cdrcmple.o(.text) for __aeabi_cdrcmple
    printfa.o(i._fp_digits) refers to dadd.o(.text) for __aeabi_dadd
    printfa.o(i._fp_digits) refers to dfixul.o(.text) for __aeabi_d2ulz
    printfa.o(i._fp_digits) refers to uldiv.o(.text) for __aeabi_uldivmod
    printfa.o(i._printf_core) refers (Special) to iusefp.o(.text) for __I$use$fp
    printfa.o(i._printf_core) refers to printfa.o(i._printf_pre_padding) for _printf_pre_padding
    printfa.o(i._printf_core) refers to uldiv.o(.text) for __aeabi_uldivmod
    printfa.o(i._printf_core) refers to printfa.o(i._printf_post_padding) for _printf_post_padding
    printfa.o(i._printf_core) refers to printfa.o(i._fp_digits) for _fp_digits
    printfa.o(i._printf_core) refers to uidiv.o(.text) for __aeabi_uidivmod
    printfa.o(i._printf_post_padding) refers (Special) to iusefp.o(.text) for __I$use$fp
    printfa.o(i._printf_pre_padding) refers (Special) to iusefp.o(.text) for __I$use$fp
    printfa.o(i._snputc) refers (Special) to iusefp.o(.text) for __I$use$fp
    printfa.o(i._sputc) refers (Special) to iusefp.o(.text) for __I$use$fp
    dfltui.o(.text) refers (Special) to iusefp.o(.text) for __I$use$fp
    dfltui.o(.text) refers to depilogue.o(.text) for _double_epilogue
    cdcmple.o(.text) refers (Special) to iusefp.o(.text) for __I$use$fp
    cdrcmple.o(.text) refers (Special) to iusefp.o(.text) for __I$use$fp
    entry2.o(.ARM.Collect$$$$00000001) refers to entry2.o(.ARM.Collect$$$$00002712) for __lit__00000000
    entry2.o(.ARM.Collect$$$$00002712) refers to startup_m451series.o(STACK) for __initial_sp
    entry2.o(__vectab_stack_and_reset_area) refers to startup_m451series.o(STACK) for __initial_sp
    entry2.o(__vectab_stack_and_reset_area) refers to entry.o(.ARM.Collect$$$$00000000) for __main
    entry5.o(.ARM.Collect$$$$00000004) refers to init.o(.text) for __scatterload
    entry8.o(.ARM.Collect$$$$00000009) refers to main.o(i.main) for main
    uldiv.o(.text) refers to llushr.o(.text) for __aeabi_llsr
    uldiv.o(.text) refers to llshl.o(.text) for __aeabi_llsl
    depilogue.o(.text) refers to llshl.o(.text) for __aeabi_llsl
    depilogue.o(.text) refers to llushr.o(.text) for __aeabi_llsr
    dadd.o(.text) refers to llshl.o(.text) for __aeabi_llsl
    dadd.o(.text) refers to llsshr.o(.text) for __aeabi_lasr
    dadd.o(.text) refers to depilogue.o(.text) for _double_epilogue
    dmul.o(.text) refers to depilogue.o(.text) for _double_epilogue
    ddiv.o(.text) refers to depilogue.o(.text) for _double_round
    dfixul.o(.text) refers to llushr.o(.text) for __aeabi_llsr
    dfixul.o(.text) refers to llshl.o(.text) for __aeabi_llsl
    init.o(.text) refers to entry5.o(.ARM.Collect$$$$00000004) for __main_after_scatterload


==============================================================================

Removing Unused input sections from the image.

    Removing system_m451series.o(.rev16_text), (4 bytes).
    Removing system_m451series.o(.revsh_text), (4 bytes).
    Removing startup_m451series.o(HEAP), (0 bytes).
    Removing main.o(.rev16_text), (4 bytes).
    Removing main.o(.revsh_text), (4 bytes).
    Removing spi.o(.rev16_text), (4 bytes).
    Removing spi.o(.revsh_text), (4 bytes).
    Removing spi.o(i.I2S_Close), (10 bytes).
    Removing spi.o(i.I2S_DisableInt), (86 bytes).
    Removing spi.o(i.I2S_DisableMCLK), (10 bytes).
    Removing spi.o(i.I2S_EnableInt), (86 bytes).
    Removing spi.o(i.I2S_EnableMCLK), (64 bytes).
    Removing spi.o(i.I2S_GetSourceClockFreq), (136 bytes).
    Removing spi.o(i.I2S_Open), (232 bytes).
    Removing spi.o(i.I2S_SetFIFO), (18 bytes).
    Removing spi.o(i.SPI_ClearIntFlag), (80 bytes).
    Removing spi.o(i.SPI_ClearRxFIFO), (10 bytes).
    Removing spi.o(i.SPI_ClearTxFIFO), (10 bytes).
    Removing spi.o(i.SPI_Close), (72 bytes).
    Removing spi.o(i.SPI_DisableInt), (134 bytes).
    Removing spi.o(i.SPI_EnableAutoSS), (18 bytes).
    Removing spi.o(i.SPI_EnableInt), (134 bytes).
    Removing spi.o(i.SPI_GetBusClock), (188 bytes).
    Removing spi.o(i.SPI_GetIntFlag), (158 bytes).
    Removing spi.o(i.SPI_GetStatus), (116 bytes).
    Removing spi.o(i.SPI_SetBusClock), (308 bytes).
    Removing spi.o(i.SPI_SetFIFO), (18 bytes).
    Removing i2c.o(.rev16_text), (4 bytes).
    Removing i2c.o(.revsh_text), (4 bytes).
    Removing i2c.o(i.I2C_Close), (64 bytes).
    Removing i2c.o(i.I2C_DisableInt), (10 bytes).
    Removing i2c.o(i.I2C_DisableTimeout), (10 bytes).
    Removing i2c.o(i.I2C_DisableWakeup), (10 bytes).
    Removing i2c.o(i.I2C_EnableTimeout), (28 bytes).
    Removing i2c.o(i.I2C_EnableWakeup), (10 bytes).
    Removing i2c.o(i.I2C_GetData), (6 bytes).
    Removing i2c.o(i.I2C_GetIntFlag), (8 bytes).
    Removing i2c.o(i.I2C_GetStatus), (4 bytes).
    Removing i2c.o(i.I2C_SMBusClearInterruptFlag), (8 bytes).
    Removing i2c.o(i.I2C_SMBusClockLoTimeout), (60 bytes).
    Removing i2c.o(i.I2C_SMBusClose), (6 bytes).
    Removing i2c.o(i.I2C_SMBusGetPECValue), (6 bytes).
    Removing i2c.o(i.I2C_SMBusGetStatus), (4 bytes).
    Removing i2c.o(i.I2C_SMBusIdleTimeout), (40 bytes).
    Removing i2c.o(i.I2C_SMBusOpen), (28 bytes).
    Removing i2c.o(i.I2C_SMBusPECTxEnable), (28 bytes).
    Removing i2c.o(i.I2C_SMBusSetPacketByteCount), (4 bytes).
    Removing i2c.o(i.I2C_SMBusTimeout), (60 bytes).
    Removing i2c.o(i.I2C_SetBusClockFreq), (40 bytes).
    Removing i2c.o(i.I2C_SetData), (4 bytes).
    Removing i2c.o(i.I2C_SetSlaveAddr), (32 bytes).
    Removing i2c.o(i.I2C_SetSlaveAddrMask), (30 bytes).
    Removing i2c.o(i.I2C_Trigger), (46 bytes).
    Removing retarget.o(.rev16_text), (4 bytes).
    Removing retarget.o(.revsh_text), (4 bytes).
    Removing retarget.o(i.GetChar), (20 bytes).
    Removing retarget.o(i.IsDebugFifoEmpty), (16 bytes).
    Removing retarget.o(i.SendChar), (4 bytes).
    Removing retarget.o(i._ttywrch), (4 bytes).
    Removing retarget.o(i.ferror), (6 bytes).
    Removing retarget.o(i.fgetc), (4 bytes).
    Removing retarget.o(i.kbhit), (16 bytes).
    Removing retarget.o(.data), (4 bytes).
    Removing gpio.o(.rev16_text), (4 bytes).
    Removing gpio.o(.revsh_text), (4 bytes).
    Removing gpio.o(i.GPIO_DisableInt), (24 bytes).
    Removing gpio.o(i.GPIO_EnableInt), (26 bytes).
    Removing clk.o(.rev16_text), (4 bytes).
    Removing clk.o(.revsh_text), (4 bytes).
    Removing clk.o(i.CLK_DisableCKO), (12 bytes).
    Removing clk.o(i.CLK_DisableModuleClock), (30 bytes).
    Removing clk.o(i.CLK_DisableSysTick), (10 bytes).
    Removing clk.o(i.CLK_DisableXtalRC), (16 bytes).
    Removing clk.o(i.CLK_EnableCKO), (48 bytes).
    Removing clk.o(i.CLK_EnableSysTick), (56 bytes).
    Removing clk.o(i.CLK_GetCPUFreq), (16 bytes).
    Removing clk.o(i.CLK_GetHXTFreq), (20 bytes).
    Removing clk.o(i.CLK_GetLXTFreq), (24 bytes).
    Removing clk.o(i.CLK_GetPCLK0Freq), (32 bytes).
    Removing clk.o(i.CLK_GetPCLK1Freq), (32 bytes).
    Removing clk.o(i.CLK_Idle), (32 bytes).
    Removing clk.o(i.CLK_PowerDown), (32 bytes).
    Removing clk.o(i.CLK_SetSysTickClockSrc), (20 bytes).
    Removing sys.o(.rev16_text), (4 bytes).
    Removing sys.o(.revsh_text), (4 bytes).
    Removing sys.o(i.SYS_ClearResetSrc), (12 bytes).
    Removing sys.o(i.SYS_DisableBOD), (14 bytes).
    Removing sys.o(i.SYS_EnableBOD), (34 bytes).
    Removing sys.o(i.SYS_GetBODStatus), (12 bytes).
    Removing sys.o(i.SYS_GetResetSrc), (8 bytes).
    Removing sys.o(i.SYS_IsRegLocked), (20 bytes).
    Removing sys.o(i.SYS_ReadPDID), (8 bytes).
    Removing sys.o(i.SYS_ResetCPU), (14 bytes).
    Removing sys.o(i.SYS_ResetChip), (14 bytes).
    Removing uart.o(.rev16_text), (4 bytes).
    Removing uart.o(.revsh_text), (4 bytes).
    Removing uart.o(i.NVIC_DisableIRQ), (24 bytes).
    Removing uart.o(i.NVIC_EnableIRQ), (24 bytes).
    Removing uart.o(i.UART_ClearIntFlag), (72 bytes).
    Removing uart.o(i.UART_Close), (6 bytes).
    Removing uart.o(i.UART_DisableFlowCtrl), (10 bytes).
    Removing uart.o(i.UART_DisableInt), (56 bytes).
    Removing uart.o(i.UART_EnableFlowCtrl), (26 bytes).
    Removing uart.o(i.UART_EnableInt), (56 bytes).
    Removing uart.o(i.UART_Read), (48 bytes).
    Removing uart.o(i.UART_SelectIrDAMode), (144 bytes).
    Removing uart.o(i.UART_SelectLINMode), (22 bytes).
    Removing uart.o(i.UART_SelectRS485Mode), (32 bytes).
    Removing uart.o(i.UART_SetLine_Config), (136 bytes).
    Removing uart.o(i.UART_SetTimeoutCnt), (20 bytes).
    Removing uart.o(i.UART_Write), (48 bytes).
    Removing eadc.o(.rev16_text), (4 bytes).
    Removing eadc.o(.revsh_text), (4 bytes).
    Removing eadc.o(i.EADC_Close), (10 bytes).
    Removing eadc.o(i.EADC_SetExtendSampleTime), (24 bytes).
    Removing eadc.o(i.EADC_SetTriggerDelayTime), (30 bytes).
    Removing pwm.o(.rev16_text), (4 bytes).
    Removing pwm.o(.revsh_text), (4 bytes).
    Removing pwm.o(i.PWM_ClearADCTriggerFlag), (12 bytes).
    Removing pwm.o(i.PWM_ClearAccInt), (14 bytes).
    Removing pwm.o(i.PWM_ClearDACTriggerFlag), (10 bytes).
    Removing pwm.o(i.PWM_ClearDutyIntFlag), (16 bytes).
    Removing pwm.o(i.PWM_ClearFTDutyIntFlag), (14 bytes).
    Removing pwm.o(i.PWM_ClearFaultBrakeIntFlag), (10 bytes).
    Removing pwm.o(i.PWM_ClearPeriodIntFlag), (12 bytes).
    Removing pwm.o(i.PWM_ClearWrapAroundFlag), (10 bytes).
    Removing pwm.o(i.PWM_ClearZeroIntFlag), (10 bytes).
    Removing pwm.o(i.PWM_ConfigSyncPhase), (52 bytes).
    Removing pwm.o(i.PWM_DisableADCTrigger), (30 bytes).
    Removing pwm.o(i.PWM_DisableAcc), (18 bytes).
    Removing pwm.o(i.PWM_DisableAccInt), (18 bytes).
    Removing pwm.o(i.PWM_DisableBrakeNoiseFilter), (16 bytes).
    Removing pwm.o(i.PWM_DisableBrakePinInverse), (16 bytes).
    Removing pwm.o(i.PWM_DisableCapture), (22 bytes).
    Removing pwm.o(i.PWM_DisableCaptureInt), (14 bytes).
    Removing pwm.o(i.PWM_DisableDACTrigger), (16 bytes).
    Removing pwm.o(i.PWM_DisableDeadZone), (16 bytes).
    Removing pwm.o(i.PWM_DisableDutyInt), (20 bytes).
    Removing pwm.o(i.PWM_DisableFaultBrakeInt), (14 bytes).
    Removing pwm.o(i.PWM_DisableLoadMode), (10 bytes).
    Removing pwm.o(i.PWM_DisablePDMA), (20 bytes).
    Removing pwm.o(i.PWM_DisablePeriodInt), (16 bytes).
    Removing pwm.o(i.PWM_DisableSyncNoiseFilter), (10 bytes).
    Removing pwm.o(i.PWM_DisableSyncPhase), (34 bytes).
    Removing pwm.o(i.PWM_DisableSyncPinInverse), (10 bytes).
    Removing pwm.o(i.PWM_DisableZeroInt), (14 bytes).
    Removing pwm.o(i.PWM_EnableADCTrigger), (44 bytes).
    Removing pwm.o(i.PWM_EnableAcc), (32 bytes).
    Removing pwm.o(i.PWM_EnableAccInt), (18 bytes).
    Removing pwm.o(i.PWM_EnableBrakeNoiseFilter), (30 bytes).
    Removing pwm.o(i.PWM_EnableBrakePinInverse), (16 bytes).
    Removing pwm.o(i.PWM_EnableDACTrigger), (12 bytes).
    Removing pwm.o(i.PWM_EnableDeadZone), (26 bytes).
    Removing pwm.o(i.PWM_EnableDutyInt), (12 bytes).
    Removing pwm.o(i.PWM_EnableFaultBrake), (212 bytes).
    Removing pwm.o(i.PWM_EnableFaultBrakeInt), (14 bytes).
    Removing pwm.o(i.PWM_EnableLoadMode), (10 bytes).
    Removing pwm.o(i.PWM_EnablePDMA), (44 bytes).
    Removing pwm.o(i.PWM_EnablePeriodInt), (16 bytes).
    Removing pwm.o(i.PWM_EnableSyncNoiseFilter), (22 bytes).
    Removing pwm.o(i.PWM_EnableSyncPhase), (34 bytes).
    Removing pwm.o(i.PWM_EnableSyncPinInverse), (10 bytes).
    Removing pwm.o(i.PWM_EnableZeroInt), (14 bytes).
    Removing pwm.o(i.PWM_ForceStop), (8 bytes).
    Removing pwm.o(i.PWM_GetADCTriggerFlag), (18 bytes).
    Removing pwm.o(i.PWM_GetAccInt), (20 bytes).
    Removing pwm.o(i.PWM_GetCaptureIntFlag), (36 bytes).
    Removing pwm.o(i.PWM_GetDACTriggerFlag), (10 bytes).
    Removing pwm.o(i.PWM_GetDutyIntFlag), (20 bytes).
    Removing pwm.o(i.PWM_GetFTDutyIntFlag), (20 bytes).
    Removing pwm.o(i.PWM_GetFaultBrakeIntFlag), (16 bytes).
    Removing pwm.o(i.PWM_GetPeriodIntFlag), (18 bytes).
    Removing pwm.o(i.PWM_GetWrapAroundFlag), (16 bytes).
    Removing pwm.o(i.PWM_GetZeroIntFlag), (16 bytes).
    Removing pwm.o(i.PWM_SetBrakePinSource), (30 bytes).
    Removing pwm.o(i.PWM_SetClockSource), (22 bytes).
    Removing pwm.o(i.PWM_Stop), (30 bytes).
    Removing nuedu-basic01_7_segment.o(.rev16_text), (4 bytes).
    Removing nuedu-basic01_7_segment.o(.revsh_text), (4 bytes).
    Removing nuedu-basic01_button.o(.rev16_text), (4 bytes).
    Removing nuedu-basic01_button.o(.revsh_text), (4 bytes).
    Removing nuedu-basic01_rgbled.o(.rev16_text), (4 bytes).
    Removing nuedu-basic01_rgbled.o(.revsh_text), (4 bytes).
    Removing nuedu-basic01_adc_knob.o(.rev16_text), (4 bytes).
    Removing nuedu-basic01_adc_knob.o(.revsh_text), (4 bytes).
    Removing nuedu-basic01_adc_knob.o(i.Get_ADC_PWMDAC), (28 bytes).
    Removing nuedu-basic01_adc_knob.o(.data), (4 bytes).
    Removing nuedu-basic01_buzzer.o(.rev16_text), (4 bytes).
    Removing nuedu-basic01_buzzer.o(.revsh_text), (4 bytes).
    Removing nuedu-basic01_led.o(.rev16_text), (4 bytes).
    Removing nuedu-basic01_led.o(.revsh_text), (4 bytes).
    Removing nuedu-basic01_led.o(i.LED_On), (136 bytes).
    Removing nuedu-basic01_spi_flash.o(.rev16_text), (4 bytes).
    Removing nuedu-basic01_spi_flash.o(.revsh_text), (4 bytes).
    Removing nuedu-basic01_spi_flash.o(i.SpiFlash_ChipErase), (88 bytes).
    Removing nuedu-basic01_spi_flash.o(i.SpiFlash_PageProgram), (144 bytes).
    Removing nuedu-basic01_spi_flash.o(i.SpiFlash_ReadData), (120 bytes).
    Removing nuedu-basic01_spi_flash.o(i.SpiFlash_ReadStatusReg1), (68 bytes).
    Removing nuedu-basic01_spi_flash.o(i.SpiFlash_ReadStatusReg2), (68 bytes).
    Removing nuedu-basic01_spi_flash.o(i.SpiFlash_WaitReady), (14 bytes).
    Removing nuedu-basic01_eeprom.o(.rev16_text), (4 bytes).
    Removing nuedu-basic01_eeprom.o(.revsh_text), (4 bytes).
    Removing nuedu-basic01_irda_nec.o(.rev16_text), (4 bytes).
    Removing nuedu-basic01_irda_nec.o(.revsh_text), (4 bytes).
    Removing dadd.o(.text), (332 bytes).
    Removing dmul.o(.text), (224 bytes).
    Removing ddiv.o(.text), (222 bytes).
    Removing dfixul.o(.text), (48 bytes).

208 unused section(s) (total 6838 bytes) removed from the image.

==============================================================================

Image Symbol Table

    Local Symbols

    Symbol Name                              Value     Ov Type        Size  Object(Section)

    RESET                                    0x00000000   Section      320  startup_m451series.o(RESET)
    ../../microlib/division.c                0x00000000   Number         0  uidiv.o ABSOLUTE
    ../../microlib/division.c                0x00000000   Number         0  uldiv.o ABSOLUTE
    ../../microlib/fpadd.c                   0x00000000   Number         0  dadd.o ABSOLUTE
    ../../microlib/fpdiv.c                   0x00000000   Number         0  ddiv.o ABSOLUTE
    ../../microlib/fpepilogue.c              0x00000000   Number         0  depilogue.o ABSOLUTE
    ../../microlib/fpfix.c                   0x00000000   Number         0  dfixul.o ABSOLUTE
    ../../microlib/fpflt.c                   0x00000000   Number         0  dfltui.o ABSOLUTE
    ../../microlib/fpmul.c                   0x00000000   Number         0  dmul.o ABSOLUTE
    ../../microlib/init/entry.s              0x00000000   Number         0  entry.o ABSOLUTE
    ../../microlib/init/entry.s              0x00000000   Number         0  entry8.o ABSOLUTE
    ../../microlib/init/entry.s              0x00000000   Number         0  entry7b.o ABSOLUTE
    ../../microlib/init/entry.s              0x00000000   Number         0  entry7a.o ABSOLUTE
    ../../microlib/init/entry.s              0x00000000   Number         0  entry5.o ABSOLUTE
    ../../microlib/init/entry.s              0x00000000   Number         0  entry2.o ABSOLUTE
    ../../microlib/longlong.c                0x00000000   Number         0  llsshr.o ABSOLUTE
    ../../microlib/longlong.c                0x00000000   Number         0  llshl.o ABSOLUTE
    ../../microlib/longlong.c                0x00000000   Number         0  llushr.o ABSOLUTE
    ../../microlib/printf/printf.c           0x00000000   Number         0  printf5.o ABSOLUTE
    ../../microlib/printf/printf.c           0x00000000   Number         0  printf4.o ABSOLUTE
    ../../microlib/printf/printf.c           0x00000000   Number         0  printf3.o ABSOLUTE
    ../../microlib/printf/printf.c           0x00000000   Number         0  printf2.o ABSOLUTE
    ../../microlib/printf/printf.c           0x00000000   Number         0  printf1.o ABSOLUTE
    ../../microlib/printf/printf.c           0x00000000   Number         0  printf0.o ABSOLUTE
    ../../microlib/printf/printf.c           0x00000000   Number         0  printf6.o ABSOLUTE
    ../../microlib/printf/printf.c           0x00000000   Number         0  printfb.o ABSOLUTE
    ../../microlib/printf/printf.c           0x00000000   Number         0  printfa.o ABSOLUTE
    ../../microlib/printf/printf.c           0x00000000   Number         0  printf8.o ABSOLUTE
    ../../microlib/printf/printf.c           0x00000000   Number         0  printf7.o ABSOLUTE
    ../../microlib/printf/stubs.s            0x00000000   Number         0  stubs.o ABSOLUTE
    ../../microlib/string/memcpy.c           0x00000000   Number         0  memcpya.o ABSOLUTE
    ../../microlib/string/memcpy.c           0x00000000   Number         0  memcpyb.o ABSOLUTE
    ../../microlib/stubs.s                   0x00000000   Number         0  iusefp.o ABSOLUTE
    ..\..\..\..\Library\Device\Nuvoton\M451Series\Source\ARM\startup_M451Series.s 0x00000000   Number         0  startup_m451series.o ABSOLUTE
    ..\..\..\..\Library\Device\Nuvoton\M451Series\Source\system_M451Series.c 0x00000000   Number         0  system_m451series.o ABSOLUTE
    ..\..\..\..\Library\NuEdu\src\NuEdu-Basic01_7_Segment.c 0x00000000   Number         0  nuedu-basic01_7_segment.o ABSOLUTE
    ..\..\..\..\Library\NuEdu\src\NuEdu-Basic01_ADC_Knob.c 0x00000000   Number         0  nuedu-basic01_adc_knob.o ABSOLUTE
    ..\..\..\..\Library\NuEdu\src\NuEdu-Basic01_Button.c 0x00000000   Number         0  nuedu-basic01_button.o ABSOLUTE
    ..\..\..\..\Library\NuEdu\src\NuEdu-Basic01_Buzzer.c 0x00000000   Number         0  nuedu-basic01_buzzer.o ABSOLUTE
    ..\..\..\..\Library\NuEdu\src\NuEdu-Basic01_EEPROM.c 0x00000000   Number         0  nuedu-basic01_eeprom.o ABSOLUTE
    ..\..\..\..\Library\NuEdu\src\NuEdu-Basic01_IrDA_NEC.c 0x00000000   Number         0  nuedu-basic01_irda_nec.o ABSOLUTE
    ..\..\..\..\Library\NuEdu\src\NuEdu-Basic01_LED.c 0x00000000   Number         0  nuedu-basic01_led.o ABSOLUTE
    ..\..\..\..\Library\NuEdu\src\NuEdu-Basic01_RGBLED.c 0x00000000   Number         0  nuedu-basic01_rgbled.o ABSOLUTE
    ..\..\..\..\Library\NuEdu\src\NuEdu-Basic01_SPI_Flash.c 0x00000000   Number         0  nuedu-basic01_spi_flash.o ABSOLUTE
    ..\..\..\..\Library\StdDriver\src\clk.c  0x00000000   Number         0  clk.o ABSOLUTE
    ..\..\..\..\Library\StdDriver\src\eadc.c 0x00000000   Number         0  eadc.o ABSOLUTE
    ..\..\..\..\Library\StdDriver\src\gpio.c 0x00000000   Number         0  gpio.o ABSOLUTE
    ..\..\..\..\Library\StdDriver\src\i2c.c  0x00000000   Number         0  i2c.o ABSOLUTE
    ..\..\..\..\Library\StdDriver\src\pwm.c  0x00000000   Number         0  pwm.o ABSOLUTE
    ..\..\..\..\Library\StdDriver\src\retarget.c 0x00000000   Number         0  retarget.o ABSOLUTE
    ..\..\..\..\Library\StdDriver\src\spi.c  0x00000000   Number         0  spi.o ABSOLUTE
    ..\..\..\..\Library\StdDriver\src\sys.c  0x00000000   Number         0  sys.o ABSOLUTE
    ..\..\..\..\Library\StdDriver\src\uart.c 0x00000000   Number         0  uart.o ABSOLUTE
    ..\\..\\..\\..\\Library\\Device\\Nuvoton\\M451Series\\Source\\system_M451Series.c 0x00000000   Number         0  system_m451series.o ABSOLUTE
    ..\\..\\..\\..\\Library\\NuEdu\\src\\NuEdu-Basic01_7_Segment.c 0x00000000   Number         0  nuedu-basic01_7_segment.o ABSOLUTE
    ..\\..\\..\\..\\Library\\NuEdu\\src\\NuEdu-Basic01_ADC_Knob.c 0x00000000   Number         0  nuedu-basic01_adc_knob.o ABSOLUTE
    ..\\..\\..\\..\\Library\\NuEdu\\src\\NuEdu-Basic01_Button.c 0x00000000   Number         0  nuedu-basic01_button.o ABSOLUTE
    ..\\..\\..\\..\\Library\\NuEdu\\src\\NuEdu-Basic01_Buzzer.c 0x00000000   Number         0  nuedu-basic01_buzzer.o ABSOLUTE
    ..\\..\\..\\..\\Library\\NuEdu\\src\\NuEdu-Basic01_EEPROM.c 0x00000000   Number         0  nuedu-basic01_eeprom.o ABSOLUTE
    ..\\..\\..\\..\\Library\\NuEdu\\src\\NuEdu-Basic01_IrDA_NEC.c 0x00000000   Number         0  nuedu-basic01_irda_nec.o ABSOLUTE
    ..\\..\\..\\..\\Library\\NuEdu\\src\\NuEdu-Basic01_LED.c 0x00000000   Number         0  nuedu-basic01_led.o ABSOLUTE
    ..\\..\\..\\..\\Library\\NuEdu\\src\\NuEdu-Basic01_RGBLED.c 0x00000000   Number         0  nuedu-basic01_rgbled.o ABSOLUTE
    ..\\..\\..\\..\\Library\\NuEdu\\src\\NuEdu-Basic01_SPI_Flash.c 0x00000000   Number         0  nuedu-basic01_spi_flash.o ABSOLUTE
    ..\\..\\..\\..\\Library\\StdDriver\\src\\clk.c 0x00000000   Number         0  clk.o ABSOLUTE
    ..\\..\\..\\..\\Library\\StdDriver\\src\\eadc.c 0x00000000   Number         0  eadc.o ABSOLUTE
    ..\\..\\..\\..\\Library\\StdDriver\\src\\gpio.c 0x00000000   Number         0  gpio.o ABSOLUTE
    ..\\..\\..\\..\\Library\\StdDriver\\src\\i2c.c 0x00000000   Number         0  i2c.o ABSOLUTE
    ..\\..\\..\\..\\Library\\StdDriver\\src\\pwm.c 0x00000000   Number         0  pwm.o ABSOLUTE
    ..\\..\\..\\..\\Library\\StdDriver\\src\\retarget.c 0x00000000   Number         0  retarget.o ABSOLUTE
    ..\\..\\..\\..\\Library\\StdDriver\\src\\spi.c 0x00000000   Number         0  spi.o ABSOLUTE
    ..\\..\\..\\..\\Library\\StdDriver\\src\\sys.c 0x00000000   Number         0  sys.o ABSOLUTE
    ..\\..\\..\\..\\Library\\StdDriver\\src\\uart.c 0x00000000   Number         0  uart.o ABSOLUTE
    ..\\main.c                               0x00000000   Number         0  main.o ABSOLUTE
    ..\main.c                                0x00000000   Number         0  main.o ABSOLUTE
    cdcmple.s                                0x00000000   Number         0  cdcmple.o ABSOLUTE
    cdrcmple.s                               0x00000000   Number         0  cdrcmple.o ABSOLUTE
    handlers.s                               0x00000000   Number         0  handlers.o ABSOLUTE
    init.s                                   0x00000000   Number         0  init.o ABSOLUTE
    .ARM.Collect$$$$00000000                 0x00000140   Section        0  entry.o(.ARM.Collect$$$$00000000)
    .ARM.Collect$$$$00000001                 0x00000140   Section        4  entry2.o(.ARM.Collect$$$$00000001)
    .ARM.Collect$$$$00000004                 0x00000144   Section        4  entry5.o(.ARM.Collect$$$$00000004)
    .ARM.Collect$$$$00000008                 0x00000148   Section        0  entry7b.o(.ARM.Collect$$$$00000008)
    .ARM.Collect$$$$00000009                 0x00000148   Section        8  entry8.o(.ARM.Collect$$$$00000009)
    .ARM.Collect$$$$00002712                 0x00000150   Section        4  entry2.o(.ARM.Collect$$$$00002712)
    __lit__00000000                          0x00000150   Data           4  entry2.o(.ARM.Collect$$$$00002712)
    .emb_text                                0x00000154   Section       28  retarget.o(.emb_text)
    $v0                                      0x00000154   Number         0  retarget.o(.emb_text)
    .text                                    0x00000170   Section       92  startup_m451series.o(.text)
    $v0                                      0x00000170   Number         0  startup_m451series.o(.text)
    Default_Handler                          0x000001b5   Thumb Code     2  startup_m451series.o(.text)
    .text                                    0x000001cc   Section        0  memcpya.o(.text)
    .text                                    0x000001f0   Section        0  dfltui.o(.text)
    .text                                    0x0000020c   Section       40  cdcmple.o(.text)
    .text                                    0x00000234   Section       40  cdrcmple.o(.text)
    .text                                    0x0000025c   Section        0  uldiv.o(.text)
    .text                                    0x000002be   Section        0  depilogue.o(.text)
    .text                                    0x000002be   Section        0  iusefp.o(.text)
    .text                                    0x0000037c   Section       36  init.o(.text)
    .text                                    0x000003a0   Section        0  llshl.o(.text)
    .text                                    0x000003be   Section        0  llushr.o(.text)
    i.CLK_DisablePLL                         0x000003e0   Section        0  clk.o(i.CLK_DisablePLL)
    i.CLK_EnableModuleClock                  0x000003f0   Section        0  clk.o(i.CLK_EnableModuleClock)
    i.CLK_EnablePLL                          0x00000410   Section        0  clk.o(i.CLK_EnablePLL)
    i.CLK_EnableXtalRC                       0x000005b4   Section        0  clk.o(i.CLK_EnableXtalRC)
    i.CLK_GetHCLKFreq                        0x000005c4   Section        0  clk.o(i.CLK_GetHCLKFreq)
    i.CLK_GetPLLClockFreq                    0x000005d4   Section        0  spi.o(i.CLK_GetPLLClockFreq)
    CLK_GetPLLClockFreq                      0x000005d5   Thumb Code    72  spi.o(i.CLK_GetPLLClockFreq)
    i.CLK_GetPLLClockFreq                    0x0000062c   Section        0  uart.o(i.CLK_GetPLLClockFreq)
    CLK_GetPLLClockFreq                      0x0000062d   Thumb Code    72  uart.o(i.CLK_GetPLLClockFreq)
    i.CLK_GetPLLClockFreq                    0x00000684   Section        0  pwm.o(i.CLK_GetPLLClockFreq)
    CLK_GetPLLClockFreq                      0x00000685   Thumb Code    72  pwm.o(i.CLK_GetPLLClockFreq)
    i.CLK_SetCoreClock                       0x000006dc   Section        0  clk.o(i.CLK_SetCoreClock)
    i.CLK_SetHCLK                            0x0000076c   Section        0  clk.o(i.CLK_SetHCLK)
    i.CLK_SetModuleClock                     0x000007c8   Section        0  clk.o(i.CLK_SetModuleClock)
    i.CLK_SysTickDelay                       0x00000818   Section        0  nuedu-basic01_irda_nec.o(i.CLK_SysTickDelay)
    CLK_SysTickDelay                         0x00000819   Thumb Code    30  nuedu-basic01_irda_nec.o(i.CLK_SysTickDelay)
    i.CLK_WaitClockReady                     0x0000083c   Section        0  clk.o(i.CLK_WaitClockReady)
    i.EADC_ConfigSampleModule                0x00000864   Section        0  eadc.o(i.EADC_ConfigSampleModule)
    i.EADC_Open                              0x00000884   Section        0  eadc.o(i.EADC_Open)
    i.EADC_SetInternalSampleTime             0x00000898   Section        0  eadc.o(i.EADC_SetInternalSampleTime)
    i.GPIO_SetMode                           0x000008b4   Section        0  gpio.o(i.GPIO_SetMode)
    i.Get_ADC_Knob                           0x000008e0   Section        0  nuedu-basic01_adc_knob.o(i.Get_ADC_Knob)
    i.Get_Key_Input                          0x000008fc   Section        0  nuedu-basic01_button.o(i.Get_Key_Input)
    i.Hard_Fault_Handler                     0x00000934   Section        0  retarget.o(i.Hard_Fault_Handler)
    __tagsym$$used                           0x00000935   Number         0  retarget.o(i.Hard_Fault_Handler)
    i.I2C1_IRQHandler                        0x0000095c   Section        0  nuedu-basic01_eeprom.o(i.I2C1_IRQHandler)
    i.I2C_ClearTimeoutFlag                   0x00000984   Section        0  i2c.o(i.I2C_ClearTimeoutFlag)
    i.I2C_EEPROM_Init                        0x00000990   Section        0  nuedu-basic01_eeprom.o(i.I2C_EEPROM_Init)
    i.I2C_EEPROM_Read                        0x00000a08   Section        0  nuedu-basic01_eeprom.o(i.I2C_EEPROM_Read)
    i.I2C_EEPROM_Write                       0x00000a44   Section        0  nuedu-basic01_eeprom.o(i.I2C_EEPROM_Write)
    i.I2C_EnableInt                          0x00000a7c   Section        0  i2c.o(i.I2C_EnableInt)
    i.I2C_GetBusClockFreq                    0x00000a88   Section        0  i2c.o(i.I2C_GetBusClockFreq)
    i.I2C_MasterRx                           0x00000a9c   Section        0  nuedu-basic01_eeprom.o(i.I2C_MasterRx)
    i.I2C_MasterTx                           0x00000b5c   Section        0  nuedu-basic01_eeprom.o(i.I2C_MasterTx)
    i.I2C_Open                               0x00000bf8   Section        0  i2c.o(i.I2C_Open)
    i.I2C_STOP                               0x00000c2c   Section        0  nuedu-basic01_eeprom.o(i.I2C_STOP)
    I2C_STOP                                 0x00000c2d   Thumb Code    16  nuedu-basic01_eeprom.o(i.I2C_STOP)
    i.Initial_Key_Input                      0x00000c3c   Section        0  nuedu-basic01_button.o(i.Initial_Key_Input)
    i.Initial_LED                            0x00000c78   Section        0  nuedu-basic01_led.o(i.Initial_LED)
    i.Initial_PWM_LED                        0x00000cd0   Section        0  nuedu-basic01_rgbled.o(i.Initial_PWM_LED)
    i.IrDA_Code_Exe                          0x00000d10   Section        0  main.o(i.IrDA_Code_Exe)
    i.IrDA_NEC_TxRx_Init                     0x00000d4c   Section        0  nuedu-basic01_irda_nec.o(i.IrDA_NEC_TxRx_Init)
    i.IrDa_NEC_Rx                            0x00000e04   Section        0  nuedu-basic01_irda_nec.o(i.IrDa_NEC_Rx)
    i.Mark                                   0x0000114c   Section        0  nuedu-basic01_irda_nec.o(i.Mark)
    i.Open_ADC_Knob                          0x00001178   Section        0  nuedu-basic01_adc_knob.o(i.Open_ADC_Knob)
    i.Open_Buzzer                            0x0000120c   Section        0  nuedu-basic01_buzzer.o(i.Open_Buzzer)
    i.Open_SPI_Flash                         0x00001248   Section        0  nuedu-basic01_spi_flash.o(i.Open_SPI_Flash)
    i.Open_Seven_Segment                     0x000012a4   Section        0  nuedu-basic01_7_segment.o(i.Open_Seven_Segment)
    i.PWM0P2_IRQHandler                      0x0000134c   Section        0  nuedu-basic01_irda_nec.o(i.PWM0P2_IRQHandler)
    i.PWM_ClearCaptureIntFlag                0x00001370   Section        0  pwm.o(i.PWM_ClearCaptureIntFlag)
    i.PWM_ConfigCaptureChannel               0x00001378   Section        0  pwm.o(i.PWM_ConfigCaptureChannel)
    i.PWM_ConfigOutputChannel                0x00001428   Section        0  pwm.o(i.PWM_ConfigOutputChannel)
    i.PWM_DisableOutput                      0x0000152c   Section        0  pwm.o(i.PWM_DisableOutput)
    i.PWM_EnableCapture                      0x00001536   Section        0  pwm.o(i.PWM_EnableCapture)
    i.PWM_EnableCaptureInt                   0x0000154c   Section        0  pwm.o(i.PWM_EnableCaptureInt)
    i.PWM_EnableOutput                       0x0000155a   Section        0  pwm.o(i.PWM_EnableOutput)
    i.PWM_LED                                0x00001564   Section        0  nuedu-basic01_rgbled.o(i.PWM_LED)
    i.PWM_Start                              0x000015b0   Section        0  pwm.o(i.PWM_Start)
    i.SPACE                                  0x000015b8   Section        0  nuedu-basic01_irda_nec.o(i.SPACE)
    i.SPI_DisableAutoSS                      0x000015c4   Section        0  spi.o(i.SPI_DisableAutoSS)
    i.SPI_Open                               0x000015d0   Section        0  spi.o(i.SPI_Open)
    i.SYS_Init                               0x000017a0   Section        0  main.o(i.SYS_Init)
    i.SYS_ResetModule                        0x00001800   Section        0  sys.o(i.SYS_ResetModule)
    i.SendChar_ToUART                        0x0000181c   Section        0  retarget.o(i.SendChar_ToUART)
    i.SendNEC                                0x0000183c   Section        0  nuedu-basic01_irda_nec.o(i.SendNEC)
    i.Show_Seven_Segment                     0x00001888   Section        0  nuedu-basic01_7_segment.o(i.Show_Seven_Segment)
    i.SpiFlash_ReadMidDid                    0x00001984   Section        0  nuedu-basic01_spi_flash.o(i.SpiFlash_ReadMidDid)
    i.SystemCoreClockUpdate                  0x000019f4   Section        0  system_m451series.o(i.SystemCoreClockUpdate)
    i.SystemInit                             0x00001a88   Section        0  system_m451series.o(i.SystemInit)
    i.UART0_Init                             0x00001adc   Section        0  main.o(i.UART0_Init)
    i.UART_Open                              0x00001afc   Section        0  uart.o(i.UART_Open)
    i.Write_Buzzer                           0x00001b8c   Section        0  nuedu-basic01_buzzer.o(i.Write_Buzzer)
    i.Write_LED_Bar                          0x00001bc4   Section        0  nuedu-basic01_led.o(i.Write_LED_Bar)
    i.__0printf$8                            0x00001bf8   Section        0  printf8.o(i.__0printf$8)
    i.__scatterload_copy                     0x00001c18   Section       14  handlers.o(i.__scatterload_copy)
    i.__scatterload_null                     0x00001c26   Section        2  handlers.o(i.__scatterload_null)
    i.__scatterload_zeroinit                 0x00001c28   Section       14  handlers.o(i.__scatterload_zeroinit)
    i._printf_core                           0x00001c38   Section        0  printf8.o(i._printf_core)
    _printf_core                             0x00001c39   Thumb Code  1010  printf8.o(i._printf_core)
    i._printf_post_padding                   0x00002058   Section        0  printf8.o(i._printf_post_padding)
    _printf_post_padding                     0x00002059   Thumb Code    38  printf8.o(i._printf_post_padding)
    i._printf_pre_padding                    0x0000207e   Section        0  printf8.o(i._printf_pre_padding)
    _printf_pre_padding                      0x0000207f   Thumb Code    48  printf8.o(i._printf_pre_padding)
    i.fputc                                  0x000020ae   Section        0  retarget.o(i.fputc)
    i.main                                   0x000020bc   Section        0  main.o(i.main)
    i.stackDump                              0x00002278   Section        0  retarget.o(i.stackDump)
    stackDump                                0x00002279   Thumb Code    72  retarget.o(i.stackDump)
    .constdata                               0x00002320   Section       48  uart.o(.constdata)
    .constdata                               0x00002350   Section       28  nuedu-basic01_led.o(.constdata)
    .data                                    0x20000000   Section       44  system_m451series.o(.data)
    .data                                    0x2000002c   Section        4  main.o(.data)
    .data                                    0x20000030   Section        4  retarget.o(.data)
    .data                                    0x20000034   Section       12  nuedu-basic01_eeprom.o(.data)
    s_I2CHandlerFn                           0x2000003c   Data           4  nuedu-basic01_eeprom.o(.data)
    .data                                    0x20000040   Section       12  nuedu-basic01_irda_nec.o(.data)
    STACK                                    0x20000050   Section     1024  startup_m451series.o(STACK)

    Global Symbols

    Symbol Name                              Value     Ov Type        Size  Object(Section)

    BuildAttributes$$THM_ISAv4$E$P$D$K$B$S$7EM$VFPi3$EXTD16$VFPS$VFMA$PE$A:L22UL41UL21$X:L11$S22US41US21$IEEE1$IW$USESV6$~STKCKD$USESV7$~SHL$OSPACE$ROPI$EBA8$MICROLIB$REQ8$PRES8$EABIv2 0x00000000   Number         0  anon$$obj.o ABSOLUTE
    __ARM_use_no_argv                        0x00000000   Number         0  main.o ABSOLUTE
    __Vectors                                0x00000000   Data           4  startup_m451series.o(RESET)
    _printf_a                                0x00000000   Number         0  stubs.o ABSOLUTE
    _printf_c                                0x00000000   Number         0  stubs.o ABSOLUTE
    _printf_charcount                        0x00000000   Number         0  stubs.o ABSOLUTE
    _printf_d                                0x00000000   Number         0  stubs.o ABSOLUTE
    _printf_e                                0x00000000   Number         0  stubs.o ABSOLUTE
    _printf_f                                0x00000000   Number         0  stubs.o ABSOLUTE
    _printf_flags                            0x00000000   Number         0  stubs.o ABSOLUTE
    _printf_fp_dec                           0x00000000   Number         0  stubs.o ABSOLUTE
    _printf_fp_hex                           0x00000000   Number         0  stubs.o ABSOLUTE
    _printf_g                                0x00000000   Number         0  stubs.o ABSOLUTE
    _printf_i                                0x00000000   Number         0  stubs.o ABSOLUTE
    _printf_int_dec                          0x00000000   Number         0  stubs.o ABSOLUTE
    _printf_l                                0x00000000   Number         0  stubs.o ABSOLUTE
    _printf_lc                               0x00000000   Number         0  stubs.o ABSOLUTE
    _printf_ll                               0x00000000   Number         0  stubs.o ABSOLUTE
    _printf_lld                              0x00000000   Number         0  stubs.o ABSOLUTE
    _printf_lli                              0x00000000   Number         0  stubs.o ABSOLUTE
    _printf_llo                              0x00000000   Number         0  stubs.o ABSOLUTE
    _printf_llu                              0x00000000   Number         0  stubs.o ABSOLUTE
    _printf_llx                              0x00000000   Number         0  stubs.o ABSOLUTE
    _printf_longlong_dec                     0x00000000   Number         0  stubs.o ABSOLUTE
    _printf_longlong_hex                     0x00000000   Number         0  stubs.o ABSOLUTE
    _printf_longlong_oct                     0x00000000   Number         0  stubs.o ABSOLUTE
    _printf_ls                               0x00000000   Number         0  stubs.o ABSOLUTE
    _printf_mbtowc                           0x00000000   Number         0  stubs.o ABSOLUTE
    _printf_n                                0x00000000   Number         0  stubs.o ABSOLUTE
    _printf_o                                0x00000000   Number         0  stubs.o ABSOLUTE
    _printf_p                                0x00000000   Number         0  stubs.o ABSOLUTE
    _printf_percent                          0x00000000   Number         0  stubs.o ABSOLUTE
    _printf_pre_padding                      0x00000000   Number         0  stubs.o ABSOLUTE
    _printf_return_value                     0x00000000   Number         0  stubs.o ABSOLUTE
    _printf_s                                0x00000000   Number         0  stubs.o ABSOLUTE
    _printf_sizespec                         0x00000000   Number         0  stubs.o ABSOLUTE
    _printf_str                              0x00000000   Number         0  stubs.o ABSOLUTE
    _printf_truncate_signed                  0x00000000   Number         0  stubs.o ABSOLUTE
    _printf_truncate_unsigned                0x00000000   Number         0  stubs.o ABSOLUTE
    _printf_u                                0x00000000   Number         0  stubs.o ABSOLUTE
    _printf_wc                               0x00000000   Number         0  stubs.o ABSOLUTE
    _printf_wctomb                           0x00000000   Number         0  stubs.o ABSOLUTE
    _printf_widthprec                        0x00000000   Number         0  stubs.o ABSOLUTE
    _printf_x                                0x00000000   Number         0  stubs.o ABSOLUTE
    __decompress                              - Undefined Weak Reference
    _clock_init                               - Undefined Weak Reference
    __Vectors_End                            0x00000140   Data           0  startup_m451series.o(RESET)
    __Vectors_Size                           0x00000140   Number         0  startup_m451series.o ABSOLUTE
    __main                                   0x00000141   Thumb Code     0  entry.o(.ARM.Collect$$$$00000000)
    _main_stk                                0x00000141   Thumb Code     0  entry2.o(.ARM.Collect$$$$00000001)
    _main_scatterload                        0x00000145   Thumb Code     0  entry5.o(.ARM.Collect$$$$00000004)
    __main_after_scatterload                 0x00000149   Thumb Code     0  entry5.o(.ARM.Collect$$$$00000004)
    _main_clock                              0x00000149   Thumb Code     0  entry7b.o(.ARM.Collect$$$$00000008)
    _main_init                               0x00000149   Thumb Code     0  entry8.o(.ARM.Collect$$$$00000009)
    HardFault_Handler                        0x00000155   Thumb Code    24  retarget.o(.emb_text)
    Reset_Handler                            0x00000171   Thumb Code    50  startup_m451series.o(.text)
    NMI_Handler                              0x000001a3   Thumb Code     2  startup_m451series.o(.text)
    MemManage_Handler                        0x000001a7   Thumb Code     2  startup_m451series.o(.text)
    BusFault_Handler                         0x000001a9   Thumb Code     2  startup_m451series.o(.text)
    UsageFault_Handler                       0x000001ab   Thumb Code     2  startup_m451series.o(.text)
    SVC_Handler                              0x000001ad   Thumb Code     2  startup_m451series.o(.text)
    DebugMon_Handler                         0x000001af   Thumb Code     2  startup_m451series.o(.text)
    PendSV_Handler                           0x000001b1   Thumb Code     2  startup_m451series.o(.text)
    SysTick_Handler                          0x000001b3   Thumb Code     2  startup_m451series.o(.text)
    ACMP01_IRQHandler                        0x000001b5   Thumb Code     0  startup_m451series.o(.text)
    ADC00_IRQHandler                         0x000001b5   Thumb Code     0  startup_m451series.o(.text)
    ADC01_IRQHandler                         0x000001b5   Thumb Code     0  startup_m451series.o(.text)
    ADC02_IRQHandler                         0x000001b5   Thumb Code     0  startup_m451series.o(.text)
    ADC03_IRQHandler                         0x000001b5   Thumb Code     0  startup_m451series.o(.text)
    BOD_IRQHandler                           0x000001b5   Thumb Code     0  startup_m451series.o(.text)
    BRAKE0_IRQHandler                        0x000001b5   Thumb Code     0  startup_m451series.o(.text)
    BRAKE1_IRQHandler                        0x000001b5   Thumb Code     0  startup_m451series.o(.text)
    CAN0_IRQHandler                          0x000001b5   Thumb Code     0  startup_m451series.o(.text)
    CLKFAIL_IRQHandler                       0x000001b5   Thumb Code     0  startup_m451series.o(.text)
    DAC_IRQHandler                           0x000001b5   Thumb Code     0  startup_m451series.o(.text)
    EINT0_IRQHandler                         0x000001b5   Thumb Code     0  startup_m451series.o(.text)
    EINT1_IRQHandler                         0x000001b5   Thumb Code     0  startup_m451series.o(.text)
    EINT2_IRQHandler                         0x000001b5   Thumb Code     0  startup_m451series.o(.text)
    EINT3_IRQHandler                         0x000001b5   Thumb Code     0  startup_m451series.o(.text)
    EINT4_IRQHandler                         0x000001b5   Thumb Code     0  startup_m451series.o(.text)
    EINT5_IRQHandler                         0x000001b5   Thumb Code     0  startup_m451series.o(.text)
    GPA_IRQHandler                           0x000001b5   Thumb Code     0  startup_m451series.o(.text)
    GPB_IRQHandler                           0x000001b5   Thumb Code     0  startup_m451series.o(.text)
    GPC_IRQHandler                           0x000001b5   Thumb Code     0  startup_m451series.o(.text)
    GPD_IRQHandler                           0x000001b5   Thumb Code     0  startup_m451series.o(.text)
    GPE_IRQHandler                           0x000001b5   Thumb Code     0  startup_m451series.o(.text)
    GPF_IRQHandler                           0x000001b5   Thumb Code     0  startup_m451series.o(.text)
    I2C0_IRQHandler                          0x000001b5   Thumb Code     0  startup_m451series.o(.text)
    IRC_IRQHandler                           0x000001b5   Thumb Code     0  startup_m451series.o(.text)
    PDMA_IRQHandler                          0x000001b5   Thumb Code     0  startup_m451series.o(.text)
    PWM0P0_IRQHandler                        0x000001b5   Thumb Code     0  startup_m451series.o(.text)
    PWM0P1_IRQHandler                        0x000001b5   Thumb Code     0  startup_m451series.o(.text)
    PWM1P0_IRQHandler                        0x000001b5   Thumb Code     0  startup_m451series.o(.text)
    PWM1P1_IRQHandler                        0x000001b5   Thumb Code     0  startup_m451series.o(.text)
    PWM1P2_IRQHandler                        0x000001b5   Thumb Code     0  startup_m451series.o(.text)
    PWRWU_IRQHandler                         0x000001b5   Thumb Code     0  startup_m451series.o(.text)
    RAMPE_IRQHandler                         0x000001b5   Thumb Code     0  startup_m451series.o(.text)
    RTC_IRQHandler                           0x000001b5   Thumb Code     0  startup_m451series.o(.text)
    SC0_IRQHandler                           0x000001b5   Thumb Code     0  startup_m451series.o(.text)
    SPI0_IRQHandler                          0x000001b5   Thumb Code     0  startup_m451series.o(.text)
    SPI1_IRQHandler                          0x000001b5   Thumb Code     0  startup_m451series.o(.text)
    SPI2_IRQHandler                          0x000001b5   Thumb Code     0  startup_m451series.o(.text)
    TAMPER_IRQHandler                        0x000001b5   Thumb Code     0  startup_m451series.o(.text)
    TK_IRQHandler                            0x000001b5   Thumb Code     0  startup_m451series.o(.text)
    TMR0_IRQHandler                          0x000001b5   Thumb Code     0  startup_m451series.o(.text)
    TMR1_IRQHandler                          0x000001b5   Thumb Code     0  startup_m451series.o(.text)
    TMR2_IRQHandler                          0x000001b5   Thumb Code     0  startup_m451series.o(.text)
    TMR3_IRQHandler                          0x000001b5   Thumb Code     0  startup_m451series.o(.text)
    UART0_IRQHandler                         0x000001b5   Thumb Code     0  startup_m451series.o(.text)
    UART1_IRQHandler                         0x000001b5   Thumb Code     0  startup_m451series.o(.text)
    UART2_IRQHandler                         0x000001b5   Thumb Code     0  startup_m451series.o(.text)
    UART3_IRQHandler                         0x000001b5   Thumb Code     0  startup_m451series.o(.text)
    USBD_IRQHandler                          0x000001b5   Thumb Code     0  startup_m451series.o(.text)
    USBH_IRQHandler                          0x000001b5   Thumb Code     0  startup_m451series.o(.text)
    USBOTG_IRQHandler                        0x000001b5   Thumb Code     0  startup_m451series.o(.text)
    WDT_IRQHandler                           0x000001b5   Thumb Code     0  startup_m451series.o(.text)
    WWDT_IRQHandler                          0x000001b5   Thumb Code     0  startup_m451series.o(.text)
    __aeabi_memcpy                           0x000001cd   Thumb Code    36  memcpya.o(.text)
    __aeabi_memcpy4                          0x000001cd   Thumb Code     0  memcpya.o(.text)
    __aeabi_memcpy8                          0x000001cd   Thumb Code     0  memcpya.o(.text)
    __aeabi_ui2d                             0x000001f1   Thumb Code    26  dfltui.o(.text)
    __aeabi_cdcmpeq                          0x0000020d   Thumb Code     0  cdcmple.o(.text)
    __aeabi_cdcmple                          0x0000020d   Thumb Code    38  cdcmple.o(.text)
    __aeabi_cdrcmple                         0x00000235   Thumb Code    38  cdrcmple.o(.text)
    __aeabi_uldivmod                         0x0000025d   Thumb Code    98  uldiv.o(.text)
    __I$use$fp                               0x000002bf   Thumb Code     0  iusefp.o(.text)
    _double_round                            0x000002bf   Thumb Code    26  depilogue.o(.text)
    _double_epilogue                         0x000002d9   Thumb Code   164  depilogue.o(.text)
    __scatterload                            0x0000037d   Thumb Code    28  init.o(.text)
    __scatterload_rt2                        0x0000037d   Thumb Code     0  init.o(.text)
    __aeabi_llsl                             0x000003a1   Thumb Code    30  llshl.o(.text)
    _ll_shift_l                              0x000003a1   Thumb Code     0  llshl.o(.text)
    __aeabi_llsr                             0x000003bf   Thumb Code    32  llushr.o(.text)
    _ll_ushift_r                             0x000003bf   Thumb Code     0  llushr.o(.text)
    CLK_DisablePLL                           0x000003e1   Thumb Code    12  clk.o(i.CLK_DisablePLL)
    CLK_EnableModuleClock                    0x000003f1   Thumb Code    30  clk.o(i.CLK_EnableModuleClock)
    CLK_EnablePLL                            0x00000411   Thumb Code   350  clk.o(i.CLK_EnablePLL)
    CLK_EnableXtalRC                         0x000005b5   Thumb Code    12  clk.o(i.CLK_EnableXtalRC)
    CLK_GetHCLKFreq                          0x000005c5   Thumb Code    12  clk.o(i.CLK_GetHCLKFreq)
    CLK_SetCoreClock                         0x000006dd   Thumb Code   134  clk.o(i.CLK_SetCoreClock)
    CLK_SetHCLK                              0x0000076d   Thumb Code    88  clk.o(i.CLK_SetHCLK)
    CLK_SetModuleClock                       0x000007c9   Thumb Code    74  clk.o(i.CLK_SetModuleClock)
    CLK_WaitClockReady                       0x0000083d   Thumb Code    36  clk.o(i.CLK_WaitClockReady)
    EADC_ConfigSampleModule                  0x00000865   Thumb Code    26  eadc.o(i.EADC_ConfigSampleModule)
    EADC_Open                                0x00000885   Thumb Code    20  eadc.o(i.EADC_Open)
    EADC_SetInternalSampleTime               0x00000899   Thumb Code    22  eadc.o(i.EADC_SetInternalSampleTime)
    GPIO_SetMode                             0x000008b5   Thumb Code    44  gpio.o(i.GPIO_SetMode)
    Get_ADC_Knob                             0x000008e1   Thumb Code    24  nuedu-basic01_adc_knob.o(i.Get_ADC_Knob)
    Get_Key_Input                            0x000008fd   Thumb Code    50  nuedu-basic01_button.o(i.Get_Key_Input)
    Hard_Fault_Handler                       0x00000935   Thumb Code    16  retarget.o(i.Hard_Fault_Handler)
    I2C1_IRQHandler                          0x0000095d   Thumb Code    30  nuedu-basic01_eeprom.o(i.I2C1_IRQHandler)
    I2C_ClearTimeoutFlag                     0x00000985   Thumb Code    10  i2c.o(i.I2C_ClearTimeoutFlag)
    I2C_EEPROM_Init                          0x00000991   Thumb Code    82  nuedu-basic01_eeprom.o(i.I2C_EEPROM_Init)
    I2C_EEPROM_Read                          0x00000a09   Thumb Code    46  nuedu-basic01_eeprom.o(i.I2C_EEPROM_Read)
    I2C_EEPROM_Write                         0x00000a45   Thumb Code    44  nuedu-basic01_eeprom.o(i.I2C_EEPROM_Write)
    I2C_EnableInt                            0x00000a7d   Thumb Code    10  i2c.o(i.I2C_EnableInt)
    I2C_GetBusClockFreq                      0x00000a89   Thumb Code    16  i2c.o(i.I2C_GetBusClockFreq)
    I2C_MasterRx                             0x00000a9d   Thumb Code   150  nuedu-basic01_eeprom.o(i.I2C_MasterRx)
    I2C_MasterTx                             0x00000b5d   Thumb Code   114  nuedu-basic01_eeprom.o(i.I2C_MasterTx)
    I2C_Open                                 0x00000bf9   Thumb Code    46  i2c.o(i.I2C_Open)
    Initial_Key_Input                        0x00000c3d   Thumb Code    54  nuedu-basic01_button.o(i.Initial_Key_Input)
    Initial_LED                              0x00000c79   Thumb Code    84  nuedu-basic01_led.o(i.Initial_LED)
    Initial_PWM_LED                          0x00000cd1   Thumb Code    54  nuedu-basic01_rgbled.o(i.Initial_PWM_LED)
    IrDA_Code_Exe                            0x00000d11   Thumb Code    54  main.o(i.IrDA_Code_Exe)
    IrDA_NEC_TxRx_Init                       0x00000d4d   Thumb Code   162  nuedu-basic01_irda_nec.o(i.IrDA_NEC_TxRx_Init)
    IrDa_NEC_Rx                              0x00000e05   Thumb Code   730  nuedu-basic01_irda_nec.o(i.IrDa_NEC_Rx)
    Mark                                     0x0000114d   Thumb Code    38  nuedu-basic01_irda_nec.o(i.Mark)
    Open_ADC_Knob                            0x00001179   Thumb Code   138  nuedu-basic01_adc_knob.o(i.Open_ADC_Knob)
    Open_Buzzer                              0x0000120d   Thumb Code    50  nuedu-basic01_buzzer.o(i.Open_Buzzer)
    Open_SPI_Flash                           0x00001249   Thumb Code    76  nuedu-basic01_spi_flash.o(i.Open_SPI_Flash)
    Open_Seven_Segment                       0x000012a5   Thumb Code   156  nuedu-basic01_7_segment.o(i.Open_Seven_Segment)
    PWM0P2_IRQHandler                        0x0000134d   Thumb Code    32  nuedu-basic01_irda_nec.o(i.PWM0P2_IRQHandler)
    PWM_ClearCaptureIntFlag                  0x00001371   Thumb Code     8  pwm.o(i.PWM_ClearCaptureIntFlag)
    PWM_ConfigCaptureChannel                 0x00001379   Thumb Code   164  pwm.o(i.PWM_ConfigCaptureChannel)
    PWM_ConfigOutputChannel                  0x00001429   Thumb Code   252  pwm.o(i.PWM_ConfigOutputChannel)
    PWM_DisableOutput                        0x0000152d   Thumb Code    10  pwm.o(i.PWM_DisableOutput)
    PWM_EnableCapture                        0x00001537   Thumb Code    22  pwm.o(i.PWM_EnableCapture)
    PWM_EnableCaptureInt                     0x0000154d   Thumb Code    14  pwm.o(i.PWM_EnableCaptureInt)
    PWM_EnableOutput                         0x0000155b   Thumb Code    10  pwm.o(i.PWM_EnableOutput)
    PWM_LED                                  0x00001565   Thumb Code    72  nuedu-basic01_rgbled.o(i.PWM_LED)
    PWM_Start                                0x000015b1   Thumb Code     8  pwm.o(i.PWM_Start)
    SPACE                                    0x000015b9   Thumb Code    12  nuedu-basic01_irda_nec.o(i.SPACE)
    SPI_DisableAutoSS                        0x000015c5   Thumb Code    10  spi.o(i.SPI_DisableAutoSS)
    SPI_Open                                 0x000015d1   Thumb Code   442  spi.o(i.SPI_Open)
    SYS_Init                                 0x000017a1   Thumb Code    78  main.o(i.SYS_Init)
    SYS_ResetModule                          0x00001801   Thumb Code    26  sys.o(i.SYS_ResetModule)
    SendChar_ToUART                          0x0000181d   Thumb Code    26  retarget.o(i.SendChar_ToUART)
    SendNEC                                  0x0000183d   Thumb Code    76  nuedu-basic01_irda_nec.o(i.SendNEC)
    Show_Seven_Segment                       0x00001889   Thumb Code   248  nuedu-basic01_7_segment.o(i.Show_Seven_Segment)
    SpiFlash_ReadMidDid                      0x00001985   Thumb Code   106  nuedu-basic01_spi_flash.o(i.SpiFlash_ReadMidDid)
    SystemCoreClockUpdate                    0x000019f5   Thumb Code   128  system_m451series.o(i.SystemCoreClockUpdate)
    SystemInit                               0x00001a89   Thumb Code    80  system_m451series.o(i.SystemInit)
    UART0_Init                               0x00001add   Thumb Code    22  main.o(i.UART0_Init)
    UART_Open                                0x00001afd   Thumb Code   130  uart.o(i.UART_Open)
    Write_Buzzer                             0x00001b8d   Thumb Code    52  nuedu-basic01_buzzer.o(i.Write_Buzzer)
    Write_LED_Bar                            0x00001bc5   Thumb Code    48  nuedu-basic01_led.o(i.Write_LED_Bar)
    __0printf$8                              0x00001bf9   Thumb Code    22  printf8.o(i.__0printf$8)
    __1printf$8                              0x00001bf9   Thumb Code     0  printf8.o(i.__0printf$8)
    __2printf                                0x00001bf9   Thumb Code     0  printf8.o(i.__0printf$8)
    __scatterload_copy                       0x00001c19   Thumb Code    14  handlers.o(i.__scatterload_copy)
    __scatterload_null                       0x00001c27   Thumb Code     2  handlers.o(i.__scatterload_null)
    __scatterload_zeroinit                   0x00001c29   Thumb Code    14  handlers.o(i.__scatterload_zeroinit)
    fputc                                    0x000020af   Thumb Code    12  retarget.o(i.fputc)
    main                                     0x000020bd   Thumb Code   368  main.o(i.main)
    Region$$Table$$Base                      0x0000236c   Number         0  anon$$obj.o(Region$$Table)
    Region$$Table$$Limit                     0x0000238c   Number         0  anon$$obj.o(Region$$Table)
    SystemCoreClock                          0x20000000   Data           4  system_m451series.o(.data)
    CyclesPerUs                              0x20000004   Data           4  system_m451series.o(.data)
    PllClock                                 0x20000008   Data           4  system_m451series.o(.data)
    gau32ClkSrcTbl                           0x2000000c   Data          32  system_m451series.o(.data)
    a8IrDAtemp                               0x2000002c   Data           4  main.o(.data)
    __stdout                                 0x20000030   Data           4  retarget.o(.data)
    g_u8DeviceAddr                           0x20000034   Data           1  nuedu-basic01_eeprom.o(.data)
    g_u8EndFlag                              0x20000035   Data           1  nuedu-basic01_eeprom.o(.data)
    g_u8RxData                               0x20000036   Data           1  nuedu-basic01_eeprom.o(.data)
    g_u8DataLen                              0x20000037   Data           1  nuedu-basic01_eeprom.o(.data)
    g_au8TxData                              0x20000038   Data           3  nuedu-basic01_eeprom.o(.data)
    IR_State                                 0x20000040   Data           1  nuedu-basic01_irda_nec.o(.data)
    IR_LDC_Ready                             0x20000041   Data           1  nuedu-basic01_irda_nec.o(.data)
    IR_CTC_Ready                             0x20000042   Data           1  nuedu-basic01_irda_nec.o(.data)
    IR_CTC0                                  0x20000043   Data           1  nuedu-basic01_irda_nec.o(.data)
    IR_CTC1                                  0x20000044   Data           1  nuedu-basic01_irda_nec.o(.data)
    IR_DAC                                   0x20000045   Data           1  nuedu-basic01_irda_nec.o(.data)
    IR_DAB                                   0x20000046   Data           1  nuedu-basic01_irda_nec.o(.data)
    IR_cnt                                   0x20000047   Data           1  nuedu-basic01_irda_nec.o(.data)
    IR_CODE                                  0x20000048   Data           4  nuedu-basic01_irda_nec.o(.data)
    __initial_sp                             0x20000450   Data           0  startup_m451series.o(STACK)



==============================================================================

Memory Map of the image

  Image Entry point : 0x00000171

  Load Region LR_1 (Base: 0x00000000, Size: 0x000023d8, Max: 0xffffffff, ABSOLUTE)

    Execution Region ER_RO (Base: 0x00000000, Size: 0x0000238c, Max: 0xffffffff, ABSOLUTE)

    Base Addr    Size         Type   Attr      Idx    E Section Name        Object

    0x00000000   0x00000140   Data   RO          130    RESET               startup_m451series.o
    0x00000140   0x00000000   Code   RO         1891  * .ARM.Collect$$$$00000000  mc_w.l(entry.o)
    0x00000140   0x00000004   Code   RO         2163    .ARM.Collect$$$$00000001  mc_w.l(entry2.o)
    0x00000144   0x00000004   Code   RO         2166    .ARM.Collect$$$$00000004  mc_w.l(entry5.o)
    0x00000148   0x00000000   Code   RO         2168    .ARM.Collect$$$$00000008  mc_w.l(entry7b.o)
    0x00000148   0x00000008   Code   RO         2169    .ARM.Collect$$$$00000009  mc_w.l(entry8.o)
    0x00000150   0x00000004   Code   RO         2164    .ARM.Collect$$$$00002712  mc_w.l(entry2.o)
    0x00000154   0x0000001c   Code   RO          598    .emb_text           retarget.o
    0x00000170   0x0000005c   Code   RO          131  * .text               startup_m451series.o
    0x000001cc   0x00000024   Code   RO         1892    .text               mc_w.l(memcpya.o)
    0x000001f0   0x0000001a   Code   RO         2157    .text               mf_w.l(dfltui.o)
    0x0000020a   0x00000002   PAD
    0x0000020c   0x00000028   Code   RO         2159    .text               mf_w.l(cdcmple.o)
    0x00000234   0x00000028   Code   RO         2161    .text               mf_w.l(cdrcmple.o)
    0x0000025c   0x00000062   Code   RO         2172    .text               mc_w.l(uldiv.o)
    0x000002be   0x00000000   Code   RO         2174    .text               mc_w.l(iusefp.o)
    0x000002be   0x000000be   Code   RO         2175    .text               mf_w.l(depilogue.o)
    0x0000037c   0x00000024   Code   RO         2185    .text               mc_w.l(init.o)
    0x000003a0   0x0000001e   Code   RO         2187    .text               mc_w.l(llshl.o)
    0x000003be   0x00000020   Code   RO         2189    .text               mc_w.l(llushr.o)
    0x000003de   0x00000002   PAD
    0x000003e0   0x00000010   Code   RO          721    i.CLK_DisablePLL    clk.o
    0x000003f0   0x0000001e   Code   RO          725    i.CLK_EnableModuleClock  clk.o
    0x0000040e   0x00000002   PAD
    0x00000410   0x000001a4   Code   RO          726    i.CLK_EnablePLL     clk.o
    0x000005b4   0x00000010   Code   RO          728    i.CLK_EnableXtalRC  clk.o
    0x000005c4   0x00000010   Code   RO          730    i.CLK_GetHCLKFreq   clk.o
    0x000005d4   0x00000058   Code   RO          257    i.CLK_GetPLLClockFreq  spi.o
    0x0000062c   0x00000058   Code   RO          942    i.CLK_GetPLLClockFreq  uart.o
    0x00000684   0x00000058   Code   RO         1110    i.CLK_GetPLLClockFreq  pwm.o
    0x000006dc   0x00000090   Code   RO          737    i.CLK_SetCoreClock  clk.o
    0x0000076c   0x0000005c   Code   RO          738    i.CLK_SetHCLK       clk.o
    0x000007c8   0x00000050   Code   RO          739    i.CLK_SetModuleClock  clk.o
    0x00000818   0x00000024   Code   RO         1833    i.CLK_SysTickDelay  nuedu-basic01_irda_nec.o
    0x0000083c   0x00000028   Code   RO          741    i.CLK_WaitClockReady  clk.o
    0x00000864   0x00000020   Code   RO         1061    i.EADC_ConfigSampleModule  eadc.o
    0x00000884   0x00000014   Code   RO         1062    i.EADC_Open         eadc.o
    0x00000898   0x0000001c   Code   RO         1064    i.EADC_SetInternalSampleTime  eadc.o
    0x000008b4   0x0000002c   Code   RO          689    i.GPIO_SetMode      gpio.o
    0x000008e0   0x0000001c   Code   RO         1609    i.Get_ADC_Knob      nuedu-basic01_adc_knob.o
    0x000008fc   0x00000038   Code   RO         1557    i.Get_Key_Input     nuedu-basic01_button.o
    0x00000934   0x00000028   Code   RO          600    i.Hard_Fault_Handler  retarget.o
    0x0000095c   0x00000028   Code   RO         1765    i.I2C1_IRQHandler   nuedu-basic01_eeprom.o
    0x00000984   0x0000000a   Code   RO          413    i.I2C_ClearTimeoutFlag  i2c.o
    0x0000098e   0x00000002   PAD
    0x00000990   0x00000078   Code   RO         1766    i.I2C_EEPROM_Init   nuedu-basic01_eeprom.o
    0x00000a08   0x0000003c   Code   RO         1767    i.I2C_EEPROM_Read   nuedu-basic01_eeprom.o
    0x00000a44   0x00000038   Code   RO         1768    i.I2C_EEPROM_Write  nuedu-basic01_eeprom.o
    0x00000a7c   0x0000000a   Code   RO          418    i.I2C_EnableInt     i2c.o
    0x00000a86   0x00000002   PAD
    0x00000a88   0x00000014   Code   RO          421    i.I2C_GetBusClockFreq  i2c.o
    0x00000a9c   0x000000c0   Code   RO         1769    i.I2C_MasterRx      nuedu-basic01_eeprom.o
    0x00000b5c   0x0000009c   Code   RO         1770    i.I2C_MasterTx      nuedu-basic01_eeprom.o
    0x00000bf8   0x00000034   Code   RO          425    i.I2C_Open          i2c.o
    0x00000c2c   0x00000010   Code   RO         1771    i.I2C_STOP          nuedu-basic01_eeprom.o
    0x00000c3c   0x0000003c   Code   RO         1558    i.Initial_Key_Input  nuedu-basic01_button.o
    0x00000c78   0x00000058   Code   RO         1670    i.Initial_LED       nuedu-basic01_led.o
    0x00000cd0   0x00000040   Code   RO         1583    i.Initial_PWM_LED   nuedu-basic01_rgbled.o
    0x00000d10   0x0000003c   Code   RO          137    i.IrDA_Code_Exe     main.o
    0x00000d4c   0x000000b8   Code   RO         1834    i.IrDA_NEC_TxRx_Init  nuedu-basic01_irda_nec.o
    0x00000e04   0x00000348   Code   RO         1835    i.IrDa_NEC_Rx       nuedu-basic01_irda_nec.o
    0x0000114c   0x0000002c   Code   RO         1836    i.Mark              nuedu-basic01_irda_nec.o
    0x00001178   0x00000094   Code   RO         1611    i.Open_ADC_Knob     nuedu-basic01_adc_knob.o
    0x0000120c   0x0000003c   Code   RO         1644    i.Open_Buzzer       nuedu-basic01_buzzer.o
    0x00001248   0x0000005c   Code   RO         1703    i.Open_SPI_Flash    nuedu-basic01_spi_flash.o
    0x000012a4   0x000000a8   Code   RO         1531    i.Open_Seven_Segment  nuedu-basic01_7_segment.o
    0x0000134c   0x00000024   Code   RO         1837    i.PWM0P2_IRQHandler  nuedu-basic01_irda_nec.o
    0x00001370   0x00000008   Code   RO         1113    i.PWM_ClearCaptureIntFlag  pwm.o
    0x00001378   0x000000b0   Code   RO         1121    i.PWM_ConfigCaptureChannel  pwm.o
    0x00001428   0x00000104   Code   RO         1122    i.PWM_ConfigOutputChannel  pwm.o
    0x0000152c   0x0000000a   Code   RO         1136    i.PWM_DisableOutput  pwm.o
    0x00001536   0x00000016   Code   RO         1148    i.PWM_EnableCapture  pwm.o
    0x0000154c   0x0000000e   Code   RO         1149    i.PWM_EnableCaptureInt  pwm.o
    0x0000155a   0x0000000a   Code   RO         1156    i.PWM_EnableOutput  pwm.o
    0x00001564   0x0000004c   Code   RO         1584    i.PWM_LED           nuedu-basic01_rgbled.o
    0x000015b0   0x00000008   Code   RO         1176    i.PWM_Start         pwm.o
    0x000015b8   0x0000000c   Code   RO         1838    i.SPACE             nuedu-basic01_irda_nec.o
    0x000015c4   0x0000000a   Code   RO          270    i.SPI_DisableAutoSS  spi.o
    0x000015ce   0x00000002   PAD
    0x000015d0   0x000001d0   Code   RO          277    i.SPI_Open          spi.o
    0x000017a0   0x00000060   Code   RO          138    i.SYS_Init          main.o
    0x00001800   0x0000001a   Code   RO          877    i.SYS_ResetModule   sys.o
    0x0000181a   0x00000002   PAD
    0x0000181c   0x00000020   Code   RO          603    i.SendChar_ToUART   retarget.o
    0x0000183c   0x0000004c   Code   RO         1839    i.SendNEC           nuedu-basic01_irda_nec.o
    0x00001888   0x000000fc   Code   RO         1532    i.Show_Seven_Segment  nuedu-basic01_7_segment.o
    0x00001984   0x00000070   Code   RO         1707    i.SpiFlash_ReadMidDid  nuedu-basic01_spi_flash.o
    0x000019f4   0x00000094   Code   RO            3    i.SystemCoreClockUpdate  system_m451series.o
    0x00001a88   0x00000054   Code   RO            4    i.SystemInit        system_m451series.o
    0x00001adc   0x00000020   Code   RO          139    i.UART0_Init        main.o
    0x00001afc   0x00000090   Code   RO          951    i.UART_Open         uart.o
    0x00001b8c   0x00000038   Code   RO         1645    i.Write_Buzzer      nuedu-basic01_buzzer.o
    0x00001bc4   0x00000034   Code   RO         1672    i.Write_LED_Bar     nuedu-basic01_led.o
    0x00001bf8   0x00000020   Code   RO         2103    i.__0printf$8       mc_w.l(printf8.o)
    0x00001c18   0x0000000e   Code   RO         2195    i.__scatterload_copy  mc_w.l(handlers.o)
    0x00001c26   0x00000002   Code   RO         2196    i.__scatterload_null  mc_w.l(handlers.o)
    0x00001c28   0x0000000e   Code   RO         2197    i.__scatterload_zeroinit  mc_w.l(handlers.o)
    0x00001c36   0x00000002   PAD
    0x00001c38   0x00000420   Code   RO         2110    i._printf_core      mc_w.l(printf8.o)
    0x00002058   0x00000026   Code   RO         2111    i._printf_post_padding  mc_w.l(printf8.o)
    0x0000207e   0x00000030   Code   RO         2112    i._printf_pre_padding  mc_w.l(printf8.o)
    0x000020ae   0x0000000c   Code   RO          607    i.fputc             retarget.o
    0x000020ba   0x00000002   PAD
    0x000020bc   0x000001bc   Code   RO          140    i.main              main.o
    0x00002278   0x000000a8   Code   RO          609    i.stackDump         retarget.o
    0x00002320   0x00000030   Data   RO          959    .constdata          uart.o
    0x00002350   0x0000001c   Data   RO         1673    .constdata          nuedu-basic01_led.o
    0x0000236c   0x00000020   Data   RO         2193    Region$$Table       anon$$obj.o


    Execution Region ER_RW (Base: 0x20000000, Size: 0x0000004c, Max: 0xffffffff, ABSOLUTE)

    Base Addr    Size         Type   Attr      Idx    E Section Name        Object

    0x20000000   0x0000002c   Data   RW            5    .data               system_m451series.o
    0x2000002c   0x00000004   Data   RW          141    .data               main.o
    0x20000030   0x00000004   Data   RW          610    .data               retarget.o
    0x20000034   0x0000000c   Data   RW         1772    .data               nuedu-basic01_eeprom.o
    0x20000040   0x0000000c   Data   RW         1840    .data               nuedu-basic01_irda_nec.o


    Execution Region ER_ZI (Base: 0x2000004c, Size: 0x00000404, Max: 0xffffffff, ABSOLUTE)

    Base Addr    Size         Type   Attr      Idx    E Section Name        Object

    0x2000004c   0x00000004   PAD
    0x20000050   0x00000400   Zero   RW          128    STACK               startup_m451series.o


==============================================================================

Image component sizes


      Code (inc. data)   RO Data    RW Data    ZI Data      Debug   Object Name

       854        106          0          0          0       6904   clk.o
        80         12          0          0          0       2147   eadc.o
        44          0          0          0          0        991   gpio.o
        92         10          0          0          0       2524   i2c.o
       632        110          0          4          0     219116   main.o
       420         26          0          0          0       1434   nuedu-basic01_7_segment.o
       176         14          0          0          0       1139   nuedu-basic01_adc_knob.o
       116         12          0          0          0       1168   nuedu-basic01_button.o
       116         14          0          0          0       1281   nuedu-basic01_buzzer.o
       640        158          0         12          0      34425   nuedu-basic01_eeprom.o
      1228        148          0         12          0       6140   nuedu-basic01_irda_nec.o
       140          8         28          0          0       1810   nuedu-basic01_led.o
       140         14          0          0          0       1392   nuedu-basic01_rgbled.o
       204         22          0          0          0       1211   nuedu-basic01_spi_flash.o
       596         36          0          0          0       6909   pwm.o
       280        130          0          4          0       4602   retarget.o
       562         38          0          0          0       3079   spi.o
        92         22        320          0       1024        912   startup_m451series.o
        26          0          0          0          0        530   sys.o
       232         24          0         44          0     252835   system_m451series.o
       232         30         48          0          0       2020   uart.o

    ----------------------------------------------------------------------
      6914        934        428         76       1028     552569   Object Totals
         0          0         32          0          0          0   (incl. Generated)
        12          0          0          0          4          0   (incl. Padding)

    ----------------------------------------------------------------------

      Code (inc. data)   RO Data    RW Data    ZI Data      Debug   Library Member Name

         0          0          0          0          0          0   entry.o
         8          4          0          0          0          0   entry2.o
         4          0          0          0          0          0   entry5.o
         0          0          0          0          0          0   entry7b.o
         8          4          0          0          0          0   entry8.o
        30          0          0          0          0          0   handlers.o
        36          8          0          0          0         68   init.o
         0          0          0          0          0          0   iusefp.o
        30          0          0          0          0         68   llshl.o
        32          0          0          0          0         68   llushr.o
        36          0          0          0          0         68   memcpya.o
      1174         56          0          0          0        352   printf8.o
        98          0          0          0          0         92   uldiv.o
        40          2          0          0          0         68   cdcmple.o
        40          2          0          0          0         68   cdrcmple.o
       190          0          0          0          0        176   depilogue.o
        26          0          0          0          0         76   dfltui.o

    ----------------------------------------------------------------------
      1758         76          0          0          0       1104   Library Totals
         6          0          0          0          0          0   (incl. Padding)

    ----------------------------------------------------------------------

      Code (inc. data)   RO Data    RW Data    ZI Data      Debug   Library Name

      1456         72          0          0          0        716   mc_w.l
       296          4          0          0          0        388   mf_w.l

    ----------------------------------------------------------------------
      1758         76          0          0          0       1104   Library Totals

    ----------------------------------------------------------------------

==============================================================================


      Code (inc. data)   RO Data    RW Data    ZI Data      Debug   

      8672       1010        428         76       1028     546501   Grand Totals
      8672       1010        428         76       1028     546501   ELF Image Totals
      8672       1010        428         76          0          0   ROM Totals

==============================================================================

    Total RO  Size (Code + RO Data)                 9100 (   8.89kB)
    Total RW  Size (RW Data + ZI Data)              1104 (   1.08kB)
    Total ROM Size (Code + RO Data + RW Data)       9176 (   8.96kB)

==============================================================================

