<html>
<body>
<pre>
<h1>µVision Build Log</h1>
<h2>Project:</h2>
C:\Users\YC\Downloads\M451BSP\SampleCode\NuEdu\Smpl_Basic01_7_Segment\KEIL\Smpl_Basic01_7_Segment.uvproj
Project File Date:  09/04/2015

<h2>Output:</h2>
Build target 'Smpl_Basic01_7_Segment'
creating preprocessor file for system_M451Series.c...
compiling system_M451Series.c...
assembling startup_M451Series.s...
creating preprocessor file for main.c...
compiling main.c...
creating preprocessor file for retarget.c...
compiling retarget.c...
creating preprocessor file for gpio.c...
compiling gpio.c...
creating preprocessor file for clk.c...
compiling clk.c...
creating preprocessor file for sys.c...
compiling sys.c...
creating preprocessor file for uart.c...
compiling uart.c...
creating preprocessor file for NuEdu-Basic01_7_Segment.c...
compiling NuEdu-Basic01_7_Segment.c...
linking...
Program Size: Code=3516 RO-data=400 RW-data=48 ZI-data=1024  
User command #1: fromelf --bin ".\obj\Smpl_Basic01_7_Segment.axf" --output ".\obj\Smpl_Basic01_7_Segment.bin"
User command #2: fromelf --text -c ".\obj\Smpl_Basic01_7_Segment.axf" --output ".\obj\Smpl_Basic01_7_Segment.txt"
".\obj\Smpl_Basic01_7_Segment.axf" - 0 Error(s), 0 Warning(s).
Load "C:\\Users\\YC\\Downloads\\M451BSP\\SampleCode\\NuEdu\\Smpl_Basic01_7_Segment\\KEIL\\obj\\Smpl_Basic01_7_Segment.AXF" 
Load "C:\\Users\\YC\\Downloads\\M451BSP\\SampleCode\\NuEdu\\Smpl_Basic01_7_Segment\\KEIL\\obj\\Smpl_Basic01_7_Segment.AXF" 
