<html>
<body>
<pre>
<h1>µVision Build Log</h1>
<h2>Project:</h2>
C:\Nuvoton\M451BSP\SampleCode\NuEdu\Smpl_Basic01_Button\KEIL\Smpl_Basic01_Button.uvproj
Project File Date:  11/23/2016

<h2>Output:</h2>
Build target 'Smpl_Basic01_ADC_Knob'
linking...
Program Size: Code=3508 RO-data=400 RW-data=48 ZI-data=1024  
User command #1: fromelf --bin ".\obj\Smpl_Basic01_ADC_Knob.axf" --output ".\obj\Smpl_Basic01_ADC_Knob.bin"
User command #2: fromelf --text -c ".\obj\Smpl_Basic01_ADC_Knob.axf" --output ".\obj\Smpl_Basic01_ADC_Knob.txt"
".\obj\Smpl_Basic01_ADC_Knob.axf" - 0 Error(s), 0 Warning(s).
Load "C:\\Nuvoton\\M451BSP\\SampleCode\\NuEdu\\Smpl_Basic01_Button\\KEIL\\obj\\Smpl_Basic01_ADC_Knob.AXF" 
