<html>
<body>
<pre>
<h1>µVision Build Log</h1>
<h2>Project:</h2>
C:\Users\YC\Downloads\M451BSP\SampleCode\NuTiny-SDK-M451\LED\KEIL\led.uvproj
Project File Date:  09/04/2015

<h2>Output:</h2>
Build target 'led'
creating preprocessor file for system_M451Series.c...
compiling system_M451Series.c...
assembling startup_M451Series.s...
creating preprocessor file for main.c...
compiling main.c...
creating preprocessor file for gpio.c...
compiling gpio.c...
creating preprocessor file for clk.c...
compiling clk.c...
creating preprocessor file for sys.c...
compiling sys.c...
creating preprocessor file for retarget.c...
compiling retarget.c...
linking...
Program Size: Code=3100 RO-data=352 RW-data=48 ZI-data=1024  
User command #1: fromelf --bin ".\obj\led.axf" --output ".\obj\led.bin"
User command #2: fromelf --text -c ".\obj\led.axf" --output ".\obj\led.txt"
".\obj\led.axf" - 0 Error(s), 0 Warning(s).
 
*** Rebuilding with Cross-Module Feedback:
Rebuild target 'led'
creating preprocessor file for system_M451Series.c...
compiling system_M451Series.c...
assembling startup_M451Series.s...
creating preprocessor file for main.c...
compiling main.c...
creating preprocessor file for gpio.c...
compiling gpio.c...
creating preprocessor file for clk.c...
compiling clk.c...
creating preprocessor file for sys.c...
compiling sys.c...
creating preprocessor file for retarget.c...
compiling retarget.c...
linking...
Program Size: Code=2584 RO-data=352 RW-data=48 ZI-data=1024  
User command #1: fromelf --bin ".\obj\led.axf" --output ".\obj\led.bin"
User command #2: fromelf --text -c ".\obj\led.axf" --output ".\obj\led.txt"
".\obj\led.axf" - 0 Error(s), 0 Warning(s).
Load "C:\\Users\\YC\\Downloads\\M451BSP\\SampleCode\\NuTiny-SDK-M451\\LED\\KEIL\\obj\\led.AXF" 
