Product: MDK-ARM Lite 5.10
Component: ARM Compiler 5.04 update 1 (build 49)
Tool: armlink [5040049]

==============================================================================

Small function inlining results

Inlined function __aeabi_idiv0 from aeabi_idiv0.o at offset 0x154 in aeabi_sdiv.o(.text).
Inlined Instruction: BX       lr
Inlined function __aeabi_idiv0 from aeabi_idiv0.o at offset 0x154 in aeabi_sdiv_div0.o(.text).
Inlined Instruction: BX       lr
Inlined function _platform_pre_stackheap_init from boardinit1.o at offset 0x0 in rtentry2.o(.ARM.Collect$$rtentry$$00000001).
Inlined Instruction: BX       lr
Inlined function _fp_init from fpinit.o at offset 0x0 in libinit2.o(.ARM.Collect$$libinit$$00000001).
Inlined Instruction: BX       lr
Inlined function _platform_pre_lib_shutdown from boardshut.o at offset 0x0 in rtexit2.o(.ARM.Collect$$rtexit$$00000001).
Inlined Instruction: BX       lr
Inlined function __ARM_get_argv from no_argv.o at offset 0x2 in argv_veneer.o(.text).
Inlined Instruction: BX       lr
Inlined total of 6 calls.

==============================================================================

Section Cross References

    system_nuc1xx.o(i.SystemCoreClockUpdate) refers to aeabi_sdiv.o(.text) for __aeabi_uidivmod
    system_nuc1xx.o(i.SystemCoreClockUpdate) refers to system_nuc1xx.o(.data) for gau32ClkSrcTbl
    startup_nuc1xx.o(STACK) refers (Special) to heapauxi.o(.text) for __use_two_region_memory
    startup_nuc1xx.o(HEAP) refers (Special) to heapauxi.o(.text) for __use_two_region_memory
    startup_nuc1xx.o(RESET) refers (Special) to heapauxi.o(.text) for __use_two_region_memory
    startup_nuc1xx.o(RESET) refers to startup_nuc1xx.o(STACK) for __initial_sp
    startup_nuc1xx.o(RESET) refers to startup_nuc1xx.o(.text) for Reset_Handler
    startup_nuc1xx.o(RESET) refers to sys.o(i.BOD_IRQHandler) for BOD_IRQHandler
    startup_nuc1xx.o(RESET) refers to gpio.o(i.EINT0_IRQHandler) for EINT0_IRQHandler
    startup_nuc1xx.o(RESET) refers to gpio.o(i.EINT1_IRQHandler) for EINT1_IRQHandler
    startup_nuc1xx.o(RESET) refers to gpio.o(i.GPAB_IRQHandler) for GPAB_IRQHandler
    startup_nuc1xx.o(RESET) refers to gpio.o(i.GPCDE_IRQHandler) for GPCDE_IRQHandler
    startup_nuc1xx.o(RESET) refers to main.o(i.TMR0_IRQHandler) for TMR0_IRQHandler
    startup_nuc1xx.o(RESET) refers to main.o(i.TMR1_IRQHandler) for TMR1_IRQHandler
    startup_nuc1xx.o(RESET) refers to sys.o(i.PWRWU_IRQHandler) for PWRWU_IRQHandler
    startup_nuc1xx.o(.text) refers (Special) to heapauxi.o(.text) for __use_two_region_memory
    startup_nuc1xx.o(.text) refers to system_nuc1xx.o(i.SystemInit) for SystemInit
    startup_nuc1xx.o(.text) refers to __main.o(!!!main) for __main
    startup_nuc1xx.o(.text) refers to startup_nuc1xx.o(HEAP) for Heap_Mem
    startup_nuc1xx.o(.text) refers to startup_nuc1xx.o(STACK) for Stack_Mem
    main.o(i.InitTIMER0) refers to main.o(i.NVIC_EnableIRQ) for NVIC_EnableIRQ
    main.o(i.InitTIMER1) refers to main.o(i.NVIC_EnableIRQ) for NVIC_EnableIRQ
    main.o(i.TMR0_IRQHandler) refers to main.o(.data) for TimerCounter
    main.o(i.TMR1_IRQHandler) refers to gpio.o(i.DrvGPIO_SetBit) for DrvGPIO_SetBit
    main.o(i.TMR1_IRQHandler) refers to gpio.o(i.DrvGPIO_ClrBit) for DrvGPIO_ClrBit
    main.o(i.TMR1_IRQHandler) refers to main.o(.data) for counter
    main.o(i.main) refers to gpio.o(i.DrvGPIO_Open) for DrvGPIO_Open
    main.o(i.main) refers to sys.o(i.DrvSYS_Delay) for DrvSYS_Delay
    main.o(i.main) refers to main.o(i.InitTIMER0) for InitTIMER0
    main.o(i.main) refers to main.o(i.InitTIMER1) for InitTIMER1
    main.o(i.main) refers to seven_segment.o(i.close_seven_segment) for close_seven_segment
    main.o(i.main) refers to seven_segment.o(i.show_seven_segment) for show_seven_segment
    main.o(i.main) refers to main.o(.data) for a
    gpio.o(i.DrvGPIO_ClrPortMask) refers to gpio.o(i.DrvGPIO_GetPortMask) for DrvGPIO_GetPortMask
    gpio.o(i.DrvGPIO_DisableEINT0) refers to gpio.o(i.NVIC_DisableIRQ) for NVIC_DisableIRQ
    gpio.o(i.DrvGPIO_DisableEINT1) refers to gpio.o(i.NVIC_DisableIRQ) for NVIC_DisableIRQ
    gpio.o(i.DrvGPIO_DisableInt) refers to gpio.o(i.NVIC_DisableIRQ) for NVIC_DisableIRQ
    gpio.o(i.DrvGPIO_EnableEINT0) refers to gpio.o(i.NVIC_SetPriority) for NVIC_SetPriority
    gpio.o(i.DrvGPIO_EnableEINT0) refers to gpio.o(i.NVIC_EnableIRQ) for NVIC_EnableIRQ
    gpio.o(i.DrvGPIO_EnableEINT0) refers to gpio.o(.data) for _pfEINT0Callback
    gpio.o(i.DrvGPIO_EnableEINT1) refers to gpio.o(i.NVIC_SetPriority) for NVIC_SetPriority
    gpio.o(i.DrvGPIO_EnableEINT1) refers to gpio.o(i.NVIC_EnableIRQ) for NVIC_EnableIRQ
    gpio.o(i.DrvGPIO_EnableEINT1) refers to gpio.o(.data) for _pfEINT1Callback
    gpio.o(i.DrvGPIO_EnableInt) refers to gpio.o(i.NVIC_SetPriority) for NVIC_SetPriority
    gpio.o(i.DrvGPIO_EnableInt) refers to gpio.o(i.NVIC_EnableIRQ) for NVIC_EnableIRQ
    gpio.o(i.DrvGPIO_InitFunction) refers to gpio.o(i.__ARM_common_switch8) for __ARM_common_switch8
    gpio.o(i.DrvGPIO_SetIntCallback) refers to gpio.o(.data) for _pfGPABCallback
    gpio.o(i.DrvGPIO_SetPortMask) refers to gpio.o(i.DrvGPIO_GetPortMask) for DrvGPIO_GetPortMask
    gpio.o(i.EINT0_IRQHandler) refers to gpio.o(.data) for _pfEINT0Callback
    gpio.o(i.EINT1_IRQHandler) refers to gpio.o(.data) for _pfEINT1Callback
    gpio.o(i.GPAB_IRQHandler) refers to gpio.o(.data) for _pfGPABCallback
    gpio.o(i.GPCDE_IRQHandler) refers to gpio.o(.data) for _pfGPCDECallback
    sys.o(i.BOD_IRQHandler) refers to sys.o(.data) for BOD_callbackFn
    sys.o(i.DrvSYS_Delay) refers to system_nuc1xx.o(.data) for CyclesPerUs
    sys.o(i.DrvSYS_GetChipClockSourceStatus) refers to gpio.o(i.__ARM_common_switch8) for __ARM_common_switch8
    sys.o(i.DrvSYS_GetHCLKFreq) refers to sys.o(i.DrvSYS_GetPLLClockFreq) for DrvSYS_GetPLLClockFreq
    sys.o(i.DrvSYS_GetHCLKFreq) refers to aeabi_sdiv.o(.text) for __aeabi_uidivmod
    sys.o(i.DrvSYS_GetPLLClockFreq) refers to aeabi_sdiv.o(.text) for __aeabi_uidivmod
    sys.o(i.DrvSYS_GetPLLClockFreq) refers to sys.o(.constdata) for .constdata
    sys.o(i.DrvSYS_GetPLLContent) refers to aeabi_sdiv.o(.text) for __aeabi_uidivmod
    sys.o(i.DrvSYS_Open) refers to sys.o(i.DrvSYS_IsProtectedRegLocked) for DrvSYS_IsProtectedRegLocked
    sys.o(i.DrvSYS_Open) refers to sys.o(i.DrvSYS_GetPLLContent) for DrvSYS_GetPLLContent
    sys.o(i.DrvSYS_Open) refers to sys.o(i.DrvSYS_SetPLLContent) for DrvSYS_SetPLLContent
    sys.o(i.DrvSYS_Open) refers to sys.o(i.DrvSYS_SelectHCLKSource) for DrvSYS_SelectHCLKSource
    sys.o(i.DrvSYS_SelectHCLKSource) refers to system_nuc1xx.o(i.SystemCoreClockUpdate) for SystemCoreClockUpdate
    sys.o(i.DrvSYS_SelectIPClockSource) refers to gpio.o(i.__ARM_common_switch8) for __ARM_common_switch8
    sys.o(i.DrvSYS_SetBODFunction) refers to sys.o(i.NVIC_DisableIRQ) for NVIC_DisableIRQ
    sys.o(i.DrvSYS_SetBODFunction) refers to sys.o(i.NVIC_SetPriority) for NVIC_SetPriority
    sys.o(i.DrvSYS_SetBODFunction) refers to sys.o(i.NVIC_EnableIRQ) for NVIC_EnableIRQ
    sys.o(i.DrvSYS_SetBODFunction) refers to sys.o(.data) for BOD_callbackFn
    sys.o(i.DrvSYS_SetClockDivider) refers to system_nuc1xx.o(i.SystemCoreClockUpdate) for SystemCoreClockUpdate
    sys.o(i.DrvSYS_SetFreqDividerOutput) refers to sys.o(i.DrvSYS_SetIPClock) for DrvSYS_SetIPClock
    sys.o(i.DrvSYS_SetPowerDownWakeUpInt) refers to sys.o(i.NVIC_SetPriority) for NVIC_SetPriority
    sys.o(i.DrvSYS_SetPowerDownWakeUpInt) refers to sys.o(i.NVIC_EnableIRQ) for NVIC_EnableIRQ
    sys.o(i.DrvSYS_SetPowerDownWakeUpInt) refers to sys.o(i.NVIC_DisableIRQ) for NVIC_DisableIRQ
    sys.o(i.DrvSYS_SetPowerDownWakeUpInt) refers to sys.o(.data) for PWRWU_callbackFn
    sys.o(i.PWRWU_IRQHandler) refers to sys.o(.data) for PWRWU_callbackFn
    seven_segment.o(i.close_seven_segment) refers to gpio.o(i.DrvGPIO_ClrBit) for DrvGPIO_ClrBit
    seven_segment.o(i.show_seven_segment) refers to gpio.o(i.DrvGPIO_SetBit) for DrvGPIO_SetBit
    seven_segment.o(i.show_seven_segment) refers to gpio.o(i.DrvGPIO_ClrBit) for DrvGPIO_ClrBit
    seven_segment.o(i.show_seven_segment) refers to seven_segment.o(.data) for SEG_BUF
    __main.o(!!!main) refers to rtentry.o(.ARM.Collect$$rtentry$$00000000) for __rt_entry
    rtentry.o(.ARM.Collect$$rtentry$$00000000) refers (Special) to rtentry2.o(.ARM.Collect$$rtentry$$0000000A) for __rt_entry_li
    rtentry.o(.ARM.Collect$$rtentry$$00000000) refers (Special) to rtentry2.o(.ARM.Collect$$rtentry$$0000000D) for __rt_entry_main
    rtentry.o(.ARM.Collect$$rtentry$$00000000) refers (Special) to rtentry2.o(.ARM.Collect$$rtentry$$0000000C) for __rt_entry_postli_1
    rtentry.o(.ARM.Collect$$rtentry$$00000000) refers (Special) to rtentry2.o(.ARM.Collect$$rtentry$$00000009) for __rt_entry_postsh_1
    rtentry.o(.ARM.Collect$$rtentry$$00000000) refers (Special) to rtentry2.o(.ARM.Collect$$rtentry$$00000002) for __rt_entry_presh_1
    rtentry.o(.ARM.Collect$$rtentry$$00000000) refers (Special) to rtentry4.o(.ARM.Collect$$rtentry$$00000004) for __rt_entry_sh
    aeabi_idiv0_sigfpe.o(.text) refers to rt_div0.o(.text) for __rt_div0
    rtentry2.o(.ARM.Collect$$rtentry$$00000008) refers to boardinit2.o(.text) for _platform_post_stackheap_init
    rtentry2.o(.ARM.Collect$$rtentry$$0000000A) refers to libinit.o(.ARM.Collect$$libinit$$00000000) for __rt_lib_init
    rtentry2.o(.ARM.Collect$$rtentry$$0000000B) refers to boardinit3.o(.text) for _platform_post_lib_init
    rtentry2.o(.ARM.Collect$$rtentry$$0000000D) refers to main.o(i.main) for main
    rtentry2.o(.ARM.Collect$$rtentry$$0000000D) refers to exit.o(.text) for exit
    rtentry2.o(.ARM.exidx) refers to rtentry2.o(.ARM.Collect$$rtentry$$00000001) for .ARM.Collect$$rtentry$$00000001
    rtentry2.o(.ARM.exidx) refers to rtentry2.o(.ARM.Collect$$rtentry$$00000008) for .ARM.Collect$$rtentry$$00000008
    rtentry2.o(.ARM.exidx) refers to rtentry2.o(.ARM.Collect$$rtentry$$0000000A) for .ARM.Collect$$rtentry$$0000000A
    rtentry2.o(.ARM.exidx) refers to rtentry2.o(.ARM.Collect$$rtentry$$0000000B) for .ARM.Collect$$rtentry$$0000000B
    rtentry2.o(.ARM.exidx) refers to rtentry2.o(.ARM.Collect$$rtentry$$0000000D) for .ARM.Collect$$rtentry$$0000000D
    rtentry4.o(.ARM.Collect$$rtentry$$00000004) refers to sys_stackheap_outer.o(.text) for __user_setup_stackheap
    rtentry4.o(.ARM.exidx) refers to rtentry4.o(.ARM.Collect$$rtentry$$00000004) for .ARM.Collect$$rtentry$$00000004
    rt_div0.o(.text) refers to defsig_fpe_outer.o(.text) for __rt_SIGFPE
    sys_stackheap_outer.o(.text) refers to libspace.o(.text) for __user_perproc_libspace
    sys_stackheap_outer.o(.text) refers to startup_nuc1xx.o(.text) for __user_initial_stackheap
    sys_stackheap_outer.o(__vectab_stack_and_reset_area) refers to tempstk.o(.text) for __temporary_stack_top
    sys_stackheap_outer.o(__vectab_stack_and_reset_area) refers to __main.o(!!!main) for __main
    exit.o(.text) refers to rtexit.o(.ARM.Collect$$rtexit$$00000000) for __rt_exit
    defsig_fpe_outer.o(.text) refers to defsig_fpe_inner.o(.text) for __rt_SIGFPE_inner
    defsig_fpe_outer.o(.text) refers to defsig_exit.o(.text) for __sig_exit
    defsig_fpe_formal.o(.text) refers to rt_raise.o(.text) for __rt_raise
    libinit.o(.ARM.Collect$$libinit$$00000000) refers (Special) to libinit2.o(.ARM.Collect$$libinit$$0000002C) for __rt_lib_init_alloca_1
    libinit.o(.ARM.Collect$$libinit$$00000000) refers (Special) to libinit2.o(.ARM.Collect$$libinit$$0000002A) for __rt_lib_init_argv_1
    libinit.o(.ARM.Collect$$libinit$$00000000) refers (Special) to libinit2.o(.ARM.Collect$$libinit$$00000019) for __rt_lib_init_atexit_1
    libinit.o(.ARM.Collect$$libinit$$00000000) refers (Special) to libinit2.o(.ARM.Collect$$libinit$$0000001F) for __rt_lib_init_clock_1
    libinit.o(.ARM.Collect$$libinit$$00000000) refers (Special) to libinit2.o(.ARM.Collect$$libinit$$00000030) for __rt_lib_init_cpp_1
    libinit.o(.ARM.Collect$$libinit$$00000000) refers (Special) to libinit2.o(.ARM.Collect$$libinit$$0000002E) for __rt_lib_init_exceptions_1
    libinit.o(.ARM.Collect$$libinit$$00000000) refers (Special) to libinit2.o(.ARM.Collect$$libinit$$00000001) for __rt_lib_init_fp_1
    libinit.o(.ARM.Collect$$libinit$$00000000) refers (Special) to libinit2.o(.ARM.Collect$$libinit$$0000001D) for __rt_lib_init_fp_trap_1
    libinit.o(.ARM.Collect$$libinit$$00000000) refers (Special) to libinit2.o(.ARM.Collect$$libinit$$00000021) for __rt_lib_init_getenv_1
    libinit.o(.ARM.Collect$$libinit$$00000000) refers (Special) to libinit2.o(.ARM.Collect$$libinit$$00000008) for __rt_lib_init_heap_1
    libinit.o(.ARM.Collect$$libinit$$00000000) refers (Special) to libinit2.o(.ARM.Collect$$libinit$$0000000F) for __rt_lib_init_lc_collate_1
    libinit.o(.ARM.Collect$$libinit$$00000000) refers (Special) to libinit2.o(.ARM.Collect$$libinit$$00000011) for __rt_lib_init_lc_ctype_1
    libinit.o(.ARM.Collect$$libinit$$00000000) refers (Special) to libinit2.o(.ARM.Collect$$libinit$$00000013) for __rt_lib_init_lc_monetary_1
    libinit.o(.ARM.Collect$$libinit$$00000000) refers (Special) to libinit2.o(.ARM.Collect$$libinit$$00000015) for __rt_lib_init_lc_numeric_1
    libinit.o(.ARM.Collect$$libinit$$00000000) refers (Special) to libinit2.o(.ARM.Collect$$libinit$$00000017) for __rt_lib_init_lc_time_1
    libinit.o(.ARM.Collect$$libinit$$00000000) refers (Special) to libinit2.o(.ARM.Collect$$libinit$$0000000C) for __rt_lib_init_rand_1
    libinit.o(.ARM.Collect$$libinit$$00000000) refers (Special) to libinit2.o(.ARM.Collect$$libinit$$00000031) for __rt_lib_init_return
    libinit.o(.ARM.Collect$$libinit$$00000000) refers (Special) to libinit2.o(.ARM.Collect$$libinit$$0000001B) for __rt_lib_init_signal_1
    libinit.o(.ARM.Collect$$libinit$$00000000) refers (Special) to libinit2.o(.ARM.Collect$$libinit$$00000023) for __rt_lib_init_stdio_1
    libinit.o(.ARM.Collect$$libinit$$00000000) refers (Special) to libinit2.o(.ARM.Collect$$libinit$$0000000A) for __rt_lib_init_user_alloc_1
    libspace.o(.text) refers to libspace.o(.bss) for __libspace_start
    rtexit.o(.ARM.Collect$$rtexit$$00000000) refers (Special) to rtexit2.o(.ARM.Collect$$rtexit$$00000004) for __rt_exit_exit
    rtexit.o(.ARM.Collect$$rtexit$$00000000) refers (Special) to rtexit2.o(.ARM.Collect$$rtexit$$00000003) for __rt_exit_ls
    rtexit.o(.ARM.Collect$$rtexit$$00000000) refers (Special) to rtexit2.o(.ARM.Collect$$rtexit$$00000002) for __rt_exit_prels_1
    rtexit.o(.ARM.exidx) refers (Special) to rtexit2.o(.ARM.Collect$$rtexit$$00000004) for __rt_exit_exit
    rtexit.o(.ARM.exidx) refers (Special) to rtexit2.o(.ARM.Collect$$rtexit$$00000003) for __rt_exit_ls
    rtexit.o(.ARM.exidx) refers (Special) to rtexit2.o(.ARM.Collect$$rtexit$$00000002) for __rt_exit_prels_1
    rtexit.o(.ARM.exidx) refers to rtexit.o(.ARM.Collect$$rtexit$$00000000) for .ARM.Collect$$rtexit$$00000000
    rt_raise.o(.text) refers to __raise.o(.text) for __raise
    rt_raise.o(.text) refers to sys_exit.o(.text) for _sys_exit
    defsig_exit.o(.text) refers to sys_exit.o(.text) for _sys_exit
    defsig_fpe_inner.o(.text) refers to defsig_general.o(.text) for __default_signal_display
    libinit2.o(.ARM.Collect$$libinit$$0000000E) refers to libinit2.o(.ARM.Collect$$libinit$$0000000D) for .ARM.Collect$$libinit$$0000000D
    libinit2.o(.ARM.Collect$$libinit$$00000010) refers to libinit2.o(.ARM.Collect$$libinit$$0000000D) for .ARM.Collect$$libinit$$0000000D
    libinit2.o(.ARM.Collect$$libinit$$00000012) refers to libinit2.o(.ARM.Collect$$libinit$$0000000D) for .ARM.Collect$$libinit$$0000000D
    libinit2.o(.ARM.Collect$$libinit$$00000014) refers to libinit2.o(.ARM.Collect$$libinit$$0000000D) for .ARM.Collect$$libinit$$0000000D
    libinit2.o(.ARM.Collect$$libinit$$00000016) refers to libinit2.o(.ARM.Collect$$libinit$$0000000D) for .ARM.Collect$$libinit$$0000000D
    libinit2.o(.ARM.Collect$$libinit$$00000024) refers to argv_veneer.o(.text) for __ARM_argv_veneer
    libinit2.o(.ARM.Collect$$libinit$$00000025) refers to argv_veneer.o(.text) for __ARM_argv_veneer
    sys_exit.o(.text) refers (Special) to use_no_semi.o(.text) for __I$use$semihosting
    sys_exit.o(.text) refers (Special) to indicate_semi.o(.text) for __semihosting_library_function
    rtexit2.o(.ARM.Collect$$rtexit$$00000003) refers to libshutdown.o(.ARM.Collect$$libshutdown$$00000000) for __rt_lib_shutdown
    rtexit2.o(.ARM.Collect$$rtexit$$00000004) refers to sys_exit.o(.text) for _sys_exit
    rtexit2.o(.ARM.exidx) refers to rtexit2.o(.ARM.Collect$$rtexit$$00000001) for .ARM.Collect$$rtexit$$00000001
    rtexit2.o(.ARM.exidx) refers to rtexit2.o(.ARM.Collect$$rtexit$$00000003) for .ARM.Collect$$rtexit$$00000003
    rtexit2.o(.ARM.exidx) refers to rtexit2.o(.ARM.Collect$$rtexit$$00000004) for .ARM.Collect$$rtexit$$00000004
    __raise.o(.text) refers to defsig.o(CL$$defsig) for __default_signal_handler
    defsig_general.o(.text) refers to sys_wrch.o(.text) for _ttywrch
    sys_wrch.o(.text) refers (Special) to use_no_semi.o(.text) for __I$use$semihosting
    sys_wrch.o(.text) refers (Special) to indicate_semi.o(.text) for __semihosting_library_function
    defsig.o(CL$$defsig) refers to defsig_fpe_inner.o(.text) for __rt_SIGFPE_inner
    defsig.o(CL$$defsig) refers to defsig_rtmem_inner.o(.text) for __rt_SIGRTMEM_inner
    _get_argv_nomalloc.o(.text) refers (Special) to hrguard.o(.text) for __heap_region$guard
    _get_argv_nomalloc.o(.text) refers to defsig_rtmem_outer.o(.text) for __rt_SIGRTMEM
    _get_argv_nomalloc.o(.text) refers to sys_command.o(.text) for _sys_command_string
    libshutdown.o(.ARM.Collect$$libshutdown$$00000000) refers (Special) to libshutdown2.o(.ARM.Collect$$libshutdown$$00000006) for __rt_lib_shutdown_fp_trap_1
    libshutdown.o(.ARM.Collect$$libshutdown$$00000000) refers (Special) to libshutdown2.o(.ARM.Collect$$libshutdown$$0000000E) for __rt_lib_shutdown_heap_1
    libshutdown.o(.ARM.Collect$$libshutdown$$00000000) refers (Special) to libshutdown2.o(.ARM.Collect$$libshutdown$$0000000F) for __rt_lib_shutdown_return
    libshutdown.o(.ARM.Collect$$libshutdown$$00000000) refers (Special) to libshutdown2.o(.ARM.Collect$$libshutdown$$00000009) for __rt_lib_shutdown_signal_1
    libshutdown.o(.ARM.Collect$$libshutdown$$00000000) refers (Special) to libshutdown2.o(.ARM.Collect$$libshutdown$$00000003) for __rt_lib_shutdown_stdio_1
    libshutdown.o(.ARM.Collect$$libshutdown$$00000000) refers (Special) to libshutdown2.o(.ARM.Collect$$libshutdown$$0000000B) for __rt_lib_shutdown_user_alloc_1
    sys_command.o(.text) refers (Special) to use_no_semi.o(.text) for __I$use$semihosting
    sys_command.o(.text) refers (Special) to indicate_semi.o(.text) for __semihosting_library_function
    defsig_abrt_inner.o(.text) refers to defsig_general.o(.text) for __default_signal_display
    defsig_rtred_inner.o(.text) refers to defsig_general.o(.text) for __default_signal_display
    defsig_rtmem_inner.o(.text) refers to defsig_general.o(.text) for __default_signal_display
    defsig_rtmem_outer.o(.text) refers to defsig_rtmem_inner.o(.text) for __rt_SIGRTMEM_inner
    defsig_rtmem_outer.o(.text) refers to defsig_exit.o(.text) for __sig_exit
    defsig_rtmem_formal.o(.text) refers to rt_raise.o(.text) for __rt_raise
    defsig_stak_inner.o(.text) refers to defsig_general.o(.text) for __default_signal_display
    defsig_pvfn_inner.o(.text) refers to defsig_general.o(.text) for __default_signal_display
    defsig_cppl_inner.o(.text) refers to defsig_general.o(.text) for __default_signal_display
    defsig_segv_inner.o(.text) refers to defsig_general.o(.text) for __default_signal_display
    defsig_other.o(.text) refers to defsig_general.o(.text) for __default_signal_display


==============================================================================

Removing Unused input sections from the image.

    Removing core_cm0.o(.emb_text), (32 bytes).
    Removing system_nuc1xx.o(i.SystemCoreClockUpdate), (160 bytes).
    Removing gpio.o(i.DrvGPIO_Close), (68 bytes).
    Removing gpio.o(i.DrvGPIO_ClrBitMask), (36 bytes).
    Removing gpio.o(i.DrvGPIO_ClrPortMask), (32 bytes).
    Removing gpio.o(i.DrvGPIO_DisableDebounce), (52 bytes).
    Removing gpio.o(i.DrvGPIO_DisableDigitalInputBit), (40 bytes).
    Removing gpio.o(i.DrvGPIO_DisableEINT0), (36 bytes).
    Removing gpio.o(i.DrvGPIO_DisableEINT1), (36 bytes).
    Removing gpio.o(i.DrvGPIO_DisableInt), (80 bytes).
    Removing gpio.o(i.DrvGPIO_EnableDebounce), (52 bytes).
    Removing gpio.o(i.DrvGPIO_EnableDigitalInputBit), (40 bytes).
    Removing gpio.o(i.DrvGPIO_EnableEINT0), (152 bytes).
    Removing gpio.o(i.DrvGPIO_EnableEINT1), (152 bytes).
    Removing gpio.o(i.DrvGPIO_EnableInt), (240 bytes).
    Removing gpio.o(i.DrvGPIO_GetBit), (44 bytes).
    Removing gpio.o(i.DrvGPIO_GetBitMask), (28 bytes).
    Removing gpio.o(i.DrvGPIO_GetDebounceSampleCycle), (16 bytes).
    Removing gpio.o(i.DrvGPIO_GetDoutBit), (40 bytes).
    Removing gpio.o(i.DrvGPIO_GetIntStatus), (16 bytes).
    Removing gpio.o(i.DrvGPIO_GetPortBits), (16 bytes).
    Removing gpio.o(i.DrvGPIO_GetPortDoutBits), (28 bytes).
    Removing gpio.o(i.DrvGPIO_GetPortMask), (16 bytes).
    Removing gpio.o(i.DrvGPIO_GetVersion), (8 bytes).
    Removing gpio.o(i.DrvGPIO_InitFunction), (1880 bytes).
    Removing gpio.o(i.DrvGPIO_SetBitMask), (36 bytes).
    Removing gpio.o(i.DrvGPIO_SetDebounceTime), (64 bytes).
    Removing gpio.o(i.DrvGPIO_SetIntCallback), (20 bytes).
    Removing gpio.o(i.DrvGPIO_SetPortBits), (20 bytes).
    Removing gpio.o(i.DrvGPIO_SetPortMask), (32 bytes).
    Removing gpio.o(i.NVIC_DisableIRQ), (20 bytes).
    Removing gpio.o(i.NVIC_EnableIRQ), (20 bytes).
    Removing gpio.o(i.NVIC_SetPriority), (120 bytes).
    Removing sys.o(i.DrvSYS_ClearClockSwitchStatus), (20 bytes).
    Removing sys.o(i.DrvSYS_ClearResetSource), (12 bytes).
    Removing sys.o(i.DrvSYS_DisableBODLowPowerMode), (18 bytes).
    Removing sys.o(i.DrvSYS_DisableHighPerformanceMode), (18 bytes).
    Removing sys.o(i.DrvSYS_DisableLowVoltReset), (18 bytes).
    Removing sys.o(i.DrvSYS_DisablePOR), (12 bytes).
    Removing sys.o(i.DrvSYS_DisableTemperatureSensor), (18 bytes).
    Removing sys.o(i.DrvSYS_EnableBODLowPowerMode), (20 bytes).
    Removing sys.o(i.DrvSYS_EnableHighPerformanceMode), (20 bytes).
    Removing sys.o(i.DrvSYS_EnableLowVoltReset), (20 bytes).
    Removing sys.o(i.DrvSYS_EnablePOR), (10 bytes).
    Removing sys.o(i.DrvSYS_EnableTemperatureSensor), (20 bytes).
    Removing sys.o(i.DrvSYS_EnterPowerDown), (56 bytes).
    Removing sys.o(i.DrvSYS_GetBODState), (12 bytes).
    Removing sys.o(i.DrvSYS_GetChipClockSourceStatus), (88 bytes).
    Removing sys.o(i.DrvSYS_GetClockSwitchStatus), (16 bytes).
    Removing sys.o(i.DrvSYS_GetExtClockFreq), (8 bytes).
    Removing sys.o(i.DrvSYS_GetHCLKFreq), (112 bytes).
    Removing sys.o(i.DrvSYS_GetPLLClockFreq), (120 bytes).
    Removing sys.o(i.DrvSYS_GetPLLContent), (196 bytes).
    Removing sys.o(i.DrvSYS_GetResetSource), (8 bytes).
    Removing sys.o(i.DrvSYS_GetVersion), (8 bytes).
    Removing sys.o(i.DrvSYS_IsProtectedRegLocked), (16 bytes).
    Removing sys.o(i.DrvSYS_LockProtectedReg), (36 bytes).
    Removing sys.o(i.DrvSYS_Open), (192 bytes).
    Removing sys.o(i.DrvSYS_ReadProductID), (8 bytes).
    Removing sys.o(i.DrvSYS_ResetCPU), (20 bytes).
    Removing sys.o(i.DrvSYS_ResetChip), (20 bytes).
    Removing sys.o(i.DrvSYS_ResetIP), (110 bytes).
    Removing sys.o(i.DrvSYS_SelectBODVolt), (26 bytes).
    Removing sys.o(i.DrvSYS_SelectHCLKSource), (56 bytes).
    Removing sys.o(i.DrvSYS_SelectIPClockSource), (352 bytes).
    Removing sys.o(i.DrvSYS_SelectPLLSource), (32 bytes).
    Removing sys.o(i.DrvSYS_SelectSysTickSource), (52 bytes).
    Removing sys.o(i.DrvSYS_SetBODFunction), (92 bytes).
    Removing sys.o(i.DrvSYS_SetClockDivider), (136 bytes).
    Removing sys.o(i.DrvSYS_SetFreqDividerOutput), (76 bytes).
    Removing sys.o(i.DrvSYS_SetIPClock), (120 bytes).
    Removing sys.o(i.DrvSYS_SetOscCtrl), (128 bytes).
    Removing sys.o(i.DrvSYS_SetPLLContent), (76 bytes).
    Removing sys.o(i.DrvSYS_SetPLLMode), (52 bytes).
    Removing sys.o(i.DrvSYS_SetPowerDownWakeUpInt), (108 bytes).
    Removing sys.o(i.DrvSYS_UnlockProtectedReg), (44 bytes).
    Removing sys.o(i.NVIC_DisableIRQ), (20 bytes).
    Removing sys.o(i.NVIC_EnableIRQ), (20 bytes).
    Removing sys.o(i.NVIC_SetPriority), (120 bytes).
    Removing sys.o(.constdata), (16 bytes).
    Removing gpio.o(i.__ARM_common_switch8), (28 bytes).

81 unused section(s) (total 6418 bytes) removed from the image.

==============================================================================

Image Symbol Table

    Local Symbols

    Symbol Name                              Value     Ov Type        Size  Object(Section)

    RESET                                    0x00000000   Section      192  startup_nuc1xx.o(RESET)
    ../clib/angel/boardlib.s                 0x00000000   Number         0  boardinit1.o ABSOLUTE
    ../clib/angel/boardlib.s                 0x00000000   Number         0  boardshut.o ABSOLUTE
    ../clib/angel/boardlib.s                 0x00000000   Number         0  boardinit2.o ABSOLUTE
    ../clib/angel/boardlib.s                 0x00000000   Number         0  boardinit3.o ABSOLUTE
    ../clib/angel/handlers.s                 0x00000000   Number         0  __scatter_copy.o ABSOLUTE
    ../clib/angel/handlers.s                 0x00000000   Number         0  __scatter_zi.o ABSOLUTE
    ../clib/angel/kernel.s                   0x00000000   Number         0  rtentry.o ABSOLUTE
    ../clib/angel/kernel.s                   0x00000000   Number         0  rtexit.o ABSOLUTE
    ../clib/angel/kernel.s                   0x00000000   Number         0  rtentry4.o ABSOLUTE
    ../clib/angel/kernel.s                   0x00000000   Number         0  rtentry2.o ABSOLUTE
    ../clib/angel/kernel.s                   0x00000000   Number         0  rtexit2.o ABSOLUTE
    ../clib/angel/rt.s                       0x00000000   Number         0  rt_div0.o ABSOLUTE
    ../clib/angel/rt.s                       0x00000000   Number         0  rt_raise.o ABSOLUTE
    ../clib/angel/rt.s                       0x00000000   Number         0  aeabi_idiv0.o ABSOLUTE
    ../clib/angel/rt.s                       0x00000000   Number         0  aeabi_idiv0_sigfpe.o ABSOLUTE
    ../clib/angel/scatterp.s                 0x00000000   Number         0  __scatter.o ABSOLUTE
    ../clib/angel/startup.s                  0x00000000   Number         0  __main.o ABSOLUTE
    ../clib/angel/sys.s                      0x00000000   Number         0  libspace.o ABSOLUTE
    ../clib/angel/sys.s                      0x00000000   Number         0  tempstk.o ABSOLUTE
    ../clib/angel/sys.s                      0x00000000   Number         0  use_no_semi.o ABSOLUTE
    ../clib/angel/sys.s                      0x00000000   Number         0  indicate_semi.o ABSOLUTE
    ../clib/angel/sys.s                      0x00000000   Number         0  sys_stackheap_outer.o ABSOLUTE
    ../clib/angel/sysapp.c                   0x00000000   Number         0  sys_exit.o ABSOLUTE
    ../clib/angel/sysapp.c                   0x00000000   Number         0  sys_command.o ABSOLUTE
    ../clib/angel/sysapp.c                   0x00000000   Number         0  sys_wrch.o ABSOLUTE
    ../clib/armsys.c                         0x00000000   Number         0  argv_veneer.o ABSOLUTE
    ../clib/armsys.c                         0x00000000   Number         0  _get_argv_nomalloc.o ABSOLUTE
    ../clib/armsys.c                         0x00000000   Number         0  no_argv.o ABSOLUTE
    ../clib/division.s                       0x00000000   Number         0  aeabi_sdiv_div0.o ABSOLUTE
    ../clib/division.s                       0x00000000   Number         0  aeabi_sdiv.o ABSOLUTE
    ../clib/heapalloc.c                      0x00000000   Number         0  hrguard.o ABSOLUTE
    ../clib/heapaux.c                        0x00000000   Number         0  heapauxi.o ABSOLUTE
    ../clib/libinit.s                        0x00000000   Number         0  libshutdown2.o ABSOLUTE
    ../clib/libinit.s                        0x00000000   Number         0  libshutdown.o ABSOLUTE
    ../clib/libinit.s                        0x00000000   Number         0  libinit.o ABSOLUTE
    ../clib/libinit.s                        0x00000000   Number         0  libinit2.o ABSOLUTE
    ../clib/signal.c                         0x00000000   Number         0  defsig_rtred_inner.o ABSOLUTE
    ../clib/signal.c                         0x00000000   Number         0  defsig_rtmem_inner.o ABSOLUTE
    ../clib/signal.c                         0x00000000   Number         0  defsig_rtmem_formal.o ABSOLUTE
    ../clib/signal.c                         0x00000000   Number         0  defsig_stak_inner.o ABSOLUTE
    ../clib/signal.c                         0x00000000   Number         0  defsig_pvfn_inner.o ABSOLUTE
    ../clib/signal.c                         0x00000000   Number         0  defsig_cppl_inner.o ABSOLUTE
    ../clib/signal.c                         0x00000000   Number         0  defsig_general.o ABSOLUTE
    ../clib/signal.c                         0x00000000   Number         0  defsig_segv_inner.o ABSOLUTE
    ../clib/signal.c                         0x00000000   Number         0  defsig_other.o ABSOLUTE
    ../clib/signal.c                         0x00000000   Number         0  __raise.o ABSOLUTE
    ../clib/signal.c                         0x00000000   Number         0  defsig_rtmem_outer.o ABSOLUTE
    ../clib/signal.c                         0x00000000   Number         0  defsig_fpe_formal.o ABSOLUTE
    ../clib/signal.c                         0x00000000   Number         0  defsig_fpe_outer.o ABSOLUTE
    ../clib/signal.c                         0x00000000   Number         0  defsig_fpe_inner.o ABSOLUTE
    ../clib/signal.c                         0x00000000   Number         0  defsig_exit.o ABSOLUTE
    ../clib/signal.c                         0x00000000   Number         0  defsig_abrt_inner.o ABSOLUTE
    ../clib/signal.s                         0x00000000   Number         0  defsig.o ABSOLUTE
    ../clib/stdlib.c                         0x00000000   Number         0  exit.o ABSOLUTE
    ../fplib/cfplib/fpinit.c                 0x00000000   Number         0  fpinit.o ABSOLUTE
    ..\..\..\..\Library\CMSIS\Include\core_cm0.c 0x00000000   Number         0  core_cm0.o ABSOLUTE
    ..\..\..\..\Library\Device\Nuvoton\NUC1xx\Source\arm\startup_NUC1xx.s 0x00000000   Number         0  startup_nuc1xx.o ABSOLUTE
    ..\..\..\..\Library\Device\Nuvoton\NUC1xx\Source\system_NUC1xx.c 0x00000000   Number         0  system_nuc1xx.o ABSOLUTE
    ..\..\..\..\Library\NUC1xx\Source\GPIO.c 0x00000000   Number         0  gpio.o ABSOLUTE
    ..\..\..\..\Library\NUC1xx\Source\SYS.c  0x00000000   Number         0  sys.o ABSOLUTE
    ..\..\..\NUC1xx-LB_002\Source\Seven_Segment.c 0x00000000   Number         0  seven_segment.o ABSOLUTE
    ..\\..\\..\\..\\Library\\CMSIS\\Include\\core_cm0.c 0x00000000   Number         0  core_cm0.o ABSOLUTE
    ..\main.c                                0x00000000   Number         0  main.o ABSOLUTE
    !!!main                                  0x000000c0   Section        8  __main.o(!!!main)
    !!!scatter                               0x000000c8   Section       60  __scatter.o(!!!scatter)
    !!handler_copy                           0x00000104   Section       26  __scatter_copy.o(!!handler_copy)
    !!handler_zi                             0x00000120   Section       28  __scatter_zi.o(!!handler_zi)
    .ARM.Collect$$libinit$$00000000          0x0000013c   Section        2  libinit.o(.ARM.Collect$$libinit$$00000000)
    .ARM.Collect$$libinit$$00000001          0x0000013e   Section        4  libinit2.o(.ARM.Collect$$libinit$$00000001)
    .ARM.Collect$$libinit$$00000008          0x00000142   Section        0  libinit2.o(.ARM.Collect$$libinit$$00000008)
    .ARM.Collect$$libinit$$0000000A          0x00000142   Section        0  libinit2.o(.ARM.Collect$$libinit$$0000000A)
    .ARM.Collect$$libinit$$0000000C          0x00000142   Section        0  libinit2.o(.ARM.Collect$$libinit$$0000000C)
    .ARM.Collect$$libinit$$0000000F          0x00000142   Section        0  libinit2.o(.ARM.Collect$$libinit$$0000000F)
    .ARM.Collect$$libinit$$00000011          0x00000142   Section        0  libinit2.o(.ARM.Collect$$libinit$$00000011)
    .ARM.Collect$$libinit$$00000013          0x00000142   Section        0  libinit2.o(.ARM.Collect$$libinit$$00000013)
    .ARM.Collect$$libinit$$00000015          0x00000142   Section        0  libinit2.o(.ARM.Collect$$libinit$$00000015)
    .ARM.Collect$$libinit$$00000017          0x00000142   Section        0  libinit2.o(.ARM.Collect$$libinit$$00000017)
    .ARM.Collect$$libinit$$00000019          0x00000142   Section        0  libinit2.o(.ARM.Collect$$libinit$$00000019)
    .ARM.Collect$$libinit$$0000001B          0x00000142   Section        0  libinit2.o(.ARM.Collect$$libinit$$0000001B)
    .ARM.Collect$$libinit$$0000001D          0x00000142   Section        0  libinit2.o(.ARM.Collect$$libinit$$0000001D)
    .ARM.Collect$$libinit$$0000001F          0x00000142   Section        0  libinit2.o(.ARM.Collect$$libinit$$0000001F)
    .ARM.Collect$$libinit$$00000021          0x00000142   Section        0  libinit2.o(.ARM.Collect$$libinit$$00000021)
    .ARM.Collect$$libinit$$00000023          0x00000142   Section        0  libinit2.o(.ARM.Collect$$libinit$$00000023)
    .ARM.Collect$$libinit$$0000002A          0x00000142   Section        0  libinit2.o(.ARM.Collect$$libinit$$0000002A)
    .ARM.Collect$$libinit$$0000002C          0x00000142   Section        0  libinit2.o(.ARM.Collect$$libinit$$0000002C)
    .ARM.Collect$$libinit$$0000002E          0x00000142   Section        0  libinit2.o(.ARM.Collect$$libinit$$0000002E)
    .ARM.Collect$$libinit$$00000030          0x00000142   Section        0  libinit2.o(.ARM.Collect$$libinit$$00000030)
    .ARM.Collect$$libinit$$00000031          0x00000142   Section        2  libinit2.o(.ARM.Collect$$libinit$$00000031)
    .ARM.Collect$$libshutdown$$00000000      0x00000144   Section        2  libshutdown.o(.ARM.Collect$$libshutdown$$00000000)
    .ARM.Collect$$libshutdown$$00000003      0x00000146   Section        0  libshutdown2.o(.ARM.Collect$$libshutdown$$00000003)
    .ARM.Collect$$libshutdown$$00000006      0x00000146   Section        0  libshutdown2.o(.ARM.Collect$$libshutdown$$00000006)
    .ARM.Collect$$libshutdown$$00000009      0x00000146   Section        0  libshutdown2.o(.ARM.Collect$$libshutdown$$00000009)
    .ARM.Collect$$libshutdown$$0000000B      0x00000146   Section        0  libshutdown2.o(.ARM.Collect$$libshutdown$$0000000B)
    .ARM.Collect$$libshutdown$$0000000E      0x00000146   Section        0  libshutdown2.o(.ARM.Collect$$libshutdown$$0000000E)
    .ARM.Collect$$libshutdown$$0000000F      0x00000146   Section        2  libshutdown2.o(.ARM.Collect$$libshutdown$$0000000F)
    .ARM.Collect$$rtentry$$00000000          0x00000148   Section        0  rtentry.o(.ARM.Collect$$rtentry$$00000000)
    .ARM.Collect$$rtentry$$00000002          0x00000148   Section        0  rtentry2.o(.ARM.Collect$$rtentry$$00000002)
    .ARM.Collect$$rtentry$$00000004          0x00000148   Section        6  rtentry4.o(.ARM.Collect$$rtentry$$00000004)
    .ARM.Collect$$rtentry$$00000009          0x0000014e   Section        0  rtentry2.o(.ARM.Collect$$rtentry$$00000009)
    .ARM.Collect$$rtentry$$0000000A          0x0000014e   Section        4  rtentry2.o(.ARM.Collect$$rtentry$$0000000A)
    .ARM.Collect$$rtentry$$0000000C          0x00000152   Section        0  rtentry2.o(.ARM.Collect$$rtentry$$0000000C)
    .ARM.Collect$$rtentry$$0000000D          0x00000152   Section        8  rtentry2.o(.ARM.Collect$$rtentry$$0000000D)
    .ARM.Collect$$rtexit$$00000000           0x0000015a   Section        2  rtexit.o(.ARM.Collect$$rtexit$$00000000)
    .ARM.Collect$$rtexit$$00000002           0x0000015c   Section        0  rtexit2.o(.ARM.Collect$$rtexit$$00000002)
    .ARM.Collect$$rtexit$$00000003           0x0000015c   Section        4  rtexit2.o(.ARM.Collect$$rtexit$$00000003)
    .ARM.Collect$$rtexit$$00000004           0x00000160   Section        6  rtexit2.o(.ARM.Collect$$rtexit$$00000004)
    .text                                    0x00000168   Section      100  startup_nuc1xx.o(.text)
    Default_Handler                          0x00000193   Thumb Code     2  startup_nuc1xx.o(.text)
    .text                                    0x000001cc   Section        0  heapauxi.o(.text)
    .text                                    0x000001d2   Section       62  sys_stackheap_outer.o(.text)
    .text                                    0x00000210   Section        0  exit.o(.text)
    .text                                    0x0000021c   Section        8  libspace.o(.text)
    .text                                    0x00000224   Section        0  sys_exit.o(.text)
    .text                                    0x00000230   Section        2  use_no_semi.o(.text)
    .text                                    0x00000232   Section        0  indicate_semi.o(.text)
    i.BOD_IRQHandler                         0x00000234   Section        0  sys.o(i.BOD_IRQHandler)
    i.DrvGPIO_ClrBit                         0x0000025c   Section        0  gpio.o(i.DrvGPIO_ClrBit)
    i.DrvGPIO_Open                           0x00000288   Section        0  gpio.o(i.DrvGPIO_Open)
    i.DrvGPIO_SetBit                         0x00000310   Section        0  gpio.o(i.DrvGPIO_SetBit)
    i.DrvSYS_Delay                           0x0000033c   Section        0  sys.o(i.DrvSYS_Delay)
    i.EINT0_IRQHandler                       0x00000368   Section        0  gpio.o(i.EINT0_IRQHandler)
    i.EINT1_IRQHandler                       0x0000038c   Section        0  gpio.o(i.EINT1_IRQHandler)
    i.GPAB_IRQHandler                        0x000003b0   Section        0  gpio.o(i.GPAB_IRQHandler)
    i.GPCDE_IRQHandler                       0x000003f4   Section        0  gpio.o(i.GPCDE_IRQHandler)
    i.InitTIMER0                             0x00000440   Section        0  main.o(i.InitTIMER0)
    i.InitTIMER1                             0x000004d0   Section        0  main.o(i.InitTIMER1)
    i.NVIC_EnableIRQ                         0x00000560   Section        0  main.o(i.NVIC_EnableIRQ)
    NVIC_EnableIRQ                           0x00000561   Thumb Code    14  main.o(i.NVIC_EnableIRQ)
    i.PWRWU_IRQHandler                       0x00000574   Section        0  sys.o(i.PWRWU_IRQHandler)
    i.SystemInit                             0x0000059c   Section        0  system_nuc1xx.o(i.SystemInit)
    i.TMR0_IRQHandler                        0x000005a0   Section        0  main.o(i.TMR0_IRQHandler)
    i.TMR1_IRQHandler                        0x000005d4   Section        0  main.o(i.TMR1_IRQHandler)
    i.close_seven_segment                    0x00000698   Section        0  seven_segment.o(i.close_seven_segment)
    i.main                                   0x000006bc   Section        0  main.o(i.main)
    i.show_seven_segment                     0x00000748   Section        0  seven_segment.o(i.show_seven_segment)
    .data                                    0x20000000   Section       28  system_nuc1xx.o(.data)
    .data                                    0x2000001c   Section       13  main.o(.data)
    .data                                    0x2000002c   Section       16  gpio.o(.data)
    _pfGPABCallback                          0x2000002c   Data           4  gpio.o(.data)
    _pfGPCDECallback                         0x20000030   Data           4  gpio.o(.data)
    _pfEINT0Callback                         0x20000034   Data           4  gpio.o(.data)
    _pfEINT1Callback                         0x20000038   Data           4  gpio.o(.data)
    .data                                    0x2000003c   Section        8  sys.o(.data)
    BOD_callbackFn                           0x2000003c   Data           4  sys.o(.data)
    PWRWU_callbackFn                         0x20000040   Data           4  sys.o(.data)
    .data                                    0x20000044   Section       16  seven_segment.o(.data)
    .bss                                     0x20000054   Section       96  libspace.o(.bss)
    HEAP                                     0x200000b8   Section        0  startup_nuc1xx.o(HEAP)
    STACK                                    0x200000b8   Section     1024  startup_nuc1xx.o(STACK)
    Heap_Mem                                 0x200000b8   Data           0  startup_nuc1xx.o(HEAP)
    Stack_Mem                                0x200000b8   Data        1024  startup_nuc1xx.o(STACK)
    __initial_sp                             0x200004b8   Data           0  startup_nuc1xx.o(STACK)

    Global Symbols

    Symbol Name                              Value     Ov Type        Size  Object(Section)

    BuildAttributes$$THM_ISAv3M$S$PE$A:L22$X:L11$S22$IEEE1$IW$USESV6$~STKCKD$USESV7$~SHL$OSPACE$ROPI$EBA8$UX$STANDARDLIB$REQ8$PRES8$EABIv2 0x00000000   Number         0  anon$$obj.o ABSOLUTE
    __ARM_use_no_argv                        0x00000000   Number         0  main.o ABSOLUTE
    __Vectors                                0x00000000   Data           4  startup_nuc1xx.o(RESET)
    __ARM_exceptions_init                     - Undefined Weak Reference
    __alloca_initialize                       - Undefined Weak Reference
    __cpp_initialize__aeabi_                  - Undefined Weak Reference
    __cxa_finalize                            - Undefined Weak Reference
    __rt_locale                               - Undefined Weak Reference
    __sigvec_lookup                           - Undefined Weak Reference
    _atexit_init                              - Undefined Weak Reference
    _call_atexit_fns                          - Undefined Weak Reference
    _clock_init                               - Undefined Weak Reference
    _fp_trap_init                             - Undefined Weak Reference
    _fp_trap_shutdown                         - Undefined Weak Reference
    _get_lc_collate                           - Undefined Weak Reference
    _get_lc_ctype                             - Undefined Weak Reference
    _get_lc_monetary                          - Undefined Weak Reference
    _get_lc_numeric                           - Undefined Weak Reference
    _get_lc_time                              - Undefined Weak Reference
    _getenv_init                              - Undefined Weak Reference
    _handle_redirection                       - Undefined Weak Reference
    _init_alloc                               - Undefined Weak Reference
    _init_user_alloc                          - Undefined Weak Reference
    _initio                                   - Undefined Weak Reference
    _rand_init                                - Undefined Weak Reference
    _signal_finish                            - Undefined Weak Reference
    _signal_init                              - Undefined Weak Reference
    _terminate_alloc                          - Undefined Weak Reference
    _terminate_user_alloc                     - Undefined Weak Reference
    _terminateio                              - Undefined Weak Reference
    __main                                   0x000000c1   Thumb Code     8  __main.o(!!!main)
    __scatterload                            0x000000c9   Thumb Code     0  __scatter.o(!!!scatter)
    __scatterload_rt2                        0x000000c9   Thumb Code    52  __scatter.o(!!!scatter)
    __scatterload_rt2_thumb_only             0x000000c9   Thumb Code     0  __scatter.o(!!!scatter)
    __scatterload_null                       0x000000d9   Thumb Code     0  __scatter.o(!!!scatter)
    __scatterload_copy                       0x00000105   Thumb Code    26  __scatter_copy.o(!!handler_copy)
    __scatterload_zeroinit                   0x00000121   Thumb Code    28  __scatter_zi.o(!!handler_zi)
    __rt_lib_init                            0x0000013d   Thumb Code     0  libinit.o(.ARM.Collect$$libinit$$00000000)
    __rt_lib_init_fp_1                       0x0000013f   Thumb Code     0  libinit2.o(.ARM.Collect$$libinit$$00000001)
    __rt_lib_init_alloca_1                   0x00000143   Thumb Code     0  libinit2.o(.ARM.Collect$$libinit$$0000002C)
    __rt_lib_init_argv_1                     0x00000143   Thumb Code     0  libinit2.o(.ARM.Collect$$libinit$$0000002A)
    __rt_lib_init_atexit_1                   0x00000143   Thumb Code     0  libinit2.o(.ARM.Collect$$libinit$$00000019)
    __rt_lib_init_clock_1                    0x00000143   Thumb Code     0  libinit2.o(.ARM.Collect$$libinit$$0000001F)
    __rt_lib_init_cpp_1                      0x00000143   Thumb Code     0  libinit2.o(.ARM.Collect$$libinit$$00000030)
    __rt_lib_init_exceptions_1               0x00000143   Thumb Code     0  libinit2.o(.ARM.Collect$$libinit$$0000002E)
    __rt_lib_init_fp_trap_1                  0x00000143   Thumb Code     0  libinit2.o(.ARM.Collect$$libinit$$0000001D)
    __rt_lib_init_getenv_1                   0x00000143   Thumb Code     0  libinit2.o(.ARM.Collect$$libinit$$00000021)
    __rt_lib_init_heap_1                     0x00000143   Thumb Code     0  libinit2.o(.ARM.Collect$$libinit$$00000008)
    __rt_lib_init_lc_collate_1               0x00000143   Thumb Code     0  libinit2.o(.ARM.Collect$$libinit$$0000000F)
    __rt_lib_init_lc_ctype_1                 0x00000143   Thumb Code     0  libinit2.o(.ARM.Collect$$libinit$$00000011)
    __rt_lib_init_lc_monetary_1              0x00000143   Thumb Code     0  libinit2.o(.ARM.Collect$$libinit$$00000013)
    __rt_lib_init_lc_numeric_1               0x00000143   Thumb Code     0  libinit2.o(.ARM.Collect$$libinit$$00000015)
    __rt_lib_init_lc_time_1                  0x00000143   Thumb Code     0  libinit2.o(.ARM.Collect$$libinit$$00000017)
    __rt_lib_init_rand_1                     0x00000143   Thumb Code     0  libinit2.o(.ARM.Collect$$libinit$$0000000C)
    __rt_lib_init_return                     0x00000143   Thumb Code     0  libinit2.o(.ARM.Collect$$libinit$$00000031)
    __rt_lib_init_signal_1                   0x00000143   Thumb Code     0  libinit2.o(.ARM.Collect$$libinit$$0000001B)
    __rt_lib_init_stdio_1                    0x00000143   Thumb Code     0  libinit2.o(.ARM.Collect$$libinit$$00000023)
    __rt_lib_init_user_alloc_1               0x00000143   Thumb Code     0  libinit2.o(.ARM.Collect$$libinit$$0000000A)
    __rt_lib_shutdown                        0x00000145   Thumb Code     0  libshutdown.o(.ARM.Collect$$libshutdown$$00000000)
    __rt_lib_shutdown_fp_trap_1              0x00000147   Thumb Code     0  libshutdown2.o(.ARM.Collect$$libshutdown$$00000006)
    __rt_lib_shutdown_heap_1                 0x00000147   Thumb Code     0  libshutdown2.o(.ARM.Collect$$libshutdown$$0000000E)
    __rt_lib_shutdown_return                 0x00000147   Thumb Code     0  libshutdown2.o(.ARM.Collect$$libshutdown$$0000000F)
    __rt_lib_shutdown_signal_1               0x00000147   Thumb Code     0  libshutdown2.o(.ARM.Collect$$libshutdown$$00000009)
    __rt_lib_shutdown_stdio_1                0x00000147   Thumb Code     0  libshutdown2.o(.ARM.Collect$$libshutdown$$00000003)
    __rt_lib_shutdown_user_alloc_1           0x00000147   Thumb Code     0  libshutdown2.o(.ARM.Collect$$libshutdown$$0000000B)
    __rt_entry                               0x00000149   Thumb Code     0  rtentry.o(.ARM.Collect$$rtentry$$00000000)
    __rt_entry_presh_1                       0x00000149   Thumb Code     0  rtentry2.o(.ARM.Collect$$rtentry$$00000002)
    __rt_entry_sh                            0x00000149   Thumb Code     0  rtentry4.o(.ARM.Collect$$rtentry$$00000004)
    __rt_entry_li                            0x0000014f   Thumb Code     0  rtentry2.o(.ARM.Collect$$rtentry$$0000000A)
    __rt_entry_postsh_1                      0x0000014f   Thumb Code     0  rtentry2.o(.ARM.Collect$$rtentry$$00000009)
    __rt_entry_main                          0x00000153   Thumb Code     0  rtentry2.o(.ARM.Collect$$rtentry$$0000000D)
    __rt_entry_postli_1                      0x00000153   Thumb Code     0  rtentry2.o(.ARM.Collect$$rtentry$$0000000C)
    __rt_exit                                0x0000015b   Thumb Code     0  rtexit.o(.ARM.Collect$$rtexit$$00000000)
    __rt_exit_ls                             0x0000015d   Thumb Code     0  rtexit2.o(.ARM.Collect$$rtexit$$00000003)
    __rt_exit_prels_1                        0x0000015d   Thumb Code     0  rtexit2.o(.ARM.Collect$$rtexit$$00000002)
    __rt_exit_exit                           0x00000161   Thumb Code     0  rtexit2.o(.ARM.Collect$$rtexit$$00000004)
    Reset_Handler                            0x00000169   Thumb Code    32  startup_nuc1xx.o(.text)
    NMI_Handler                              0x00000189   Thumb Code     2  startup_nuc1xx.o(.text)
    HardFault_Handler                        0x0000018b   Thumb Code     2  startup_nuc1xx.o(.text)
    SVC_Handler                              0x0000018d   Thumb Code     2  startup_nuc1xx.o(.text)
    PendSV_Handler                           0x0000018f   Thumb Code     2  startup_nuc1xx.o(.text)
    SysTick_Handler                          0x00000191   Thumb Code     2  startup_nuc1xx.o(.text)
    ACMP_IRQHandler                          0x00000193   Thumb Code     0  startup_nuc1xx.o(.text)
    ADC_IRQHandler                           0x00000193   Thumb Code     0  startup_nuc1xx.o(.text)
    CAN0_IRQHandler                          0x00000193   Thumb Code     0  startup_nuc1xx.o(.text)
    I2C0_IRQHandler                          0x00000193   Thumb Code     0  startup_nuc1xx.o(.text)
    I2C1_IRQHandler                          0x00000193   Thumb Code     0  startup_nuc1xx.o(.text)
    I2S_IRQHandler                           0x00000193   Thumb Code     0  startup_nuc1xx.o(.text)
    PDMA_IRQHandler                          0x00000193   Thumb Code     0  startup_nuc1xx.o(.text)
    PS2_IRQHandler                           0x00000193   Thumb Code     0  startup_nuc1xx.o(.text)
    PWMA_IRQHandler                          0x00000193   Thumb Code     0  startup_nuc1xx.o(.text)
    PWMB_IRQHandler                          0x00000193   Thumb Code     0  startup_nuc1xx.o(.text)
    RTC_IRQHandler                           0x00000193   Thumb Code     0  startup_nuc1xx.o(.text)
    SPI0_IRQHandler                          0x00000193   Thumb Code     0  startup_nuc1xx.o(.text)
    SPI1_IRQHandler                          0x00000193   Thumb Code     0  startup_nuc1xx.o(.text)
    SPI2_IRQHandler                          0x00000193   Thumb Code     0  startup_nuc1xx.o(.text)
    SPI3_IRQHandler                          0x00000193   Thumb Code     0  startup_nuc1xx.o(.text)
    TMR2_IRQHandler                          0x00000193   Thumb Code     0  startup_nuc1xx.o(.text)
    TMR3_IRQHandler                          0x00000193   Thumb Code     0  startup_nuc1xx.o(.text)
    UART02_IRQHandler                        0x00000193   Thumb Code     0  startup_nuc1xx.o(.text)
    UART1_IRQHandler                         0x00000193   Thumb Code     0  startup_nuc1xx.o(.text)
    USBD_IRQHandler                          0x00000193   Thumb Code     0  startup_nuc1xx.o(.text)
    WDT_IRQHandler                           0x00000193   Thumb Code     0  startup_nuc1xx.o(.text)
    __user_initial_stackheap                 0x00000195   Thumb Code     0  startup_nuc1xx.o(.text)
    __use_two_region_memory                  0x000001cd   Thumb Code     2  heapauxi.o(.text)
    __rt_heap_escrow$2region                 0x000001cf   Thumb Code     2  heapauxi.o(.text)
    __rt_heap_expand$2region                 0x000001d1   Thumb Code     2  heapauxi.o(.text)
    __user_setup_stackheap                   0x000001d3   Thumb Code    62  sys_stackheap_outer.o(.text)
    exit                                     0x00000211   Thumb Code    12  exit.o(.text)
    __user_libspace                          0x0000021d   Thumb Code     8  libspace.o(.text)
    __user_perproc_libspace                  0x0000021d   Thumb Code     0  libspace.o(.text)
    __user_perthread_libspace                0x0000021d   Thumb Code     0  libspace.o(.text)
    _sys_exit                                0x00000225   Thumb Code     8  sys_exit.o(.text)
    __I$use$semihosting                      0x00000231   Thumb Code     0  use_no_semi.o(.text)
    __use_no_semihosting_swi                 0x00000231   Thumb Code     2  use_no_semi.o(.text)
    __semihosting_library_function           0x00000233   Thumb Code     0  indicate_semi.o(.text)
    BOD_IRQHandler                           0x00000235   Thumb Code    36  sys.o(i.BOD_IRQHandler)
    DrvGPIO_ClrBit                           0x0000025d   Thumb Code    36  gpio.o(i.DrvGPIO_ClrBit)
    DrvGPIO_Open                             0x00000289   Thumb Code   126  gpio.o(i.DrvGPIO_Open)
    DrvGPIO_SetBit                           0x00000311   Thumb Code    36  gpio.o(i.DrvGPIO_SetBit)
    DrvSYS_Delay                             0x0000033d   Thumb Code    36  sys.o(i.DrvSYS_Delay)
    EINT0_IRQHandler                         0x00000369   Thumb Code    26  gpio.o(i.EINT0_IRQHandler)
    EINT1_IRQHandler                         0x0000038d   Thumb Code    26  gpio.o(i.EINT1_IRQHandler)
    GPAB_IRQHandler                          0x000003b1   Thumb Code    60  gpio.o(i.GPAB_IRQHandler)
    GPCDE_IRQHandler                         0x000003f5   Thumb Code    68  gpio.o(i.GPCDE_IRQHandler)
    InitTIMER0                               0x00000441   Thumb Code   134  main.o(i.InitTIMER0)
    InitTIMER1                               0x000004d1   Thumb Code   136  main.o(i.InitTIMER1)
    PWRWU_IRQHandler                         0x00000575   Thumb Code    32  sys.o(i.PWRWU_IRQHandler)
    SystemInit                               0x0000059d   Thumb Code     2  system_nuc1xx.o(i.SystemInit)
    TMR0_IRQHandler                          0x000005a1   Thumb Code    42  main.o(i.TMR0_IRQHandler)
    TMR1_IRQHandler                          0x000005d5   Thumb Code   186  main.o(i.TMR1_IRQHandler)
    close_seven_segment                      0x00000699   Thumb Code    36  seven_segment.o(i.close_seven_segment)
    main                                     0x000006bd   Thumb Code   118  main.o(i.main)
    show_seven_segment                       0x00000749   Thumb Code    60  seven_segment.o(i.show_seven_segment)
    Region$$Table$$Base                      0x00000788   Number         0  anon$$obj.o(Region$$Table)
    Region$$Table$$Limit                     0x000007a8   Number         0  anon$$obj.o(Region$$Table)
    SystemCoreClock                          0x20000000   Data           4  system_nuc1xx.o(.data)
    CyclesPerUs                              0x20000004   Data           4  system_nuc1xx.o(.data)
    gau32ClkSrcTbl                           0x20000008   Data          20  system_nuc1xx.o(.data)
    counter                                  0x2000001c   Data           4  main.o(.data)
    TimerCounter                             0x20000020   Data           4  main.o(.data)
    a                                        0x20000024   Data           5  main.o(.data)
    SEG_BUF                                  0x20000044   Data          16  seven_segment.o(.data)
    __libspace_start                         0x20000054   Data          96  libspace.o(.bss)
    __temporary_stack_top$libspace           0x200000b4   Data           0  libspace.o(.bss)



==============================================================================

Memory Map of the image

  Image Entry point : 0x00000169

  Load Region LR_1 (Base: 0x00000000, Size: 0x000007fc, Max: 0xffffffff, ABSOLUTE)

    Execution Region ER_RO (Base: 0x00000000, Size: 0x000007a8, Max: 0xffffffff, ABSOLUTE)

    Base Addr    Size         Type   Attr      Idx    E Section Name        Object

    0x00000000   0x000000c0   Data   RO           55    RESET               startup_nuc1xx.o
    0x000000c0   0x00000008   Code   RO          698  * !!!main             c_p.l(__main.o)
    0x000000c8   0x0000003c   Code   RO          864    !!!scatter          c_p.l(__scatter.o)
    0x00000104   0x0000001a   Code   RO          866    !!handler_copy      c_p.l(__scatter_copy.o)
    0x0000011e   0x00000002   PAD
    0x00000120   0x0000001c   Code   RO          868    !!handler_zi        c_p.l(__scatter_zi.o)
    0x0000013c   0x00000002   Code   RO          736    .ARM.Collect$$libinit$$00000000  c_p.l(libinit.o)
    0x0000013e   0x00000004   Code   RO          749    .ARM.Collect$$libinit$$00000001  c_p.l(libinit2.o)
    0x00000142   0x00000000   Code   RO          753    .ARM.Collect$$libinit$$00000008  c_p.l(libinit2.o)
    0x00000142   0x00000000   Code   RO          755    .ARM.Collect$$libinit$$0000000A  c_p.l(libinit2.o)
    0x00000142   0x00000000   Code   RO          757    .ARM.Collect$$libinit$$0000000C  c_p.l(libinit2.o)
    0x00000142   0x00000000   Code   RO          760    .ARM.Collect$$libinit$$0000000F  c_p.l(libinit2.o)
    0x00000142   0x00000000   Code   RO          762    .ARM.Collect$$libinit$$00000011  c_p.l(libinit2.o)
    0x00000142   0x00000000   Code   RO          764    .ARM.Collect$$libinit$$00000013  c_p.l(libinit2.o)
    0x00000142   0x00000000   Code   RO          766    .ARM.Collect$$libinit$$00000015  c_p.l(libinit2.o)
    0x00000142   0x00000000   Code   RO          768    .ARM.Collect$$libinit$$00000017  c_p.l(libinit2.o)
    0x00000142   0x00000000   Code   RO          770    .ARM.Collect$$libinit$$00000019  c_p.l(libinit2.o)
    0x00000142   0x00000000   Code   RO          772    .ARM.Collect$$libinit$$0000001B  c_p.l(libinit2.o)
    0x00000142   0x00000000   Code   RO          774    .ARM.Collect$$libinit$$0000001D  c_p.l(libinit2.o)
    0x00000142   0x00000000   Code   RO          776    .ARM.Collect$$libinit$$0000001F  c_p.l(libinit2.o)
    0x00000142   0x00000000   Code   RO          778    .ARM.Collect$$libinit$$00000021  c_p.l(libinit2.o)
    0x00000142   0x00000000   Code   RO          780    .ARM.Collect$$libinit$$00000023  c_p.l(libinit2.o)
    0x00000142   0x00000000   Code   RO          784    .ARM.Collect$$libinit$$0000002A  c_p.l(libinit2.o)
    0x00000142   0x00000000   Code   RO          786    .ARM.Collect$$libinit$$0000002C  c_p.l(libinit2.o)
    0x00000142   0x00000000   Code   RO          788    .ARM.Collect$$libinit$$0000002E  c_p.l(libinit2.o)
    0x00000142   0x00000000   Code   RO          790    .ARM.Collect$$libinit$$00000030  c_p.l(libinit2.o)
    0x00000142   0x00000002   Code   RO          791    .ARM.Collect$$libinit$$00000031  c_p.l(libinit2.o)
    0x00000144   0x00000002   Code   RO          822    .ARM.Collect$$libshutdown$$00000000  c_p.l(libshutdown.o)
    0x00000146   0x00000000   Code   RO          849    .ARM.Collect$$libshutdown$$00000003  c_p.l(libshutdown2.o)
    0x00000146   0x00000000   Code   RO          852    .ARM.Collect$$libshutdown$$00000006  c_p.l(libshutdown2.o)
    0x00000146   0x00000000   Code   RO          855    .ARM.Collect$$libshutdown$$00000009  c_p.l(libshutdown2.o)
    0x00000146   0x00000000   Code   RO          857    .ARM.Collect$$libshutdown$$0000000B  c_p.l(libshutdown2.o)
    0x00000146   0x00000000   Code   RO          860    .ARM.Collect$$libshutdown$$0000000E  c_p.l(libshutdown2.o)
    0x00000146   0x00000002   Code   RO          861    .ARM.Collect$$libshutdown$$0000000F  c_p.l(libshutdown2.o)
    0x00000148   0x00000000   Code   RO          700    .ARM.Collect$$rtentry$$00000000  c_p.l(rtentry.o)
    0x00000148   0x00000000   Code   RO          706    .ARM.Collect$$rtentry$$00000002  c_p.l(rtentry2.o)
    0x00000148   0x00000006   Code   RO          718    .ARM.Collect$$rtentry$$00000004  c_p.l(rtentry4.o)
    0x0000014e   0x00000000   Code   RO          708    .ARM.Collect$$rtentry$$00000009  c_p.l(rtentry2.o)
    0x0000014e   0x00000004   Code   RO          709    .ARM.Collect$$rtentry$$0000000A  c_p.l(rtentry2.o)
    0x00000152   0x00000000   Code   RO          711    .ARM.Collect$$rtentry$$0000000C  c_p.l(rtentry2.o)
    0x00000152   0x00000008   Code   RO          712    .ARM.Collect$$rtentry$$0000000D  c_p.l(rtentry2.o)
    0x0000015a   0x00000002   Code   RO          741    .ARM.Collect$$rtexit$$00000000  c_p.l(rtexit.o)
    0x0000015c   0x00000000   Code   RO          795    .ARM.Collect$$rtexit$$00000002  c_p.l(rtexit2.o)
    0x0000015c   0x00000004   Code   RO          796    .ARM.Collect$$rtexit$$00000003  c_p.l(rtexit2.o)
    0x00000160   0x00000006   Code   RO          797    .ARM.Collect$$rtexit$$00000004  c_p.l(rtexit2.o)
    0x00000166   0x00000002   PAD
    0x00000168   0x00000064   Code   RO           56  * .text               startup_nuc1xx.o
    0x000001cc   0x00000006   Code   RO          696    .text               c_p.l(heapauxi.o)
    0x000001d2   0x0000003e   Code   RO          722    .text               c_p.l(sys_stackheap_outer.o)
    0x00000210   0x0000000c   Code   RO          725    .text               c_p.l(exit.o)
    0x0000021c   0x00000008   Code   RO          737    .text               c_p.l(libspace.o)
    0x00000224   0x0000000c   Code   RO          792    .text               c_p.l(sys_exit.o)
    0x00000230   0x00000002   Code   RO          811    .text               c_p.l(use_no_semi.o)
    0x00000232   0x00000000   Code   RO          813    .text               c_p.l(indicate_semi.o)
    0x00000232   0x00000002   PAD
    0x00000234   0x00000028   Code   RO          368    i.BOD_IRQHandler    sys.o
    0x0000025c   0x0000002c   Code   RO          131    i.DrvGPIO_ClrBit    gpio.o
    0x00000288   0x00000088   Code   RO          154    i.DrvGPIO_Open      gpio.o
    0x00000310   0x0000002c   Code   RO          155    i.DrvGPIO_SetBit    gpio.o
    0x0000033c   0x0000002c   Code   RO          371    i.DrvSYS_Delay      sys.o
    0x00000368   0x00000024   Code   RO          161    i.EINT0_IRQHandler  gpio.o
    0x0000038c   0x00000024   Code   RO          162    i.EINT1_IRQHandler  gpio.o
    0x000003b0   0x00000044   Code   RO          163    i.GPAB_IRQHandler   gpio.o
    0x000003f4   0x0000004c   Code   RO          164    i.GPCDE_IRQHandler  gpio.o
    0x00000440   0x00000090   Code   RO           60    i.InitTIMER0        main.o
    0x000004d0   0x00000090   Code   RO           61    i.InitTIMER1        main.o
    0x00000560   0x00000014   Code   RO           62    i.NVIC_EnableIRQ    main.o
    0x00000574   0x00000028   Code   RO          416    i.PWRWU_IRQHandler  sys.o
    0x0000059c   0x00000002   Code   RO           18    i.SystemInit        system_nuc1xx.o
    0x0000059e   0x00000002   PAD
    0x000005a0   0x00000034   Code   RO           63    i.TMR0_IRQHandler   main.o
    0x000005d4   0x000000c4   Code   RO           64    i.TMR1_IRQHandler   main.o
    0x00000698   0x00000024   Code   RO          668    i.close_seven_segment  seven_segment.o
    0x000006bc   0x0000008c   Code   RO           65    i.main              main.o
    0x00000748   0x00000040   Code   RO          669    i.show_seven_segment  seven_segment.o
    0x00000788   0x00000020   Data   RO          862    Region$$Table       anon$$obj.o


    Execution Region ER_RW (Base: 0x20000000, Size: 0x00000054, Max: 0xffffffff, ABSOLUTE)

    Base Addr    Size         Type   Attr      Idx    E Section Name        Object

    0x20000000   0x0000001c   Data   RW           19    .data               system_nuc1xx.o
    0x2000001c   0x0000000d   Data   RW           66    .data               main.o
    0x20000029   0x00000003   PAD
    0x2000002c   0x00000010   Data   RW          168    .data               gpio.o
    0x2000003c   0x00000008   Data   RW          418    .data               sys.o
    0x20000044   0x00000010   Data   RW          670    .data               seven_segment.o


    Execution Region ER_ZI (Base: 0x20000054, Size: 0x00000464, Max: 0xffffffff, ABSOLUTE)

    Base Addr    Size         Type   Attr      Idx    E Section Name        Object

    0x20000054   0x00000060   Zero   RW          738    .bss                c_p.l(libspace.o)
    0x200000b4   0x00000004   PAD
    0x200000b8   0x00000000   Zero   RW           54    HEAP                startup_nuc1xx.o
    0x200000b8   0x00000400   Zero   RW           53    STACK               startup_nuc1xx.o


==============================================================================

Image component sizes


      Code (inc. data)   RO Data    RW Data    ZI Data      Debug   Object Name

         0          0          0          0          0       4304   core_cm0.o
       440         62          0         16          0       5084   gpio.o
       696         66          0         13          0     136094   main.o
       100          4          0         16          0       2245   seven_segment.o
       100         46        192          0       1024        728   startup_nuc1xx.o
       124         20          0          8          0       1755   sys.o
         2          0          0         28          0       1346   system_nuc1xx.o

    ----------------------------------------------------------------------
      1464        198        224         84       1024     151556   Object Totals
         0          0         32          0          0          0   (incl. Generated)
         2          0          0          3          0          0   (incl. Padding)

    ----------------------------------------------------------------------

      Code (inc. data)   RO Data    RW Data    ZI Data      Debug   Library Member Name

         8          0          0          0          0         68   __main.o
        60          8          0          0          0          0   __scatter.o
        26          0          0          0          0          0   __scatter_copy.o
        28          0          0          0          0          0   __scatter_zi.o
        12          0          0          0          0         64   exit.o
         6          0          0          0          0        136   heapauxi.o
         0          0          0          0          0          0   indicate_semi.o
         2          0          0          0          0          0   libinit.o
         6          0          0          0          0          0   libinit2.o
         2          0          0          0          0          0   libshutdown.o
         2          0          0          0          0          0   libshutdown2.o
         8          4          0          0         96         68   libspace.o
         0          0          0          0          0          0   rtentry.o
        12          0          0          0          0          0   rtentry2.o
         6          0          0          0          0          0   rtentry4.o
         2          0          0          0          0          0   rtexit.o
        10          0          0          0          0          0   rtexit2.o
        12          4          0          0          0         60   sys_exit.o
        62          0          0          0          0         80   sys_stackheap_outer.o
         2          0          0          0          0         68   use_no_semi.o

    ----------------------------------------------------------------------
       272         16          0          0        100        544   Library Totals
         6          0          0          0          4          0   (incl. Padding)

    ----------------------------------------------------------------------

      Code (inc. data)   RO Data    RW Data    ZI Data      Debug   Library Name

       266         16          0          0         96        544   c_p.l

    ----------------------------------------------------------------------
       272         16          0          0        100        544   Library Totals

    ----------------------------------------------------------------------

==============================================================================


      Code (inc. data)   RO Data    RW Data    ZI Data      Debug   

      1736        214        224         84       1124     151304   Grand Totals
      1736        214        224         84       1124     151304   ELF Image Totals
      1736        214        224         84          0          0   ROM Totals

==============================================================================

    Total RO  Size (Code + RO Data)                 1960 (   1.91kB)
    Total RW  Size (RW Data + ZI Data)              1208 (   1.18kB)
    Total ROM Size (Code + RO Data + RW Data)       2044 (   2.00kB)

==============================================================================

