<html>
<body>
<pre>
<h1>µVision Build Log</h1>
<h2>Project:</h2>
C:\Users\User\Desktop\Lab0\NUC140BSP_EDU\Library\SampleCode\1129\Keil\Smpl_Clk_2.uvproj
Project File Date:  10/22/2015

<h2>Output:</h2>
Build target 'Smpl_Clk_2'
creating preprocessor file for main.c...
compiling main.c...
linking...
Program Size: Code=1736 RO-data=224 RW-data=84 ZI-data=1124  
After Build - User command #1: fromelf --bin ".\obj\Smpl_Timer_Lab3_1.axf" --output ".\obj\Smpl_Timer_Lab3_1.bin"
After Build - User command #2: fromelf --text -c ".\obj\Smpl_Timer_Lab3_1.axf" --output ".\obj\Smpl_Timer_Lab3_1.txt"
".\obj\Smpl_Timer_Lab3_1.axf" - 0 Error(s), 0 Warning(s).
Load "C:\\Users\\User\\Desktop\\Lab0\\NUC140BSP_EDU\\Library\\SampleCode\\1129\\Keil\\obj\\Smpl_Timer_Lab3_1.axf" 
</pre>
</body>
</html>
...
compiling Seven_Segment.c...
".\obj\Smpl_Timer_Lab3_1.axf" - 2 Error(s), 0 Warning(s).
Target not created
