<html>
<body>
<pre>
<h1>µVision Build Log</h1>
<h2>Project:</h2>
D:\Nuvoton\NUC140BSP_720A\Library\Create_Project\Smpl_Timer_LED\Keil\Smpl_Timer.uvproj
Project File Date:  08/18/2014

<h2>Output:</h2>
Build target 'Smpl_Timer'
creating preprocessor file for core_cm0.c...
creating preprocessor file for main.c...
compiling main.c...
creating preprocessor file for Seven_Segment.c...
compiling Seven_Segment.c...
linking...
Program Size: Code=1740 RO-data=224 RW-data=72 ZI-data=1120  
After Build - User command #1: fromelf --bin ".\obj\Smpl_Timer.axf" --output ".\obj\Smpl_Timer.bin"
After Build - User command #2: fromelf --text -c ".\obj\Smpl_Timer.axf" --output ".\obj\Smpl_Timer.txt"
".\obj\Smpl_Timer.axf" - 0 Error(s), 0 Warning(s).
Load "D:\\Nuvoton\\NUC140BSP_720A\\Library\\Create_Project\\Smpl_Timer_LED\\Keil\\obj\\Smpl_Timer.axf" 
</pre>
</body>
</html>
