<html>
<body>
<pre>
<h1>µVision Build Log</h1>
<h2>Project:</h2>
C:\Nuvoton\M451BSP\SampleCode\161123\Keil\Template.uvproj
Project File Date:  11/23/2016

<h2>Output:</h2>
Build target 'Template'
linking...
Program Size: Code=4044 RO-data=440 RW-data=52 ZI-data=1124  
User command #1: fromelf --bin ".\obj\template.axf" --output ".\obj\template.bin"
User command #2: fromelf --text -c ".\obj\template.axf" --output ".\obj\template.txt"
".\obj\template.axf" - 0 Error(s), 0 Warning(s).
Load "C:\\Nuvoton\\M451BSP\\SampleCode\\161123\\Keil\\obj\\template.AXF" 
Build target 'Template'
linking...
Program Size: Code=4044 RO-data=440 RW-data=52 ZI-data=1124  
User command #1: fromelf --bin ".\obj\template.axf" --output ".\obj\template.bin"
User command #2: fromelf --text -c ".\obj\template.axf" --output ".\obj\template.txt"
".\obj\template.axf" - 0 Error(s), 0 Warning(s).
Load "C:\\Nuvoton\\M451BSP\\SampleCode\\161123\\Keil\\obj\\template.AXF" 
