<html>
<body>
<pre>
<h1>µVision Build Log</h1>
<h2>Project:</h2>
C:\Users\User\Desktop\Lab0\NUC140BSP_EDU\Library\SampleCode\1129_LCD\Keil\Smpl_Timer.uvproj
Project File Date:  11/14/2016

<h2>Output:</h2>
Build target 'Smpl_Timer'
linking...
Program Size: Code=7668 RO-data=240 RW-data=2100 ZI-data=2228  
After Build - User command #1: fromelf --bin ".\obj\Smpl_Timer.axf" --output ".\obj\Smpl_Timer.bin"
After Build - User command #2: fromelf --text -c ".\obj\Smpl_Timer.axf" --output ".\obj\Smpl_Timer.txt"
".\obj\Smpl_Timer.axf" - 0 Error(s), 0 Warning(s).
Load "C:\\Users\\User\\Desktop\\Lab0\\NUC140BSP_EDU\\Library\\SampleCode\\1129_LCD\\Keil\\obj\\Smpl_Timer.axf" 
Load "C:\\Users\\User\\Desktop\\Lab0\\NUC140BSP_EDU\\Library\\SampleCode\\1129_LCD\\Keil\\obj\\Smpl_Timer.axf" 
</pre>
</body>
</html>
SP_EDU\\Library\\SampleCode\\1129_LCD\\Keil\\obj\\Smpl_Timer.axf" 
D (referred from main.o).
.\obj\Smpl_Timer.axf: Error: L6218E: Undefined symbol print_Line (referred from main.o).
Not enough information to list image symbols.
Finished: 1 information, 0 warning and 3 error messages.
".\obj\Smpl_Timer.axf" - 3 Error(s), 1 Warning(s).
Target not created
